[2019-10-03T16:00:54.099-0100][gc,heap] Heap region size: 1M
[2019-10-03T16:00:54.114-0100][gc     ] Using G1
[2019-10-03T16:00:54.114-0100][gc,heap,coops] Heap address: 0x00000007c0000000, size: 1024 MB, Compressed Oops mode: Zero based, Oop shift amount: 3
[2019-10-03T16:00:54.114-0100][gc,cds       ] Mark closed archive regions in map: [0x00000007fff00000, 0x00000007fff6fff8]
[2019-10-03T16:00:54.114-0100][gc,cds       ] Mark open archive regions in map: [0x00000007ffe00000, 0x00000007ffe45ff8]
[2019-10-03T16:00:54.137-0100][gc           ] Periodic GC disabled
[2019-10-03T16:00:56.573-0100][gc,start     ] GC(0) Pause Young (Normal) (G1 Evacuation Pause)
[2019-10-03T16:00:56.575-0100][gc,task      ] GC(0) Using 8 workers of 8 for evacuation
[2019-10-03T16:00:56.600-0100][gc,mmu       ] GC(0) MMU target violated: 21.0ms (20.0ms/21.0ms)
[2019-10-03T16:00:56.600-0100][gc,phases    ] GC(0)   Pre Evacuate Collection Set: 0.1ms
[2019-10-03T16:00:56.600-0100][gc,phases    ] GC(0)   Evacuate Collection Set: 23.9ms
[2019-10-03T16:00:56.600-0100][gc,phases    ] GC(0)   Post Evacuate Collection Set: 0.5ms
[2019-10-03T16:00:56.600-0100][gc,phases    ] GC(0)   Other: 3.3ms
[2019-10-03T16:00:56.600-0100][gc,heap      ] GC(0) Eden regions: 51->0(44)
[2019-10-03T16:00:56.600-0100][gc,heap      ] GC(0) Survivor regions: 0->7(7)
[2019-10-03T16:00:56.600-0100][gc,heap      ] GC(0) Old regions: 0->0
[2019-10-03T16:00:56.600-0100][gc,heap      ] GC(0) Archive regions: 2->2
[2019-10-03T16:00:56.600-0100][gc,heap      ] GC(0) Humongous regions: 0->0
[2019-10-03T16:00:56.600-0100][gc,metaspace ] GC(0) Metaspace: 16812K->16812K(1064960K)
[2019-10-03T16:00:56.601-0100][gc           ] GC(0) Pause Young (Normal) (G1 Evacuation Pause) 51M->6M(1024M) 27.646ms
[2019-10-03T16:00:56.601-0100][gc,cpu       ] GC(0) User=0.05s Sys=0.06s Real=0.03s
[2019-10-03T16:00:57.200-0100][gc,start     ] GC(1) Pause Young (Concurrent Start) (Metadata GC Threshold)
[2019-10-03T16:00:57.200-0100][gc,task      ] GC(1) Using 8 workers of 8 for evacuation
[2019-10-03T16:00:57.220-0100][gc,mmu       ] GC(1) MMU target violated: 20.2ms (20.0ms/21.0ms)
[2019-10-03T16:00:57.220-0100][gc,phases    ] GC(1)   Pre Evacuate Collection Set: 0.1ms
[2019-10-03T16:00:57.220-0100][gc,phases    ] GC(1)   Evacuate Collection Set: 19.5ms
[2019-10-03T16:00:57.220-0100][gc,phases    ] GC(1)   Post Evacuate Collection Set: 0.4ms
[2019-10-03T16:00:57.220-0100][gc,phases    ] GC(1)   Other: 0.4ms
[2019-10-03T16:00:57.220-0100][gc,heap      ] GC(1) Eden regions: 17->0(49)
[2019-10-03T16:00:57.220-0100][gc,heap      ] GC(1) Survivor regions: 7->2(7)
[2019-10-03T16:00:57.220-0100][gc,heap      ] GC(1) Old regions: 0->6
[2019-10-03T16:00:57.221-0100][gc,heap      ] GC(1) Archive regions: 2->2
[2019-10-03T16:00:57.221-0100][gc,heap      ] GC(1) Humongous regions: 129->129
[2019-10-03T16:00:57.221-0100][gc,metaspace ] GC(1) Metaspace: 20554K->20554K(1067008K)
[2019-10-03T16:00:57.221-0100][gc           ] GC(1) Pause Young (Concurrent Start) (Metadata GC Threshold) 152M->137M(1024M) 20.598ms
[2019-10-03T16:00:57.221-0100][gc,cpu       ] GC(1) User=0.04s Sys=0.03s Real=0.02s
[2019-10-03T16:00:57.232-0100][gc           ] GC(2) Concurrent Cycle
[2019-10-03T16:00:57.233-0100][gc,marking   ] GC(2) Concurrent Clear Claimed Marks
[2019-10-03T16:00:57.233-0100][gc,marking   ] GC(2) Concurrent Clear Claimed Marks 0.087ms
[2019-10-03T16:00:57.233-0100][gc,marking   ] GC(2) Concurrent Scan Root Regions
[2019-10-03T16:00:57.238-0100][gc,marking   ] GC(2) Concurrent Scan Root Regions 5.820ms
[2019-10-03T16:00:57.239-0100][gc,marking   ] GC(2) Concurrent Mark (3.150s)
[2019-10-03T16:00:57.239-0100][gc,marking   ] GC(2) Concurrent Mark From Roots
[2019-10-03T16:00:57.239-0100][gc,task      ] GC(2) Using 2 workers of 2 for marking
[2019-10-03T16:00:57.241-0100][gc,marking   ] GC(2) Concurrent Mark From Roots 2.417ms
[2019-10-03T16:00:57.241-0100][gc,marking   ] GC(2) Concurrent Preclean
[2019-10-03T16:00:57.241-0100][gc,marking   ] GC(2) Concurrent Preclean 0.076ms
[2019-10-03T16:00:57.241-0100][gc,marking   ] GC(2) Concurrent Mark (3.150s, 3.153s) 2.624ms
[2019-10-03T16:00:57.242-0100][gc,start     ] GC(2) Pause Remark
[2019-10-03T16:00:57.243-0100][gc,stringtable] GC(2) Cleaned string table, strings: 4834 processed, 0 removed
[2019-10-03T16:00:57.243-0100][gc            ] GC(2) Pause Remark 137M->137M(1024M) 1.298ms
[2019-10-03T16:00:57.243-0100][gc,cpu        ] GC(2) User=0.01s Sys=0.00s Real=0.00s
[2019-10-03T16:00:57.243-0100][gc,marking    ] GC(2) Concurrent Rebuild Remembered Sets
[2019-10-03T16:00:57.246-0100][gc,marking    ] GC(2) Concurrent Rebuild Remembered Sets 2.864ms
[2019-10-03T16:00:57.247-0100][gc,start      ] GC(2) Pause Cleanup
[2019-10-03T16:00:57.247-0100][gc            ] GC(2) Pause Cleanup 138M->138M(1024M) 0.194ms
[2019-10-03T16:00:57.247-0100][gc,cpu        ] GC(2) User=0.00s Sys=0.00s Real=0.00s
[2019-10-03T16:00:57.247-0100][gc,marking    ] GC(2) Concurrent Cleanup for Next Mark
[2019-10-03T16:00:57.258-0100][gc,marking    ] GC(2) Concurrent Cleanup for Next Mark 10.568ms
[2019-10-03T16:00:57.258-0100][gc            ] GC(2) Concurrent Cycle 25.443ms
[2019-10-03T16:01:34.825-0100][gc,start      ] GC(3) Pause Young (Normal) (G1 Evacuation Pause)
[2019-10-03T16:01:34.826-0100][gc,task       ] GC(3) Using 8 workers of 8 for evacuation
[2019-10-03T16:01:34.876-0100][gc,mmu        ] GC(3) MMU target violated: 21.0ms (20.0ms/21.0ms)
[2019-10-03T16:01:34.876-0100][gc,phases     ] GC(3)   Pre Evacuate Collection Set: 1.3ms
[2019-10-03T16:01:34.876-0100][gc,phases     ] GC(3)   Evacuate Collection Set: 48.1ms
[2019-10-03T16:01:34.876-0100][gc,phases     ] GC(3)   Post Evacuate Collection Set: 0.7ms
[2019-10-03T16:01:34.876-0100][gc,phases     ] GC(3)   Other: 0.7ms
[2019-10-03T16:01:34.876-0100][gc,heap       ] GC(3) Eden regions: 49->0(45)
[2019-10-03T16:01:34.876-0100][gc,heap       ] GC(3) Survivor regions: 2->6(7)
[2019-10-03T16:01:34.876-0100][gc,heap       ] GC(3) Old regions: 6->6
[2019-10-03T16:01:34.876-0100][gc,heap       ] GC(3) Archive regions: 2->2
[2019-10-03T16:01:34.876-0100][gc,heap       ] GC(3) Humongous regions: 129->129
[2019-10-03T16:01:34.876-0100][gc,metaspace  ] GC(3) Metaspace: 30637K->30637K(1077248K)
[2019-10-03T16:01:34.876-0100][gc            ] GC(3) Pause Young (Normal) (G1 Evacuation Pause) 186M->140M(1024M) 50.895ms
[2019-10-03T16:01:34.876-0100][gc,cpu        ] GC(3) User=0.05s Sys=0.09s Real=0.05s
[2019-10-03T16:07:17.056-0100][gc,start      ] GC(4) Pause Young (Concurrent Start) (Metadata GC Threshold)
[2019-10-03T16:07:17.056-0100][gc,task       ] GC(4) Using 8 workers of 8 for evacuation
[2019-10-03T16:07:17.079-0100][gc,mmu        ] GC(4) MMU target violated: 21.0ms (20.0ms/21.0ms)
[2019-10-03T16:07:17.079-0100][gc,phases     ] GC(4)   Pre Evacuate Collection Set: 0.6ms
[2019-10-03T16:07:17.079-0100][gc,phases     ] GC(4)   Evacuate Collection Set: 20.1ms
[2019-10-03T16:07:17.079-0100][gc,phases     ] GC(4)   Post Evacuate Collection Set: 0.5ms
[2019-10-03T16:07:17.079-0100][gc,phases     ] GC(4)   Other: 2.5ms
[2019-10-03T16:07:17.079-0100][gc,heap       ] GC(4) Eden regions: 37->0(49)
[2019-10-03T16:07:17.079-0100][gc,heap       ] GC(4) Survivor regions: 6->2(7)
[2019-10-03T16:07:17.079-0100][gc,heap       ] GC(4) Old regions: 6->11
[2019-10-03T16:07:17.080-0100][gc,heap       ] GC(4) Archive regions: 2->2
[2019-10-03T16:07:17.080-0100][gc,heap       ] GC(4) Humongous regions: 129->129
[2019-10-03T16:07:17.080-0100][gc,metaspace  ] GC(4) Metaspace: 33723K->33723K(1079296K)
[2019-10-03T16:07:17.080-0100][gc            ] GC(4) Pause Young (Concurrent Start) (Metadata GC Threshold) 176M->142M(1024M) 23.977ms
[2019-10-03T16:07:17.080-0100][gc,cpu        ] GC(4) User=0.04s Sys=0.05s Real=0.03s
[2019-10-03T16:07:17.080-0100][gc            ] GC(5) Concurrent Cycle
[2019-10-03T16:07:17.080-0100][gc,marking    ] GC(5) Concurrent Clear Claimed Marks
[2019-10-03T16:07:17.080-0100][gc,marking    ] GC(5) Concurrent Clear Claimed Marks 0.198ms
[2019-10-03T16:07:17.080-0100][gc,marking    ] GC(5) Concurrent Scan Root Regions
[2019-10-03T16:07:17.085-0100][gc,marking    ] GC(5) Concurrent Scan Root Regions 5.131ms
[2019-10-03T16:07:17.085-0100][gc,marking    ] GC(5) Concurrent Mark (382.987s)
[2019-10-03T16:07:17.085-0100][gc,marking    ] GC(5) Concurrent Mark From Roots
[2019-10-03T16:07:17.085-0100][gc,task       ] GC(5) Using 2 workers of 2 for marking
[2019-10-03T16:07:17.102-0100][gc,marking    ] GC(5) Concurrent Mark From Roots 16.706ms
[2019-10-03T16:07:17.102-0100][gc,marking    ] GC(5) Concurrent Preclean
[2019-10-03T16:07:17.102-0100][gc,marking    ] GC(5) Concurrent Preclean 0.106ms
[2019-10-03T16:07:17.102-0100][gc,marking    ] GC(5) Concurrent Mark (382.987s, 383.004s) 16.920ms
[2019-10-03T16:07:17.102-0100][gc,start      ] GC(5) Pause Remark
[2019-10-03T16:07:17.104-0100][gc,stringtable] GC(5) Cleaned string table, strings: 10296 processed, 9 removed
[2019-10-03T16:07:17.104-0100][gc            ] GC(5) Pause Remark 142M->142M(1024M) 1.859ms
[2019-10-03T16:07:17.104-0100][gc,cpu        ] GC(5) User=0.01s Sys=0.00s Real=0.00s
[2019-10-03T16:07:17.104-0100][gc,marking    ] GC(5) Concurrent Rebuild Remembered Sets
[2019-10-03T16:07:17.111-0100][gc,marking    ] GC(5) Concurrent Rebuild Remembered Sets 6.736ms
[2019-10-03T16:07:17.112-0100][gc,start      ] GC(5) Pause Cleanup
[2019-10-03T16:07:17.112-0100][gc            ] GC(5) Pause Cleanup 142M->142M(1024M) 0.190ms
[2019-10-03T16:07:17.112-0100][gc,cpu        ] GC(5) User=0.00s Sys=0.00s Real=0.00s
[2019-10-03T16:07:17.112-0100][gc,marking    ] GC(5) Concurrent Cleanup for Next Mark
[2019-10-03T16:07:17.127-0100][gc,marking    ] GC(5) Concurrent Cleanup for Next Mark 14.656ms
[2019-10-03T16:07:17.127-0100][gc            ] GC(5) Concurrent Cycle 47.208ms
[2019-10-03T16:18:27.029-0100][gc,start      ] GC(6) Pause Young (Normal) (G1 Evacuation Pause)
[2019-10-03T16:18:27.031-0100][gc,task       ] GC(6) Using 8 workers of 8 for evacuation
[2019-10-03T16:18:27.080-0100][gc,mmu        ] GC(6) MMU target violated: 21.0ms (20.0ms/21.0ms)
[2019-10-03T16:18:27.081-0100][gc,phases     ] GC(6)   Pre Evacuate Collection Set: 2.1ms
[2019-10-03T16:18:27.081-0100][gc,phases     ] GC(6)   Evacuate Collection Set: 45.9ms
[2019-10-03T16:18:27.081-0100][gc,phases     ] GC(6)   Post Evacuate Collection Set: 0.8ms
[2019-10-03T16:18:27.081-0100][gc,phases     ] GC(6)   Other: 14.5ms
[2019-10-03T16:18:27.081-0100][gc,heap       ] GC(6) Eden regions: 49->0(47)
[2019-10-03T16:18:27.082-0100][gc,heap       ] GC(6) Survivor regions: 2->4(7)
[2019-10-03T16:18:27.082-0100][gc,heap       ] GC(6) Old regions: 11->11
[2019-10-03T16:18:27.082-0100][gc,heap       ] GC(6) Archive regions: 2->2
[2019-10-03T16:18:27.082-0100][gc,heap       ] GC(6) Humongous regions: 129->129
[2019-10-03T16:18:27.082-0100][gc,metaspace  ] GC(6) Metaspace: 35489K->35489K(1081344K)
[2019-10-03T16:18:27.083-0100][gc            ] GC(6) Pause Young (Normal) (G1 Evacuation Pause) 191M->143M(1024M) 64.256ms
[2019-10-03T16:18:27.083-0100][gc,cpu        ] GC(6) User=0.05s Sys=0.15s Real=0.07s
[2019-10-03T16:30:20.142-0100][gc,start      ] GC(7) Pause Young (Normal) (G1 Evacuation Pause)
[2019-10-03T16:30:20.147-0100][gc,task       ] GC(7) Using 8 workers of 8 for evacuation
[2019-10-03T16:30:20.332-0100][gc,mmu        ] GC(7) MMU target violated: 21.0ms (20.0ms/21.0ms)
[2019-10-03T16:30:20.332-0100][gc,phases     ] GC(7)   Pre Evacuate Collection Set: 5.7ms
[2019-10-03T16:30:20.332-0100][gc,phases     ] GC(7)   Evacuate Collection Set: 167.7ms
[2019-10-03T16:30:20.332-0100][gc,phases     ] GC(7)   Post Evacuate Collection Set: 3.0ms
[2019-10-03T16:30:20.332-0100][gc,phases     ] GC(7)   Other: 21.6ms
[2019-10-03T16:30:20.333-0100][gc,heap       ] GC(7) Eden regions: 47->0(48)
[2019-10-03T16:30:20.333-0100][gc,heap       ] GC(7) Survivor regions: 4->3(7)
[2019-10-03T16:30:20.333-0100][gc,heap       ] GC(7) Old regions: 11->13
[2019-10-03T16:30:20.333-0100][gc,heap       ] GC(7) Archive regions: 2->2
[2019-10-03T16:30:20.333-0100][gc,heap       ] GC(7) Humongous regions: 129->129
[2019-10-03T16:30:20.333-0100][gc,metaspace  ] GC(7) Metaspace: 35592K->35592K(1081344K)
[2019-10-03T16:30:20.333-0100][gc            ] GC(7) Pause Young (Normal) (G1 Evacuation Pause) 190M->144M(1024M) 192.516ms
[2019-10-03T16:30:20.334-0100][gc,cpu        ] GC(7) User=0.09s Sys=0.14s Real=0.19s
[2019-10-03T16:43:10.428-0100][gc,start      ] GC(8) Pause Young (Normal) (G1 Evacuation Pause)
[2019-10-03T16:43:10.430-0100][gc,task       ] GC(8) Using 8 workers of 8 for evacuation
[2019-10-03T16:43:10.581-0100][gc,mmu        ] GC(8) MMU target violated: 21.0ms (20.0ms/21.0ms)
[2019-10-03T16:43:10.582-0100][gc,phases     ] GC(8)   Pre Evacuate Collection Set: 13.0ms
[2019-10-03T16:43:10.582-0100][gc,phases     ] GC(8)   Evacuate Collection Set: 123.4ms
[2019-10-03T16:43:10.582-0100][gc,phases     ] GC(8)   Post Evacuate Collection Set: 4.0ms
[2019-10-03T16:43:10.582-0100][gc,phases     ] GC(8)   Other: 16.5ms
[2019-10-03T16:43:10.582-0100][gc,heap       ] GC(8) Eden regions: 48->0(48)
[2019-10-03T16:43:10.583-0100][gc,heap       ] GC(8) Survivor regions: 3->3(7)
[2019-10-03T16:43:10.583-0100][gc,heap       ] GC(8) Old regions: 13->13
[2019-10-03T16:43:10.583-0100][gc,heap       ] GC(8) Archive regions: 2->2
[2019-10-03T16:43:10.583-0100][gc,heap       ] GC(8) Humongous regions: 129->129
[2019-10-03T16:43:10.583-0100][gc,metaspace  ] GC(8) Metaspace: 35663K->35663K(1081344K)
[2019-10-03T16:43:10.584-0100][gc            ] GC(8) Pause Young (Normal) (G1 Evacuation Pause) 192M->144M(1024M) 156.606ms
[2019-10-03T16:43:10.584-0100][gc,cpu        ] GC(8) User=0.03s Sys=0.11s Real=0.16s
[2019-10-03T16:56:30.390-0100][gc,start      ] GC(9) Pause Young (Normal) (G1 Evacuation Pause)
[2019-10-03T16:56:30.394-0100][gc,task       ] GC(9) Using 8 workers of 8 for evacuation
[2019-10-03T16:56:30.594-0100][gc,mmu        ] GC(9) MMU target violated: 21.0ms (20.0ms/21.0ms)
[2019-10-03T16:56:30.594-0100][gc,phases     ] GC(9)   Pre Evacuate Collection Set: 4.4ms
[2019-10-03T16:56:30.594-0100][gc,phases     ] GC(9)   Evacuate Collection Set: 181.5ms
[2019-10-03T16:56:30.594-0100][gc,phases     ] GC(9)   Post Evacuate Collection Set: 3.0ms
[2019-10-03T16:56:30.595-0100][gc,phases     ] GC(9)   Other: 17.1ms
[2019-10-03T16:56:30.595-0100][gc,heap       ] GC(9) Eden regions: 48->0(47)
[2019-10-03T16:56:30.595-0100][gc,heap       ] GC(9) Survivor regions: 3->4(7)
[2019-10-03T16:56:30.595-0100][gc,heap       ] GC(9) Old regions: 13->13
[2019-10-03T16:56:30.595-0100][gc,heap       ] GC(9) Archive regions: 2->2
[2019-10-03T16:56:30.595-0100][gc,heap       ] GC(9) Humongous regions: 129->129
[2019-10-03T16:56:30.596-0100][gc,metaspace  ] GC(9) Metaspace: 35697K->35697K(1081344K)
[2019-10-03T16:56:30.598-0100][gc            ] GC(9) Pause Young (Normal) (G1 Evacuation Pause) 192M->145M(1024M) 206.495ms
[2019-10-03T16:56:30.598-0100][gc,cpu        ] GC(9) User=0.04s Sys=0.11s Real=0.21s
[2019-10-03T17:09:03.449-0100][gc,start      ] GC(10) Pause Young (Normal) (G1 Evacuation Pause)
[2019-10-03T17:09:03.451-0100][gc,task       ] GC(10) Using 8 workers of 8 for evacuation
[2019-10-03T17:09:03.599-0100][gc,mmu        ] GC(10) MMU target violated: 21.0ms (20.0ms/21.0ms)
[2019-10-03T17:09:03.599-0100][gc,phases     ] GC(10)   Pre Evacuate Collection Set: 5.4ms
[2019-10-03T17:09:03.600-0100][gc,phases     ] GC(10)   Evacuate Collection Set: 135.8ms
[2019-10-03T17:09:03.600-0100][gc,phases     ] GC(10)   Post Evacuate Collection Set: 0.7ms
[2019-10-03T17:09:03.600-0100][gc,phases     ] GC(10)   Other: 10.3ms
[2019-10-03T17:09:03.600-0100][gc,heap       ] GC(10) Eden regions: 47->0(48)
[2019-10-03T17:09:03.600-0100][gc,heap       ] GC(10) Survivor regions: 4->3(7)
[2019-10-03T17:09:03.600-0100][gc,heap       ] GC(10) Old regions: 13->13
[2019-10-03T17:09:03.600-0100][gc,heap       ] GC(10) Archive regions: 2->2
[2019-10-03T17:09:03.600-0100][gc,heap       ] GC(10) Humongous regions: 129->129
[2019-10-03T17:09:03.601-0100][gc,metaspace  ] GC(10) Metaspace: 35771K->35771K(1081344K)
[2019-10-03T17:09:03.602-0100][gc            ] GC(10) Pause Young (Normal) (G1 Evacuation Pause) 192M->144M(1024M) 153.456ms
[2019-10-03T17:09:03.602-0100][gc,cpu        ] GC(10) User=0.03s Sys=0.11s Real=0.16s
[2019-10-03T17:22:30.925-0100][gc,start      ] GC(11) Pause Young (Normal) (G1 Evacuation Pause)
[2019-10-03T17:22:30.933-0100][gc,task       ] GC(11) Using 8 workers of 8 for evacuation
[2019-10-03T17:22:31.149-0100][gc,mmu        ] GC(11) MMU target violated: 21.0ms (20.0ms/21.0ms)
[2019-10-03T17:22:31.150-0100][gc,phases     ] GC(11)   Pre Evacuate Collection Set: 6.8ms
[2019-10-03T17:22:31.150-0100][gc,phases     ] GC(11)   Evacuate Collection Set: 203.7ms
[2019-10-03T17:22:31.150-0100][gc,phases     ] GC(11)   Post Evacuate Collection Set: 1.9ms
[2019-10-03T17:22:31.150-0100][gc,phases     ] GC(11)   Other: 12.2ms
[2019-10-03T17:22:31.150-0100][gc,heap       ] GC(11) Eden regions: 48->0(47)
[2019-10-03T17:22:31.150-0100][gc,heap       ] GC(11) Survivor regions: 3->4(7)
[2019-10-03T17:22:31.150-0100][gc,heap       ] GC(11) Old regions: 13->13
[2019-10-03T17:22:31.150-0100][gc,heap       ] GC(11) Archive regions: 2->2
[2019-10-03T17:22:31.150-0100][gc,heap       ] GC(11) Humongous regions: 129->129
[2019-10-03T17:22:31.151-0100][gc,metaspace  ] GC(11) Metaspace: 35808K->35808K(1081344K)
[2019-10-03T17:22:31.152-0100][gc            ] GC(11) Pause Young (Normal) (G1 Evacuation Pause) 192M->145M(1024M) 226.111ms
[2019-10-03T17:22:31.152-0100][gc,cpu        ] GC(11) User=0.04s Sys=0.10s Real=0.23s
[2019-10-03T17:34:25.343-0100][gc,start      ] GC(12) Pause Young (Normal) (G1 Evacuation Pause)
[2019-10-03T17:34:25.349-0100][gc,task       ] GC(12) Using 8 workers of 8 for evacuation
[2019-10-03T17:34:25.622-0100][gc,mmu        ] GC(12) MMU target violated: 21.0ms (20.0ms/21.0ms)
[2019-10-03T17:34:25.622-0100][gc,phases     ] GC(12)   Pre Evacuate Collection Set: 8.6ms
[2019-10-03T17:34:25.622-0100][gc,phases     ] GC(12)   Evacuate Collection Set: 242.8ms
[2019-10-03T17:34:25.622-0100][gc,phases     ] GC(12)   Post Evacuate Collection Set: 14.6ms
[2019-10-03T17:34:25.623-0100][gc,phases     ] GC(12)   Other: 27.7ms
[2019-10-03T17:34:25.623-0100][gc,heap       ] GC(12) Eden regions: 47->0(48)
[2019-10-03T17:34:25.623-0100][gc,heap       ] GC(12) Survivor regions: 4->3(7)
[2019-10-03T17:34:25.623-0100][gc,heap       ] GC(12) Old regions: 13->13
[2019-10-03T17:34:25.623-0100][gc,heap       ] GC(12) Archive regions: 2->2
[2019-10-03T17:34:25.623-0100][gc,heap       ] GC(12) Humongous regions: 129->129
[2019-10-03T17:34:25.624-0100][gc,metaspace  ] GC(12) Metaspace: 36153K->36153K(1081344K)
[2019-10-03T17:34:25.626-0100][gc            ] GC(12) Pause Young (Normal) (G1 Evacuation Pause) 192M->144M(1024M) 284.732ms
[2019-10-03T17:34:25.626-0100][gc,cpu        ] GC(12) User=0.03s Sys=0.12s Real=0.28s
