[2019-10-03T16:00:30.945-0100][gc,heap] Heap region size: 1M
[2019-10-03T16:00:30.954-0100][gc     ] Using G1
[2019-10-03T16:00:30.954-0100][gc,heap,coops] Heap address: 0x00000007e0000000, size: 512 MB, Compressed Oops mode: Zero based, Oop shift amount: 3
[2019-10-03T16:00:30.955-0100][gc,cds       ] Mark closed archive regions in map: [0x00000007fff00000, 0x00000007fff6fff8]
[2019-10-03T16:00:30.955-0100][gc,cds       ] Mark open archive regions in map: [0x00000007ffe00000, 0x00000007ffe45ff8]
[2019-10-03T16:00:30.976-0100][gc           ] Periodic GC disabled
[2019-10-03T16:45:02.528-0100][gc,start     ] GC(0) Pause Young (Normal) (G1 Evacuation Pause)
[2019-10-03T16:45:02.544-0100][gc,task      ] GC(0) Using 8 workers of 8 for evacuation
[2019-10-03T16:45:02.839-0100][gc,mmu       ] GC(0) MMU target violated: 21.0ms (20.0ms/21.0ms)
[2019-10-03T16:45:02.840-0100][gc,phases    ] GC(0)   Pre Evacuate Collection Set: 9.0ms
[2019-10-03T16:45:02.840-0100][gc,phases    ] GC(0)   Evacuate Collection Set: 276.2ms
[2019-10-03T16:45:02.840-0100][gc,phases    ] GC(0)   Post Evacuate Collection Set: 2.0ms
[2019-10-03T16:45:02.840-0100][gc,phases    ] GC(0)   Other: 29.7ms
[2019-10-03T16:45:02.840-0100][gc,heap      ] GC(0) Eden regions: 25->0(21)
[2019-10-03T16:45:02.840-0100][gc,heap      ] GC(0) Survivor regions: 0->4(4)
[2019-10-03T16:45:02.840-0100][gc,heap      ] GC(0) Old regions: 0->1
[2019-10-03T16:45:02.840-0100][gc,heap      ] GC(0) Archive regions: 2->2
[2019-10-03T16:45:02.840-0100][gc,heap      ] GC(0) Humongous regions: 0->0
[2019-10-03T16:45:02.841-0100][gc,metaspace ] GC(0) Metaspace: 7486K->7486K(1056768K)
[2019-10-03T16:45:02.842-0100][gc           ] GC(0) Pause Young (Normal) (G1 Evacuation Pause) 25M->5M(512M) 313.829ms
[2019-10-03T16:45:02.842-0100][gc,cpu       ] GC(0) User=0.04s Sys=0.14s Real=0.32s
