[2019-10-10T14:55:46.456-0100][gc,heap] Heap region size: 1M
[2019-10-10T14:55:46.470-0100][gc     ] Using G1
[2019-10-10T14:55:46.470-0100][gc,heap,coops] Heap address: 0x00000007c0000000, size: 1024 MB, Compressed Oops mode: Zero based, Oop shift amount: 3
[2019-10-10T14:55:46.471-0100][gc,cds       ] Mark closed archive regions in map: [0x00000007fff00000, 0x00000007fff6fff8]
[2019-10-10T14:55:46.471-0100][gc,cds       ] Mark open archive regions in map: [0x00000007ffe00000, 0x00000007ffe45ff8]
[2019-10-10T14:55:46.491-0100][gc           ] Periodic GC disabled
[2019-10-10T14:55:48.459-0100][gc,start     ] GC(0) Pause Young (Normal) (G1 Evacuation Pause)
[2019-10-10T14:55:48.460-0100][gc,task      ] GC(0) Using 8 workers of 8 for evacuation
[2019-10-10T14:55:48.495-0100][gc,mmu       ] GC(0) MMU target violated: 21.0ms (20.0ms/21.0ms)
[2019-10-10T14:55:48.495-0100][gc,phases    ] GC(0)   Pre Evacuate Collection Set: 1.6ms
[2019-10-10T14:55:48.495-0100][gc,phases    ] GC(0)   Evacuate Collection Set: 32.0ms
[2019-10-10T14:55:48.495-0100][gc,phases    ] GC(0)   Post Evacuate Collection Set: 0.6ms
[2019-10-10T14:55:48.496-0100][gc,phases    ] GC(0)   Other: 2.5ms
[2019-10-10T14:55:48.496-0100][gc,heap      ] GC(0) Eden regions: 51->0(45)
[2019-10-10T14:55:48.496-0100][gc,heap      ] GC(0) Survivor regions: 0->6(7)
[2019-10-10T14:55:48.496-0100][gc,heap      ] GC(0) Old regions: 0->0
[2019-10-10T14:55:48.496-0100][gc,heap      ] GC(0) Archive regions: 2->2
[2019-10-10T14:55:48.496-0100][gc,heap      ] GC(0) Humongous regions: 0->0
[2019-10-10T14:55:48.496-0100][gc,metaspace ] GC(0) Metaspace: 16809K->16809K(1064960K)
[2019-10-10T14:55:48.496-0100][gc           ] GC(0) Pause Young (Normal) (G1 Evacuation Pause) 51M->6M(1024M) 37.104ms
[2019-10-10T14:55:48.496-0100][gc,cpu       ] GC(0) User=0.05s Sys=0.06s Real=0.04s
[2019-10-10T14:55:48.915-0100][gc,start     ] GC(1) Pause Young (Concurrent Start) (Metadata GC Threshold)
[2019-10-10T14:55:48.915-0100][gc,task      ] GC(1) Using 8 workers of 8 for evacuation
[2019-10-10T14:55:48.928-0100][gc,phases    ] GC(1)   Pre Evacuate Collection Set: 0.1ms
[2019-10-10T14:55:48.928-0100][gc,phases    ] GC(1)   Evacuate Collection Set: 11.9ms
[2019-10-10T14:55:48.928-0100][gc,phases    ] GC(1)   Post Evacuate Collection Set: 0.3ms
[2019-10-10T14:55:48.928-0100][gc,phases    ] GC(1)   Other: 0.8ms
[2019-10-10T14:55:48.928-0100][gc,heap      ] GC(1) Eden regions: 15->0(50)
[2019-10-10T14:55:48.928-0100][gc,heap      ] GC(1) Survivor regions: 6->1(7)
[2019-10-10T14:55:48.928-0100][gc,heap      ] GC(1) Old regions: 0->6
[2019-10-10T14:55:48.928-0100][gc,heap      ] GC(1) Archive regions: 2->2
[2019-10-10T14:55:48.928-0100][gc,heap      ] GC(1) Humongous regions: 0->0
[2019-10-10T14:55:48.928-0100][gc,metaspace ] GC(1) Metaspace: 20568K->20568K(1067008K)
[2019-10-10T14:55:48.928-0100][gc           ] GC(1) Pause Young (Concurrent Start) (Metadata GC Threshold) 21M->7M(1024M) 13.340ms
[2019-10-10T14:55:48.928-0100][gc,cpu       ] GC(1) User=0.04s Sys=0.01s Real=0.01s
[2019-10-10T14:55:48.929-0100][gc           ] GC(2) Concurrent Cycle
[2019-10-10T14:55:48.929-0100][gc,marking   ] GC(2) Concurrent Clear Claimed Marks
[2019-10-10T14:55:48.929-0100][gc,marking   ] GC(2) Concurrent Clear Claimed Marks 0.060ms
[2019-10-10T14:55:48.929-0100][gc,marking   ] GC(2) Concurrent Scan Root Regions
[2019-10-10T14:55:48.932-0100][gc,marking   ] GC(2) Concurrent Scan Root Regions 3.124ms
[2019-10-10T14:55:48.932-0100][gc,marking   ] GC(2) Concurrent Mark (2.487s)
[2019-10-10T14:55:48.932-0100][gc,marking   ] GC(2) Concurrent Mark From Roots
[2019-10-10T14:55:48.932-0100][gc,task      ] GC(2) Using 2 workers of 2 for marking
[2019-10-10T14:55:48.934-0100][gc,marking   ] GC(2) Concurrent Mark From Roots 1.519ms
[2019-10-10T14:55:48.934-0100][gc,marking   ] GC(2) Concurrent Preclean
[2019-10-10T14:55:48.934-0100][gc,marking   ] GC(2) Concurrent Preclean 0.048ms
[2019-10-10T14:55:48.934-0100][gc,marking   ] GC(2) Concurrent Mark (2.487s, 2.489s) 1.948ms
[2019-10-10T14:55:48.934-0100][gc,start     ] GC(2) Pause Remark
[2019-10-10T14:55:48.935-0100][gc,stringtable] GC(2) Cleaned string table, strings: 4777 processed, 0 removed
[2019-10-10T14:55:48.935-0100][gc            ] GC(2) Pause Remark 8M->8M(1024M) 1.002ms
[2019-10-10T14:55:48.935-0100][gc,cpu        ] GC(2) User=0.00s Sys=0.00s Real=0.00s
[2019-10-10T14:55:48.935-0100][gc,marking    ] GC(2) Concurrent Rebuild Remembered Sets
[2019-10-10T14:55:48.938-0100][gc,marking    ] GC(2) Concurrent Rebuild Remembered Sets 2.722ms
[2019-10-10T14:55:48.939-0100][gc,start      ] GC(2) Pause Cleanup
[2019-10-10T14:55:48.939-0100][gc            ] GC(2) Pause Cleanup 8M->8M(1024M) 0.181ms
[2019-10-10T14:55:48.939-0100][gc,cpu        ] GC(2) User=0.00s Sys=0.00s Real=0.00s
[2019-10-10T14:55:48.939-0100][gc,marking    ] GC(2) Concurrent Cleanup for Next Mark
[2019-10-10T14:55:48.951-0100][gc,marking    ] GC(2) Concurrent Cleanup for Next Mark 12.296ms
[2019-10-10T14:55:48.951-0100][gc            ] GC(2) Concurrent Cycle 22.738ms
[2019-10-10T14:55:52.810-0100][gc,heap,exit  ] Heap
[2019-10-10T14:55:52.810-0100][gc,heap,exit  ]  garbage-first heap   total 1048576K, used 170580K [0x00000007c0000000, 0x0000000800000000)
[2019-10-10T14:55:52.810-0100][gc,heap,exit  ]   region size 1024K, 32 young (32768K), 1 survivors (1024K)
[2019-10-10T14:55:52.810-0100][gc,heap,exit  ]  Metaspace       used 24480K, capacity 25508K, committed 25648K, reserved 1071104K
[2019-10-10T14:55:52.810-0100][gc,heap,exit  ]   class space    used 3427K, capacity 3866K, committed 3968K, reserved 1048576K
