[2019-10-04T07:22:34.315-0100][gc,metaspace  ] GC(76) Metaspace: 37185K->37185K(1083392K)
[2019-10-04T07:22:34.315-0100][gc            ] GC(76) Pause Young (Normal) (G1 Evacuation Pause) 193M->146M(1024M) 39.594ms
[2019-10-04T07:22:34.315-0100][gc,cpu        ] GC(76) User=0.03s Sys=0.07s Real=0.04s
[2019-10-04T07:33:05.243-0100][gc,start      ] GC(77) Pause Young (Normal) (G1 Evacuation Pause)
[2019-10-04T07:33:05.245-0100][gc,task       ] GC(77) Using 8 workers of 8 for evacuation
[2019-10-04T07:33:05.263-0100][gc,phases     ] GC(77)   Pre Evacuate Collection Set: 2.9ms
[2019-10-04T07:33:05.263-0100][gc,phases     ] GC(77)   Evacuate Collection Set: 13.8ms
[2019-10-04T07:33:05.263-0100][gc,phases     ] GC(77)   Post Evacuate Collection Set: 0.4ms
[2019-10-04T07:33:05.263-0100][gc,phases     ] GC(77)   Other: 15.6ms
[2019-10-04T07:33:05.263-0100][gc,heap       ] GC(77) Eden regions: 47->0(48)
[2019-10-04T07:33:05.263-0100][gc,heap       ] GC(77) Survivor regions: 4->3(7)
[2019-10-04T07:33:05.263-0100][gc,heap       ] GC(77) Old regions: 14->14
[2019-10-04T07:33:05.263-0100][gc,heap       ] GC(77) Archive regions: 2->2
[2019-10-04T07:33:05.263-0100][gc,heap       ] GC(77) Humongous regions: 129->129
[2019-10-04T07:33:05.263-0100][gc,metaspace  ] GC(77) Metaspace: 37185K->37185K(1083392K)
[2019-10-04T07:33:05.263-0100][gc            ] GC(77) Pause Young (Normal) (G1 Evacuation Pause) 193M->145M(1024M) 19.980ms
[2019-10-04T07:33:05.263-0100][gc,cpu        ] GC(77) User=0.02s Sys=0.06s Real=0.02s
[2019-10-04T07:43:18.489-0100][gc,start      ] GC(78) Pause Young (Normal) (G1 Evacuation Pause)
[2019-10-04T07:43:18.490-0100][gc,task       ] GC(78) Using 8 workers of 8 for evacuation
[2019-10-04T07:43:18.505-0100][gc,phases     ] GC(78)   Pre Evacuate Collection Set: 0.3ms
[2019-10-04T07:43:18.505-0100][gc,phases     ] GC(78)   Evacuate Collection Set: 14.5ms
[2019-10-04T07:43:18.505-0100][gc,phases     ] GC(78)   Post Evacuate Collection Set: 0.4ms
[2019-10-04T07:43:18.505-0100][gc,phases     ] GC(78)   Other: 1.3ms
[2019-10-04T07:43:18.505-0100][gc,heap       ] GC(78) Eden regions: 48->0(48)
[2019-10-04T07:43:18.505-0100][gc,heap       ] GC(78) Survivor regions: 3->3(7)
[2019-10-04T07:43:18.505-0100][gc,heap       ] GC(78) Old regions: 14->14
[2019-10-04T07:43:18.505-0100][gc,heap       ] GC(78) Archive regions: 2->2
[2019-10-04T07:43:18.505-0100][gc,heap       ] GC(78) Humongous regions: 129->129
[2019-10-04T07:43:18.505-0100][gc,metaspace  ] GC(78) Metaspace: 37185K->37185K(1083392K)
[2019-10-04T07:43:18.505-0100][gc            ] GC(78) Pause Young (Normal) (G1 Evacuation Pause) 193M->146M(1024M) 16.736ms
[2019-10-04T07:43:18.505-0100][gc,cpu        ] GC(78) User=0.04s Sys=0.03s Real=0.02s
[2019-10-04T07:54:00.586-0100][gc,start      ] GC(79) Pause Young (Normal) (G1 Evacuation Pause)
[2019-10-04T07:54:00.587-0100][gc,task       ] GC(79) Using 8 workers of 8 for evacuation
[2019-10-04T07:54:00.634-0100][gc,mmu        ] GC(79) MMU target violated: 21.0ms (20.0ms/21.0ms)
[2019-10-04T07:54:00.634-0100][gc,phases     ] GC(79)   Pre Evacuate Collection Set: 4.2ms
[2019-10-04T07:54:00.635-0100][gc,phases     ] GC(79)   Evacuate Collection Set: 41.9ms
[2019-10-04T07:54:00.635-0100][gc,phases     ] GC(79)   Post Evacuate Collection Set: 1.2ms
[2019-10-04T07:54:00.635-0100][gc,phases     ] GC(79)   Other: 1.5ms
[2019-10-04T07:54:00.635-0100][gc,heap       ] GC(79) Eden regions: 48->0(47)
[2019-10-04T07:54:00.635-0100][gc,heap       ] GC(79) Survivor regions: 3->4(7)
[2019-10-04T07:54:00.635-0100][gc,heap       ] GC(79) Old regions: 14->14
[2019-10-04T07:54:00.635-0100][gc,heap       ] GC(79) Archive regions: 2->2
[2019-10-04T07:54:00.635-0100][gc,heap       ] GC(79) Humongous regions: 129->129
[2019-10-04T07:54:00.635-0100][gc,metaspace  ] GC(79) Metaspace: 37185K->37185K(1083392K)
[2019-10-04T07:54:00.635-0100][gc            ] GC(79) Pause Young (Normal) (G1 Evacuation Pause) 194M->146M(1024M) 49.226ms
[2019-10-04T07:54:00.635-0100][gc,cpu        ] GC(79) User=0.04s Sys=0.10s Real=0.05s
[2019-10-04T08:36:39.399-0100][gc,start      ] GC(80) Pause Young (Normal) (G1 Evacuation Pause)
[2019-10-04T08:36:39.434-0100][gc,task       ] GC(80) Using 8 workers of 8 for evacuation
[2019-10-04T08:36:40.706-0100][gc,mmu        ] GC(80) MMU target violated: 21.0ms (20.0ms/21.0ms)
[2019-10-04T08:36:40.746-0100][gc,phases     ] GC(80)   Pre Evacuate Collection Set: 59.9ms
[2019-10-04T08:36:40.746-0100][gc,phases     ] GC(80)   Evacuate Collection Set: 1047.7ms
[2019-10-04T08:36:40.746-0100][gc,phases     ] GC(80)   Post Evacuate Collection Set: 65.0ms
[2019-10-04T08:36:40.748-0100][gc,phases     ] GC(80)   Other: 204.2ms
[2019-10-04T08:36:40.752-0100][gc,heap       ] GC(80) Eden regions: 47->0(47)
[2019-10-04T08:36:40.752-0100][gc,heap       ] GC(80) Survivor regions: 4->4(7)
[2019-10-04T08:36:40.752-0100][gc,heap       ] GC(80) Old regions: 14->14
[2019-10-04T08:36:40.752-0100][gc,heap       ] GC(80) Archive regions: 2->2
[2019-10-04T08:36:40.752-0100][gc,heap       ] GC(80) Humongous regions: 129->129
[2019-10-04T08:36:40.752-0100][gc,metaspace  ] GC(80) Metaspace: 37275K->37275K(1083392K)
[2019-10-04T08:36:40.759-0100][gc            ] GC(80) Pause Young (Normal) (G1 Evacuation Pause) 193M->146M(1024M) 1367.241ms
[2019-10-04T08:36:40.759-0100][gc,cpu        ] GC(80) User=0.64s Sys=0.23s Real=1.37s
[2019-10-04T10:25:58.430-0100][gc,start      ] GC(81) Pause Young (Normal) (G1 Evacuation Pause)
[2019-10-04T10:25:58.432-0100][gc,task       ] GC(81) Using 8 workers of 8 for evacuation
[2019-10-04T10:25:58.500-0100][gc,mmu        ] GC(81) MMU target violated: 21.0ms (20.0ms/21.0ms)
[2019-10-04T10:25:58.500-0100][gc,phases     ] GC(81)   Pre Evacuate Collection Set: 6.7ms
[2019-10-04T10:25:58.500-0100][gc,phases     ] GC(81)   Evacuate Collection Set: 50.2ms
[2019-10-04T10:25:58.500-0100][gc,phases     ] GC(81)   Post Evacuate Collection Set: 2.3ms
[2019-10-04T10:25:58.500-0100][gc,phases     ] GC(81)   Other: 14.5ms
[2019-10-04T10:25:58.501-0100][gc,heap       ] GC(81) Eden regions: 47->0(48)
[2019-10-04T10:25:58.501-0100][gc,heap       ] GC(81) Survivor regions: 4->3(7)
[2019-10-04T10:25:58.501-0100][gc,heap       ] GC(81) Old regions: 14->14
[2019-10-04T10:25:58.501-0100][gc,heap       ] GC(81) Archive regions: 2->2
[2019-10-04T10:25:58.501-0100][gc,heap       ] GC(81) Humongous regions: 129->129
[2019-10-04T10:25:58.501-0100][gc,metaspace  ] GC(81) Metaspace: 37467K->37467K(1083392K)
[2019-10-04T10:25:58.502-0100][gc            ] GC(81) Pause Young (Normal) (G1 Evacuation Pause) 193M->145M(1024M) 72.623ms
[2019-10-04T10:25:58.502-0100][gc,cpu        ] GC(81) User=0.03s Sys=0.12s Real=0.08s
[2019-10-04T10:44:33.140-0100][gc,start      ] GC(82) Pause Young (Normal) (G1 Evacuation Pause)
[2019-10-04T10:44:33.153-0100][gc,task       ] GC(82) Using 8 workers of 8 for evacuation
[2019-10-04T10:44:33.182-0100][gc,mmu        ] GC(82) MMU target violated: 21.0ms (20.0ms/21.0ms)
[2019-10-04T10:44:33.183-0100][gc,phases     ] GC(82)   Pre Evacuate Collection Set: 3.0ms
[2019-10-04T10:44:33.183-0100][gc,phases     ] GC(82)   Evacuate Collection Set: 24.6ms
[2019-10-04T10:44:33.183-0100][gc,phases     ] GC(82)   Post Evacuate Collection Set: 0.6ms
[2019-10-04T10:44:33.183-0100][gc,phases     ] GC(82)   Other: 14.1ms
[2019-10-04T10:44:33.183-0100][gc,heap       ] GC(82) Eden regions: 48->0(48)
[2019-10-04T10:44:33.183-0100][gc,heap       ] GC(82) Survivor regions: 3->3(7)
[2019-10-04T10:44:33.183-0100][gc,heap       ] GC(82) Old regions: 14->14
[2019-10-04T10:44:33.183-0100][gc,heap       ] GC(82) Archive regions: 2->2
[2019-10-04T10:44:33.183-0100][gc,heap       ] GC(82) Humongous regions: 129->129
[2019-10-04T10:44:33.183-0100][gc,metaspace  ] GC(82) Metaspace: 37467K->37467K(1083392K)
[2019-10-04T10:44:33.183-0100][gc            ] GC(82) Pause Young (Normal) (G1 Evacuation Pause) 193M->145M(1024M) 42.416ms
[2019-10-04T10:44:33.183-0100][gc,cpu        ] GC(82) User=0.03s Sys=0.08s Real=0.04s
[2019-10-04T11:03:17.296-0100][gc,start      ] GC(83) Pause Young (Normal) (G1 Evacuation Pause)
[2019-10-04T11:03:17.297-0100][gc,task       ] GC(83) Using 8 workers of 8 for evacuation
[2019-10-04T11:03:17.329-0100][gc,mmu        ] GC(83) MMU target violated: 21.0ms (20.0ms/21.0ms)
[2019-10-04T11:03:17.329-0100][gc,phases     ] GC(83)   Pre Evacuate Collection Set: 2.7ms
[2019-10-04T11:03:17.329-0100][gc,phases     ] GC(83)   Evacuate Collection Set: 28.1ms
[2019-10-04T11:03:17.329-0100][gc,phases     ] GC(83)   Post Evacuate Collection Set: 0.5ms
[2019-10-04T11:03:17.329-0100][gc,phases     ] GC(83)   Other: 1.9ms
[2019-10-04T11:03:17.329-0100][gc,heap       ] GC(83) Eden regions: 48->0(48)
[2019-10-04T11:03:17.329-0100][gc,heap       ] GC(83) Survivor regions: 3->3(7)
[2019-10-04T11:03:17.329-0100][gc,heap       ] GC(83) Old regions: 14->14
[2019-10-04T11:03:17.329-0100][gc,heap       ] GC(83) Archive regions: 2->2
[2019-10-04T11:03:17.329-0100][gc,heap       ] GC(83) Humongous regions: 129->129
[2019-10-04T11:03:17.329-0100][gc,metaspace  ] GC(83) Metaspace: 37468K->37468K(1083392K)
[2019-10-04T11:03:17.330-0100][gc            ] GC(83) Pause Young (Normal) (G1 Evacuation Pause) 193M->145M(1024M) 33.242ms
[2019-10-04T11:03:17.330-0100][gc,cpu        ] GC(83) User=0.03s Sys=0.07s Real=0.04s
[2019-10-04T11:22:05.393-0100][gc,start      ] GC(84) Pause Young (Normal) (G1 Evacuation Pause)
[2019-10-04T11:22:05.394-0100][gc,task       ] GC(84) Using 8 workers of 8 for evacuation
[2019-10-04T11:22:05.425-0100][gc,mmu        ] GC(84) MMU target violated: 21.0ms (20.0ms/21.0ms)
[2019-10-04T11:22:05.425-0100][gc,phases     ] GC(84)   Pre Evacuate Collection Set: 2.2ms
[2019-10-04T11:22:05.425-0100][gc,phases     ] GC(84)   Evacuate Collection Set: 28.2ms
[2019-10-04T11:22:05.425-0100][gc,phases     ] GC(84)   Post Evacuate Collection Set: 0.5ms
[2019-10-04T11:22:05.425-0100][gc,phases     ] GC(84)   Other: 1.5ms
[2019-10-04T11:22:05.425-0100][gc,heap       ] GC(84) Eden regions: 48->0(48)
[2019-10-04T11:22:05.425-0100][gc,heap       ] GC(84) Survivor regions: 3->3(7)
[2019-10-04T11:22:05.425-0100][gc,heap       ] GC(84) Old regions: 14->14
[2019-10-04T11:22:05.425-0100][gc,heap       ] GC(84) Archive regions: 2->2
[2019-10-04T11:22:05.425-0100][gc,heap       ] GC(84) Humongous regions: 129->129
[2019-10-04T11:22:05.425-0100][gc,metaspace  ] GC(84) Metaspace: 37470K->37470K(1083392K)
[2019-10-04T11:22:05.425-0100][gc            ] GC(84) Pause Young (Normal) (G1 Evacuation Pause) 193M->146M(1024M) 32.504ms
[2019-10-04T11:22:05.425-0100][gc,cpu        ] GC(84) User=0.03s Sys=0.08s Real=0.03s
[2019-10-04T11:41:03.298-0100][gc,start      ] GC(85) Pause Young (Normal) (G1 Evacuation Pause)
[2019-10-04T11:41:03.311-0100][gc,task       ] GC(85) Using 8 workers of 8 for evacuation
[2019-10-04T11:41:03.335-0100][gc,mmu        ] GC(85) MMU target violated: 21.0ms (20.0ms/21.0ms)
[2019-10-04T11:41:03.335-0100][gc,phases     ] GC(85)   Pre Evacuate Collection Set: 3.1ms
[2019-10-04T11:41:03.335-0100][gc,phases     ] GC(85)   Evacuate Collection Set: 20.6ms
[2019-10-04T11:41:03.335-0100][gc,phases     ] GC(85)   Post Evacuate Collection Set: 0.4ms
[2019-10-04T11:41:03.336-0100][gc,phases     ] GC(85)   Other: 13.0ms
[2019-10-04T11:41:03.336-0100][gc,heap       ] GC(85) Eden regions: 48->0(48)
[2019-10-04T11:41:03.336-0100][gc,heap       ] GC(85) Survivor regions: 3->3(7)
[2019-10-04T11:41:03.336-0100][gc,heap       ] GC(85) Old regions: 14->14
[2019-10-04T11:41:03.336-0100][gc,heap       ] GC(85) Archive regions: 2->2
[2019-10-04T11:41:03.336-0100][gc,heap       ] GC(85) Humongous regions: 129->129
[2019-10-04T11:41:03.336-0100][gc,metaspace  ] GC(85) Metaspace: 37471K->37471K(1083392K)
[2019-10-04T11:41:03.336-0100][gc            ] GC(85) Pause Young (Normal) (G1 Evacuation Pause) 194M->145M(1024M) 37.210ms
[2019-10-04T11:41:03.336-0100][gc,cpu        ] GC(85) User=0.03s Sys=0.08s Real=0.04s
[2019-10-04T12:00:01.088-0100][gc,start      ] GC(86) Pause Young (Normal) (G1 Evacuation Pause)
[2019-10-04T12:00:01.089-0100][gc,task       ] GC(86) Using 8 workers of 8 for evacuation
[2019-10-04T12:00:01.116-0100][gc,mmu        ] GC(86) MMU target violated: 21.0ms (20.0ms/21.0ms)
[2019-10-04T12:00:01.116-0100][gc,phases     ] GC(86)   Pre Evacuate Collection Set: 3.0ms
[2019-10-04T12:00:01.116-0100][gc,phases     ] GC(86)   Evacuate Collection Set: 22.8ms
[2019-10-04T12:00:01.116-0100][gc,phases     ] GC(86)   Post Evacuate Collection Set: 0.5ms
[2019-10-04T12:00:01.116-0100][gc,phases     ] GC(86)   Other: 1.9ms
[2019-10-04T12:00:01.116-0100][gc,heap       ] GC(86) Eden regions: 48->0(48)
[2019-10-04T12:00:01.116-0100][gc,heap       ] GC(86) Survivor regions: 3->3(7)
[2019-10-04T12:00:01.116-0100][gc,heap       ] GC(86) Old regions: 14->14
[2019-10-04T12:00:01.116-0100][gc,heap       ] GC(86) Archive regions: 2->2
[2019-10-04T12:00:01.116-0100][gc,heap       ] GC(86) Humongous regions: 129->129
[2019-10-04T12:00:01.116-0100][gc,metaspace  ] GC(86) Metaspace: 37472K->37472K(1083392K)
[2019-10-04T12:00:01.116-0100][gc            ] GC(86) Pause Young (Normal) (G1 Evacuation Pause) 193M->145M(1024M) 28.286ms
[2019-10-04T12:00:01.116-0100][gc,cpu        ] GC(86) User=0.03s Sys=0.08s Real=0.03s
[2019-10-04T14:50:32.997-0100][gc,start      ] GC(87) Pause Young (Normal) (G1 Evacuation Pause)
[2019-10-04T14:50:33.009-0100][gc,task       ] GC(87) Using 8 workers of 8 for evacuation
[2019-10-04T14:50:33.032-0100][gc,mmu        ] GC(87) MMU target violated: 21.0ms (20.0ms/21.0ms)
[2019-10-04T14:50:33.032-0100][gc,phases     ] GC(87)   Pre Evacuate Collection Set: 2.5ms
[2019-10-04T14:50:33.032-0100][gc,phases     ] GC(87)   Evacuate Collection Set: 19.2ms
[2019-10-04T14:50:33.032-0100][gc,phases     ] GC(87)   Post Evacuate Collection Set: 0.5ms
[2019-10-04T14:50:33.032-0100][gc,phases     ] GC(87)   Other: 13.1ms
[2019-10-04T14:50:33.032-0100][gc,heap       ] GC(87) Eden regions: 48->0(48)
[2019-10-04T14:50:33.032-0100][gc,heap       ] GC(87) Survivor regions: 3->3(7)
[2019-10-04T14:50:33.032-0100][gc,heap       ] GC(87) Old regions: 14->14
[2019-10-04T14:50:33.032-0100][gc,heap       ] GC(87) Archive regions: 2->2
[2019-10-04T14:50:33.032-0100][gc,heap       ] GC(87) Humongous regions: 129->129
[2019-10-04T14:50:33.032-0100][gc,metaspace  ] GC(87) Metaspace: 37473K->37473K(1083392K)
[2019-10-04T14:50:33.032-0100][gc            ] GC(87) Pause Young (Normal) (G1 Evacuation Pause) 193M->145M(1024M) 35.382ms
[2019-10-04T14:50:33.032-0100][gc,cpu        ] GC(87) User=0.03s Sys=0.08s Real=0.04s
[2019-10-05T14:11:12.096-0100][gc,start      ] GC(88) Pause Young (Normal) (G1 Evacuation Pause)
[2019-10-05T14:11:12.096-0100][gc,task       ] GC(88) Using 8 workers of 8 for evacuation
[2019-10-05T14:11:12.121-0100][gc,mmu        ] GC(88) MMU target violated: 21.0ms (20.0ms/21.0ms)
[2019-10-05T14:11:12.121-0100][gc,phases     ] GC(88)   Pre Evacuate Collection Set: 3.0ms
[2019-10-05T14:11:12.121-0100][gc,phases     ] GC(88)   Evacuate Collection Set: 20.8ms
[2019-10-05T14:11:12.121-0100][gc,phases     ] GC(88)   Post Evacuate Collection Set: 0.5ms
[2019-10-05T14:11:12.122-0100][gc,phases     ] GC(88)   Other: 14.4ms
[2019-10-05T14:11:12.122-0100][gc,heap       ] GC(88) Eden regions: 48->0(48)
[2019-10-05T14:11:12.122-0100][gc,heap       ] GC(88) Survivor regions: 3->3(7)
[2019-10-05T14:11:12.122-0100][gc,heap       ] GC(88) Old regions: 14->14
[2019-10-05T14:11:12.122-0100][gc,heap       ] GC(88) Archive regions: 2->2
[2019-10-05T14:11:12.122-0100][gc,heap       ] GC(88) Humongous regions: 129->129
[2019-10-05T14:11:12.122-0100][gc,metaspace  ] GC(88) Metaspace: 37479K->37479K(1083392K)
[2019-10-05T14:11:12.122-0100][gc            ] GC(88) Pause Young (Normal) (G1 Evacuation Pause) 193M->146M(1024M) 26.463ms
[2019-10-05T14:11:12.122-0100][gc,cpu        ] GC(88) User=0.03s Sys=0.08s Real=0.03s
[2019-10-05T14:31:12.310-0100][gc,start      ] GC(89) Pause Young (Normal) (G1 Evacuation Pause)
[2019-10-05T14:31:12.313-0100][gc,task       ] GC(89) Using 8 workers of 8 for evacuation
[2019-10-05T14:31:12.337-0100][gc,mmu        ] GC(89) MMU target violated: 21.0ms (20.0ms/21.0ms)
[2019-10-05T14:31:12.338-0100][gc,phases     ] GC(89)   Pre Evacuate Collection Set: 1.3ms
[2019-10-05T14:31:12.338-0100][gc,phases     ] GC(89)   Evacuate Collection Set: 19.0ms
[2019-10-05T14:31:12.338-0100][gc,phases     ] GC(89)   Post Evacuate Collection Set: 1.9ms
[2019-10-05T14:31:12.339-0100][gc,phases     ] GC(89)   Other: 11.0ms
[2019-10-05T14:31:12.339-0100][gc,heap       ] GC(89) Eden regions: 48->0(48)
[2019-10-05T14:31:12.339-0100][gc,heap       ] GC(89) Survivor regions: 3->3(7)
[2019-10-05T14:31:12.339-0100][gc,heap       ] GC(89) Old regions: 14->14
[2019-10-05T14:31:12.339-0100][gc,heap       ] GC(89) Archive regions: 2->2
[2019-10-05T14:31:12.339-0100][gc,heap       ] GC(89) Humongous regions: 129->129
[2019-10-05T14:31:12.339-0100][gc,metaspace  ] GC(89) Metaspace: 37479K->37479K(1083392K)
[2019-10-05T14:31:12.339-0100][gc            ] GC(89) Pause Young (Normal) (G1 Evacuation Pause) 194M->145M(1024M) 30.912ms
[2019-10-05T14:31:12.340-0100][gc,cpu        ] GC(89) User=0.03s Sys=0.06s Real=0.04s
[2019-10-05T15:02:32.238-0100][gc,start      ] GC(90) Pause Young (Normal) (G1 Evacuation Pause)
[2019-10-05T15:02:32.239-0100][gc,task       ] GC(90) Using 8 workers of 8 for evacuation
[2019-10-05T15:02:32.267-0100][gc,mmu        ] GC(90) MMU target violated: 21.0ms (20.0ms/21.0ms)
[2019-10-05T15:02:32.268-0100][gc,phases     ] GC(90)   Pre Evacuate Collection Set: 2.6ms
[2019-10-05T15:02:32.268-0100][gc,phases     ] GC(90)   Evacuate Collection Set: 21.8ms
[2019-10-05T15:02:32.268-0100][gc,phases     ] GC(90)   Post Evacuate Collection Set: 1.6ms
[2019-10-05T15:02:32.268-0100][gc,phases     ] GC(90)   Other: 6.7ms
[2019-10-05T15:02:32.269-0100][gc,heap       ] GC(90) Eden regions: 48->0(48)
[2019-10-05T15:02:32.269-0100][gc,heap       ] GC(90) Survivor regions: 3->3(7)
[2019-10-05T15:02:32.269-0100][gc,heap       ] GC(90) Old regions: 14->14
[2019-10-05T15:02:32.269-0100][gc,heap       ] GC(90) Archive regions: 2->2
[2019-10-05T15:02:32.269-0100][gc,heap       ] GC(90) Humongous regions: 129->129
[2019-10-05T15:02:32.269-0100][gc,metaspace  ] GC(90) Metaspace: 37479K->37479K(1083392K)
[2019-10-05T15:02:32.269-0100][gc            ] GC(90) Pause Young (Normal) (G1 Evacuation Pause) 193M->145M(1024M) 32.060ms
[2019-10-05T15:02:32.269-0100][gc,cpu        ] GC(90) User=0.03s Sys=0.08s Real=0.03s
[2019-10-05T15:27:29.891-0100][gc,start      ] GC(91) Pause Young (Normal) (G1 Evacuation Pause)
[2019-10-05T15:27:29.893-0100][gc,task       ] GC(91) Using 8 workers of 8 for evacuation
[2019-10-05T15:27:29.914-0100][gc,mmu        ] GC(91) MMU target violated: 20.6ms (20.0ms/21.0ms)
[2019-10-05T15:27:29.914-0100][gc,phases     ] GC(91)   Pre Evacuate Collection Set: 2.2ms
[2019-10-05T15:27:29.914-0100][gc,phases     ] GC(91)   Evacuate Collection Set: 17.5ms
[2019-10-05T15:27:29.914-0100][gc,phases     ] GC(91)   Post Evacuate Collection Set: 0.5ms
[2019-10-05T15:27:29.914-0100][gc,phases     ] GC(91)   Other: 2.5ms
[2019-10-05T15:27:29.914-0100][gc,heap       ] GC(91) Eden regions: 48->0(48)
[2019-10-05T15:27:29.914-0100][gc,heap       ] GC(91) Survivor regions: 3->3(7)
[2019-10-05T15:27:29.914-0100][gc,heap       ] GC(91) Old regions: 14->14
[2019-10-05T15:27:29.914-0100][gc,heap       ] GC(91) Archive regions: 2->2
[2019-10-05T15:27:29.914-0100][gc,heap       ] GC(91) Humongous regions: 129->129
[2019-10-05T15:27:29.914-0100][gc,metaspace  ] GC(91) Metaspace: 37479K->37479K(1083392K)
[2019-10-05T15:27:29.914-0100][gc            ] GC(91) Pause Young (Normal) (G1 Evacuation Pause) 193M->145M(1024M) 22.787ms
[2019-10-05T15:27:29.914-0100][gc,cpu        ] GC(91) User=0.03s Sys=0.07s Real=0.02s
[2019-10-05T15:46:35.735-0100][gc,start      ] GC(92) Pause Young (Normal) (G1 Evacuation Pause)
[2019-10-05T15:46:35.748-0100][gc,task       ] GC(92) Using 8 workers of 8 for evacuation
[2019-10-05T15:46:35.772-0100][gc,mmu        ] GC(92) MMU target violated: 21.0ms (20.0ms/21.0ms)
[2019-10-05T15:46:35.772-0100][gc,phases     ] GC(92)   Pre Evacuate Collection Set: 2.6ms
[2019-10-05T15:46:35.772-0100][gc,phases     ] GC(92)   Evacuate Collection Set: 19.6ms
[2019-10-05T15:46:35.772-0100][gc,phases     ] GC(92)   Post Evacuate Collection Set: 0.5ms
[2019-10-05T15:46:35.772-0100][gc,phases     ] GC(92)   Other: 14.3ms
[2019-10-05T15:46:35.772-0100][gc,heap       ] GC(92) Eden regions: 48->0(48)
[2019-10-05T15:46:35.772-0100][gc,heap       ] GC(92) Survivor regions: 3->3(7)
[2019-10-05T15:46:35.772-0100][gc,heap       ] GC(92) Old regions: 14->14
[2019-10-05T15:46:35.772-0100][gc,heap       ] GC(92) Archive regions: 2->2
[2019-10-05T15:46:35.772-0100][gc,heap       ] GC(92) Humongous regions: 129->129
[2019-10-05T15:46:35.772-0100][gc,metaspace  ] GC(92) Metaspace: 37479K->37479K(1083392K)
[2019-10-05T15:46:35.772-0100][gc            ] GC(92) Pause Young (Normal) (G1 Evacuation Pause) 193M->145M(1024M) 37.076ms
[2019-10-05T15:46:35.772-0100][gc,cpu        ] GC(92) User=0.03s Sys=0.08s Real=0.04s
[2019-10-05T16:16:25.071-0100][gc,start      ] GC(93) Pause Young (Normal) (G1 Evacuation Pause)
[2019-10-05T16:16:25.076-0100][gc,task       ] GC(93) Using 8 workers of 8 for evacuation
[2019-10-05T16:16:25.193-0100][gc,mmu        ] GC(93) MMU target violated: 21.0ms (20.0ms/21.0ms)
[2019-10-05T16:16:25.194-0100][gc,phases     ] GC(93)   Pre Evacuate Collection Set: 12.2ms
[2019-10-05T16:16:25.194-0100][gc,phases     ] GC(93)   Evacuate Collection Set: 82.4ms
[2019-10-05T16:16:25.194-0100][gc,phases     ] GC(93)   Post Evacuate Collection Set: 5.6ms
[2019-10-05T16:16:25.195-0100][gc,phases     ] GC(93)   Other: 28.3ms
[2019-10-05T16:16:25.195-0100][gc,heap       ] GC(93) Eden regions: 48->0(48)
[2019-10-05T16:16:25.195-0100][gc,heap       ] GC(93) Survivor regions: 3->3(7)
[2019-10-05T16:16:25.195-0100][gc,heap       ] GC(93) Old regions: 14->14
[2019-10-05T16:16:25.195-0100][gc,heap       ] GC(93) Archive regions: 2->2
[2019-10-05T16:16:25.195-0100][gc,heap       ] GC(93) Humongous regions: 129->129
[2019-10-05T16:16:25.195-0100][gc,metaspace  ] GC(93) Metaspace: 37480K->37480K(1083392K)
[2019-10-05T16:16:25.196-0100][gc            ] GC(93) Pause Young (Normal) (G1 Evacuation Pause) 193M->146M(1024M) 126.003ms
[2019-10-05T16:16:25.196-0100][gc,cpu        ] GC(93) User=0.03s Sys=0.11s Real=0.13s
[2019-10-05T17:02:33.930-0100][gc,start      ] GC(94) Pause Young (Normal) (G1 Evacuation Pause)
[2019-10-05T17:02:33.933-0100][gc,task       ] GC(94) Using 8 workers of 8 for evacuation
[2019-10-05T17:02:33.956-0100][gc,mmu        ] GC(94) MMU target violated: 21.0ms (20.0ms/21.0ms)
[2019-10-05T17:02:33.957-0100][gc,phases     ] GC(94)   Pre Evacuate Collection Set: 2.5ms
[2019-10-05T17:02:33.957-0100][gc,phases     ] GC(94)   Evacuate Collection Set: 17.3ms
[2019-10-05T17:02:33.957-0100][gc,phases     ] GC(94)   Post Evacuate Collection Set: 0.9ms
[2019-10-05T17:02:33.958-0100][gc,phases     ] GC(94)   Other: 7.8ms
[2019-10-05T17:02:33.958-0100][gc,heap       ] GC(94) Eden regions: 48->0(48)
[2019-10-05T17:02:33.958-0100][gc,heap       ] GC(94) Survivor regions: 3->3(7)
[2019-10-05T17:02:33.958-0100][gc,heap       ] GC(94) Old regions: 14->15
[2019-10-05T17:02:33.958-0100][gc,heap       ] GC(94) Archive regions: 2->2
[2019-10-05T17:02:33.958-0100][gc,heap       ] GC(94) Humongous regions: 129->129
[2019-10-05T17:02:33.958-0100][gc,metaspace  ] GC(94) Metaspace: 37480K->37480K(1083392K)
[2019-10-05T17:02:33.959-0100][gc            ] GC(94) Pause Young (Normal) (G1 Evacuation Pause) 194M->145M(1024M) 28.967ms
[2019-10-05T17:02:33.959-0100][gc,cpu        ] GC(94) User=0.03s Sys=0.06s Real=0.03s
[2019-10-05T17:21:48.102-0100][gc,start      ] GC(95) Pause Young (Normal) (G1 Evacuation Pause)
[2019-10-05T17:21:48.104-0100][gc,task       ] GC(95) Using 8 workers of 8 for evacuation
[2019-10-05T17:21:48.124-0100][gc,phases     ] GC(95)   Pre Evacuate Collection Set: 2.6ms
[2019-10-05T17:21:48.124-0100][gc,phases     ] GC(95)   Evacuate Collection Set: 14.8ms
[2019-10-05T17:21:48.124-0100][gc,phases     ] GC(95)   Post Evacuate Collection Set: 0.5ms
[2019-10-05T17:21:48.125-0100][gc,phases     ] GC(95)   Other: 5.9ms
[2019-10-05T17:21:48.125-0100][gc,heap       ] GC(95) Eden regions: 48->0(50)
[2019-10-05T17:21:48.125-0100][gc,heap       ] GC(95) Survivor regions: 3->1(7)
[2019-10-05T17:21:48.125-0100][gc,heap       ] GC(95) Old regions: 15->16
[2019-10-05T17:21:48.125-0100][gc,heap       ] GC(95) Archive regions: 2->2
[2019-10-05T17:21:48.125-0100][gc,heap       ] GC(95) Humongous regions: 129->129
[2019-10-05T17:21:48.125-0100][gc,metaspace  ] GC(95) Metaspace: 37480K->37480K(1083392K)
[2019-10-05T17:21:48.125-0100][gc            ] GC(95) Pause Young (Normal) (G1 Evacuation Pause) 193M->145M(1024M) 22.743ms
[2019-10-05T17:21:48.125-0100][gc,cpu        ] GC(95) User=0.02s Sys=0.05s Real=0.02s
[2019-10-05T17:41:35.657-0100][gc,start      ] GC(96) Pause Young (Normal) (G1 Evacuation Pause)
[2019-10-05T17:41:35.659-0100][gc,task       ] GC(96) Using 8 workers of 8 for evacuation
[2019-10-05T17:41:35.680-0100][gc,phases     ] GC(96)   Pre Evacuate Collection Set: 1.9ms
[2019-10-05T17:41:35.680-0100][gc,phases     ] GC(96)   Evacuate Collection Set: 12.5ms
[2019-10-05T17:41:35.680-0100][gc,phases     ] GC(96)   Post Evacuate Collection Set: 2.3ms
[2019-10-05T17:41:35.681-0100][gc,phases     ] GC(96)   Other: 10.7ms
[2019-10-05T17:41:35.681-0100][gc,heap       ] GC(96) Eden regions: 50->0(50)
[2019-10-05T17:41:35.681-0100][gc,heap       ] GC(96) Survivor regions: 1->1(7)
[2019-10-05T17:41:35.681-0100][gc,heap       ] GC(96) Old regions: 16->17
[2019-10-05T17:41:35.681-0100][gc,heap       ] GC(96) Archive regions: 2->2
[2019-10-05T17:41:35.681-0100][gc,heap       ] GC(96) Humongous regions: 129->129
[2019-10-05T17:41:35.681-0100][gc,metaspace  ] GC(96) Metaspace: 37481K->37481K(1083392K)
[2019-10-05T17:41:35.683-0100][gc            ] GC(96) Pause Young (Normal) (G1 Evacuation Pause) 195M->145M(1024M) 26.175ms
[2019-10-05T17:41:35.683-0100][gc,cpu        ] GC(96) User=0.02s Sys=0.04s Real=0.03s
[2019-10-05T18:01:28.623-0100][gc,start      ] GC(97) Pause Young (Normal) (G1 Evacuation Pause)
[2019-10-05T18:01:28.627-0100][gc,task       ] GC(97) Using 8 workers of 8 for evacuation
[2019-10-05T18:01:28.646-0100][gc,phases     ] GC(97)   Pre Evacuate Collection Set: 2.4ms
[2019-10-05T18:01:28.646-0100][gc,phases     ] GC(97)   Evacuate Collection Set: 8.9ms
[2019-10-05T18:01:28.646-0100][gc,phases     ] GC(97)   Post Evacuate Collection Set: 2.6ms
[2019-10-05T18:01:28.647-0100][gc,phases     ] GC(97)   Other: 17.3ms
[2019-10-05T18:01:28.647-0100][gc,heap       ] GC(97) Eden regions: 50->0(50)
[2019-10-05T18:01:28.647-0100][gc,heap       ] GC(97) Survivor regions: 1->1(7)
[2019-10-05T18:01:28.647-0100][gc,heap       ] GC(97) Old regions: 17->17
[2019-10-05T18:01:28.647-0100][gc,heap       ] GC(97) Archive regions: 2->2
[2019-10-05T18:01:28.647-0100][gc,heap       ] GC(97) Humongous regions: 129->129
[2019-10-05T18:01:28.648-0100][gc,metaspace  ] GC(97) Metaspace: 37482K->37482K(1083392K)
[2019-10-05T18:01:28.649-0100][gc            ] GC(97) Pause Young (Normal) (G1 Evacuation Pause) 195M->145M(1024M) 26.439ms
[2019-10-05T18:01:28.649-0100][gc,cpu        ] GC(97) User=0.00s Sys=0.03s Real=0.02s
[2019-10-05T18:21:18.314-0100][gc,start      ] GC(98) Pause Young (Normal) (G1 Evacuation Pause)
[2019-10-05T18:21:18.316-0100][gc,task       ] GC(98) Using 8 workers of 8 for evacuation
[2019-10-05T18:21:18.341-0100][gc,mmu        ] GC(98) MMU target violated: 21.0ms (20.0ms/21.0ms)
[2019-10-05T18:21:18.342-0100][gc,phases     ] GC(98)   Pre Evacuate Collection Set: 1.3ms
[2019-10-05T18:21:18.342-0100][gc,phases     ] GC(98)   Evacuate Collection Set: 17.2ms
[2019-10-05T18:21:18.342-0100][gc,phases     ] GC(98)   Post Evacuate Collection Set: 2.4ms
[2019-10-05T18:21:18.343-0100][gc,phases     ] GC(98)   Other: 13.2ms
[2019-10-05T18:21:18.343-0100][gc,heap       ] GC(98) Eden regions: 50->0(50)
[2019-10-05T18:21:18.343-0100][gc,heap       ] GC(98) Survivor regions: 1->1(7)
[2019-10-05T18:21:18.343-0100][gc,heap       ] GC(98) Old regions: 17->17
[2019-10-05T18:21:18.343-0100][gc,heap       ] GC(98) Archive regions: 2->2
[2019-10-05T18:21:18.343-0100][gc,heap       ] GC(98) Humongous regions: 129->129
[2019-10-05T18:21:18.343-0100][gc,metaspace  ] GC(98) Metaspace: 37482K->37482K(1083392K)
[2019-10-05T18:21:18.344-0100][gc            ] GC(98) Pause Young (Normal) (G1 Evacuation Pause) 195M->145M(1024M) 31.820ms
[2019-10-05T18:21:18.344-0100][gc,cpu        ] GC(98) User=0.01s Sys=0.02s Real=0.03s
[2019-10-05T18:41:15.317-0100][gc,start      ] GC(99) Pause Young (Normal) (G1 Evacuation Pause)
[2019-10-05T18:41:15.318-0100][gc,task       ] GC(99) Using 8 workers of 8 for evacuation
[2019-10-05T18:41:15.326-0100][gc,phases     ] GC(99)   Pre Evacuate Collection Set: 1.4ms
[2019-10-05T18:41:15.326-0100][gc,phases     ] GC(99)   Evacuate Collection Set: 6.5ms
[2019-10-05T18:41:15.326-0100][gc,phases     ] GC(99)   Post Evacuate Collection Set: 0.5ms
[2019-10-05T18:41:15.327-0100][gc,phases     ] GC(99)   Other: 1.5ms
[2019-10-05T18:41:15.327-0100][gc,heap       ] GC(99) Eden regions: 50->0(50)
[2019-10-05T18:41:15.327-0100][gc,heap       ] GC(99) Survivor regions: 1->1(7)
[2019-10-05T18:41:15.327-0100][gc,heap       ] GC(99) Old regions: 17->17
[2019-10-05T18:41:15.327-0100][gc,heap       ] GC(99) Archive regions: 2->2
[2019-10-05T18:41:15.327-0100][gc,heap       ] GC(99) Humongous regions: 129->129
[2019-10-05T18:41:15.327-0100][gc,metaspace  ] GC(99) Metaspace: 37482K->37482K(1083392K)
[2019-10-05T18:41:15.327-0100][gc            ] GC(99) Pause Young (Normal) (G1 Evacuation Pause) 195M->145M(1024M) 10.083ms
[2019-10-05T18:41:15.327-0100][gc,cpu        ] GC(99) User=0.01s Sys=0.02s Real=0.01s
[2019-10-05T19:01:15.277-0100][gc,start      ] GC(100) Pause Young (Normal) (G1 Evacuation Pause)
[2019-10-05T19:01:15.278-0100][gc,task       ] GC(100) Using 8 workers of 8 for evacuation
[2019-10-05T19:01:15.289-0100][gc,phases     ] GC(100)   Pre Evacuate Collection Set: 2.5ms
[2019-10-05T19:01:15.289-0100][gc,phases     ] GC(100)   Evacuate Collection Set: 7.3ms
[2019-10-05T19:01:15.289-0100][gc,phases     ] GC(100)   Post Evacuate Collection Set: 0.5ms
[2019-10-05T19:01:15.289-0100][gc,phases     ] GC(100)   Other: 1.8ms
[2019-10-05T19:01:15.289-0100][gc,heap       ] GC(100) Eden regions: 50->0(50)
[2019-10-05T19:01:15.289-0100][gc,heap       ] GC(100) Survivor regions: 1->1(7)
[2019-10-05T19:01:15.289-0100][gc,heap       ] GC(100) Old regions: 17->17
[2019-10-05T19:01:15.289-0100][gc,heap       ] GC(100) Archive regions: 2->2
[2019-10-05T19:01:15.289-0100][gc,heap       ] GC(100) Humongous regions: 129->129
[2019-10-05T19:01:15.289-0100][gc,metaspace  ] GC(100) Metaspace: 37492K->37492K(1083392K)
[2019-10-05T19:01:15.289-0100][gc            ] GC(100) Pause Young (Normal) (G1 Evacuation Pause) 195M->145M(1024M) 12.281ms
[2019-10-05T19:01:15.289-0100][gc,cpu        ] GC(100) User=0.01s Sys=0.03s Real=0.01s
[2019-10-05T19:21:15.233-0100][gc,start      ] GC(101) Pause Young (Normal) (G1 Evacuation Pause)
[2019-10-05T19:21:15.235-0100][gc,task       ] GC(101) Using 8 workers of 8 for evacuation
[2019-10-05T19:21:15.251-0100][gc,phases     ] GC(101)   Pre Evacuate Collection Set: 2.8ms
[2019-10-05T19:21:15.251-0100][gc,phases     ] GC(101)   Evacuate Collection Set: 12.4ms
[2019-10-05T19:21:15.252-0100][gc,phases     ] GC(101)   Post Evacuate Collection Set: 0.8ms
[2019-10-05T19:21:15.252-0100][gc,phases     ] GC(101)   Other: 2.4ms
[2019-10-05T19:21:15.252-0100][gc,heap       ] GC(101) Eden regions: 50->0(52)
[2019-10-05T19:21:15.252-0100][gc,heap       ] GC(101) Survivor regions: 1->1(7)
[2019-10-05T19:21:15.252-0100][gc,heap       ] GC(101) Old regions: 17->17
[2019-10-05T19:21:15.252-0100][gc,heap       ] GC(101) Archive regions: 2->2
[2019-10-05T19:21:15.252-0100][gc,heap       ] GC(101) Humongous regions: 129->129
[2019-10-05T19:21:15.252-0100][gc,metaspace  ] GC(101) Metaspace: 37492K->37492K(1083392K)
[2019-10-05T19:21:15.252-0100][gc            ] GC(101) Pause Young (Normal) (G1 Evacuation Pause) 195M->145M(1024M) 18.502ms
[2019-10-05T19:21:15.252-0100][gc,cpu        ] GC(101) User=0.01s Sys=0.02s Real=0.02s
[2019-10-06T11:10:58.237-0100][gc,start      ] GC(102) Pause Young (Normal) (G1 Evacuation Pause)
[2019-10-06T11:10:58.240-0100][gc,task       ] GC(102) Using 8 workers of 8 for evacuation
[2019-10-06T11:10:58.320-0100][gc,mmu        ] GC(102) MMU target violated: 21.0ms (20.0ms/21.0ms)
[2019-10-06T11:10:58.320-0100][gc,phases     ] GC(102)   Pre Evacuate Collection Set: 9.0ms
[2019-10-06T11:10:58.320-0100][gc,phases     ] GC(102)   Evacuate Collection Set: 55.9ms
[2019-10-06T11:10:58.320-0100][gc,phases     ] GC(102)   Post Evacuate Collection Set: 3.9ms
[2019-10-06T11:10:58.321-0100][gc,phases     ] GC(102)   Other: 21.5ms
[2019-10-06T11:10:58.321-0100][gc,heap       ] GC(102) Eden regions: 52->0(50)
[2019-10-06T11:10:58.321-0100][gc,heap       ] GC(102) Survivor regions: 1->1(7)
[2019-10-06T11:10:58.321-0100][gc,heap       ] GC(102) Old regions: 17->17
[2019-10-06T11:10:58.321-0100][gc,heap       ] GC(102) Archive regions: 2->2
[2019-10-06T11:10:58.321-0100][gc,heap       ] GC(102) Humongous regions: 129->129
[2019-10-06T11:10:58.321-0100][gc,metaspace  ] GC(102) Metaspace: 37492K->37492K(1083392K)
[2019-10-06T11:10:58.323-0100][gc            ] GC(102) Pause Young (Normal) (G1 Evacuation Pause) 197M->145M(1024M) 86.322ms
[2019-10-06T11:10:58.323-0100][gc,cpu        ] GC(102) User=0.00s Sys=0.03s Real=0.09s
[2019-10-10T09:01:47.746-0100][gc,start      ] GC(103) Pause Young (Normal) (G1 Evacuation Pause)
[2019-10-10T09:01:47.749-0100][gc,task       ] GC(103) Using 8 workers of 8 for evacuation
[2019-10-10T09:01:47.780-0100][gc,mmu        ] GC(103) MMU target violated: 21.0ms (20.0ms/21.0ms)
[2019-10-10T09:01:47.781-0100][gc,phases     ] GC(103)   Pre Evacuate Collection Set: 4.6ms
[2019-10-10T09:01:47.781-0100][gc,phases     ] GC(103)   Evacuate Collection Set: 17.4ms
[2019-10-10T09:01:47.781-0100][gc,phases     ] GC(103)   Post Evacuate Collection Set: 2.7ms
[2019-10-10T09:01:47.782-0100][gc,phases     ] GC(103)   Other: 16.6ms
[2019-10-10T09:01:47.782-0100][gc,heap       ] GC(103) Eden regions: 50->0(50)
[2019-10-10T09:01:47.782-0100][gc,heap       ] GC(103) Survivor regions: 1->1(7)
[2019-10-10T09:01:47.782-0100][gc,heap       ] GC(103) Old regions: 17->17
[2019-10-10T09:01:47.782-0100][gc,heap       ] GC(103) Archive regions: 2->2
[2019-10-10T09:01:47.782-0100][gc,heap       ] GC(103) Humongous regions: 129->129
[2019-10-10T09:01:47.782-0100][gc,metaspace  ] GC(103) Metaspace: 37492K->37492K(1083392K)
[2019-10-10T09:01:47.783-0100][gc            ] GC(103) Pause Young (Normal) (G1 Evacuation Pause) 195M->145M(1024M) 38.666ms
[2019-10-10T09:01:47.783-0100][gc,cpu        ] GC(103) User=0.01s Sys=0.02s Real=0.04s
[2019-10-10T09:21:37.304-0100][gc,start      ] GC(104) Pause Young (Normal) (G1 Evacuation Pause)
[2019-10-10T09:21:37.307-0100][gc,task       ] GC(104) Using 8 workers of 8 for evacuation
[2019-10-10T09:21:37.343-0100][gc,mmu        ] GC(104) MMU target violated: 21.0ms (20.0ms/21.0ms)
[2019-10-10T09:21:37.344-0100][gc,phases     ] GC(104)   Pre Evacuate Collection Set: 4.4ms
[2019-10-10T09:21:37.344-0100][gc,phases     ] GC(104)   Evacuate Collection Set: 24.8ms
[2019-10-10T09:21:37.344-0100][gc,phases     ] GC(104)   Post Evacuate Collection Set: 2.5ms
[2019-10-10T09:21:37.345-0100][gc,phases     ] GC(104)   Other: 14.5ms
[2019-10-10T09:21:37.345-0100][gc,heap       ] GC(104) Eden regions: 50->0(50)
[2019-10-10T09:21:37.345-0100][gc,heap       ] GC(104) Survivor regions: 1->1(7)
[2019-10-10T09:21:37.346-0100][gc,heap       ] GC(104) Old regions: 17->17
[2019-10-10T09:21:37.346-0100][gc,heap       ] GC(104) Archive regions: 2->2
[2019-10-10T09:21:37.346-0100][gc,heap       ] GC(104) Humongous regions: 129->129
[2019-10-10T09:21:37.346-0100][gc,metaspace  ] GC(104) Metaspace: 37494K->37494K(1083392K)
[2019-10-10T09:21:37.347-0100][gc            ] GC(104) Pause Young (Normal) (G1 Evacuation Pause) 195M->145M(1024M) 43.286ms
[2019-10-10T09:21:37.347-0100][gc,cpu        ] GC(104) User=0.00s Sys=0.02s Real=0.04s
[2019-10-10T09:42:01.687-0100][gc,start      ] GC(105) Pause Young (Normal) (G1 Evacuation Pause)
[2019-10-10T09:42:01.689-0100][gc,task       ] GC(105) Using 8 workers of 8 for evacuation
[2019-10-10T09:42:01.705-0100][gc,phases     ] GC(105)   Pre Evacuate Collection Set: 2.5ms
[2019-10-10T09:42:01.705-0100][gc,phases     ] GC(105)   Evacuate Collection Set: 9.2ms
[2019-10-10T09:42:01.705-0100][gc,phases     ] GC(105)   Post Evacuate Collection Set: 2.0ms
[2019-10-10T09:42:01.706-0100][gc,phases     ] GC(105)   Other: 8.9ms
[2019-10-10T09:42:01.706-0100][gc,heap       ] GC(105) Eden regions: 50->0(50)
[2019-10-10T09:42:01.706-0100][gc,heap       ] GC(105) Survivor regions: 1->1(7)
[2019-10-10T09:42:01.706-0100][gc,heap       ] GC(105) Old regions: 17->17
[2019-10-10T09:42:01.706-0100][gc,heap       ] GC(105) Archive regions: 2->2
[2019-10-10T09:42:01.706-0100][gc,heap       ] GC(105) Humongous regions: 129->129
[2019-10-10T09:42:01.707-0100][gc,metaspace  ] GC(105) Metaspace: 37526K->37526K(1083392K)
[2019-10-10T09:42:01.707-0100][gc            ] GC(105) Pause Young (Normal) (G1 Evacuation Pause) 195M->145M(1024M) 21.514ms
[2019-10-10T09:42:01.707-0100][gc,cpu        ] GC(105) User=0.00s Sys=0.02s Real=0.02s
[2019-10-10T10:02:39.146-0100][gc,start      ] GC(106) Pause Young (Normal) (G1 Evacuation Pause)
[2019-10-10T10:02:39.149-0100][gc,task       ] GC(106) Using 8 workers of 8 for evacuation
[2019-10-10T10:02:39.163-0100][gc,phases     ] GC(106)   Pre Evacuate Collection Set: 2.1ms
[2019-10-10T10:02:39.164-0100][gc,phases     ] GC(106)   Evacuate Collection Set: 6.6ms
[2019-10-10T10:02:39.164-0100][gc,phases     ] GC(106)   Post Evacuate Collection Set: 2.3ms
[2019-10-10T10:02:39.164-0100][gc,phases     ] GC(106)   Other: 12.6ms
[2019-10-10T10:02:39.165-0100][gc,heap       ] GC(106) Eden regions: 50->0(59)
[2019-10-10T10:02:39.165-0100][gc,heap       ] GC(106) Survivor regions: 1->1(7)
[2019-10-10T10:02:39.165-0100][gc,heap       ] GC(106) Old regions: 17->17
[2019-10-10T10:02:39.165-0100][gc,heap       ] GC(106) Archive regions: 2->2
[2019-10-10T10:02:39.165-0100][gc,heap       ] GC(106) Humongous regions: 129->129
[2019-10-10T10:02:39.165-0100][gc,metaspace  ] GC(106) Metaspace: 37526K->37526K(1083392K)
[2019-10-10T10:02:39.165-0100][gc            ] GC(106) Pause Young (Normal) (G1 Evacuation Pause) 195M->145M(1024M) 20.589ms
[2019-10-10T10:02:39.166-0100][gc,cpu        ] GC(106) User=0.01s Sys=0.02s Real=0.02s
[2019-10-10T10:26:56.589-0100][gc,start      ] GC(107) Pause Young (Normal) (G1 Evacuation Pause)
[2019-10-10T10:26:56.590-0100][gc,task       ] GC(107) Using 8 workers of 8 for evacuation
[2019-10-10T10:26:56.598-0100][gc,phases     ] GC(107)   Pre Evacuate Collection Set: 1.7ms
[2019-10-10T10:26:56.598-0100][gc,phases     ] GC(107)   Evacuate Collection Set: 5.7ms
[2019-10-10T10:26:56.598-0100][gc,phases     ] GC(107)   Post Evacuate Collection Set: 0.6ms
[2019-10-10T10:26:56.599-0100][gc,phases     ] GC(107)   Other: 1.4ms
[2019-10-10T10:26:56.599-0100][gc,heap       ] GC(107) Eden regions: 59->0(75)
[2019-10-10T10:26:56.599-0100][gc,heap       ] GC(107) Survivor regions: 1->1(8)
[2019-10-10T10:26:56.599-0100][gc,heap       ] GC(107) Old regions: 17->17
[2019-10-10T10:26:56.599-0100][gc,heap       ] GC(107) Archive regions: 2->2
[2019-10-10T10:26:56.599-0100][gc,heap       ] GC(107) Humongous regions: 129->129
[2019-10-10T10:26:56.599-0100][gc,metaspace  ] GC(107) Metaspace: 37526K->37526K(1083392K)
[2019-10-10T10:26:56.599-0100][gc            ] GC(107) Pause Young (Normal) (G1 Evacuation Pause) 204M->145M(1024M) 9.599ms
[2019-10-10T10:26:56.599-0100][gc,cpu        ] GC(107) User=0.01s Sys=0.02s Real=0.01s
[2019-10-10T10:57:59.529-0100][gc,start      ] GC(108) Pause Young (Normal) (G1 Evacuation Pause)
[2019-10-10T10:57:59.542-0100][gc,task       ] GC(108) Using 8 workers of 8 for evacuation
[2019-10-10T10:57:59.552-0100][gc,phases     ] GC(108)   Pre Evacuate Collection Set: 2.2ms
[2019-10-10T10:57:59.552-0100][gc,phases     ] GC(108)   Evacuate Collection Set: 6.5ms
[2019-10-10T10:57:59.552-0100][gc,phases     ] GC(108)   Post Evacuate Collection Set: 0.5ms
[2019-10-10T10:57:59.552-0100][gc,phases     ] GC(108)   Other: 13.7ms
[2019-10-10T10:57:59.552-0100][gc,heap       ] GC(108) Eden regions: 75->0(89)
[2019-10-10T10:57:59.552-0100][gc,heap       ] GC(108) Survivor regions: 1->1(10)
[2019-10-10T10:57:59.552-0100][gc,heap       ] GC(108) Old regions: 17->17
[2019-10-10T10:57:59.552-0100][gc,heap       ] GC(108) Archive regions: 2->2
[2019-10-10T10:57:59.552-0100][gc,heap       ] GC(108) Humongous regions: 129->129
[2019-10-10T10:57:59.552-0100][gc,metaspace  ] GC(108) Metaspace: 37526K->37526K(1083392K)
[2019-10-10T10:57:59.553-0100][gc            ] GC(108) Pause Young (Normal) (G1 Evacuation Pause) 220M->145M(1024M) 23.110ms
[2019-10-10T10:57:59.553-0100][gc,cpu        ] GC(108) User=0.01s Sys=0.02s Real=0.03s
[2019-10-10T11:34:58.334-0100][gc,start      ] GC(109) Pause Young (Normal) (G1 Evacuation Pause)
[2019-10-10T11:34:58.346-0100][gc,task       ] GC(109) Using 8 workers of 8 for evacuation
[2019-10-10T11:34:58.359-0100][gc,phases     ] GC(109)   Pre Evacuate Collection Set: 2.6ms
[2019-10-10T11:34:58.359-0100][gc,phases     ] GC(109)   Evacuate Collection Set: 8.5ms
[2019-10-10T11:34:58.359-0100][gc,phases     ] GC(109)   Post Evacuate Collection Set: 0.7ms
[2019-10-10T11:34:58.359-0100][gc,phases     ] GC(109)   Other: 13.3ms
[2019-10-10T11:34:58.359-0100][gc,heap       ] GC(109) Eden regions: 89->0(344)
[2019-10-10T11:34:58.359-0100][gc,heap       ] GC(109) Survivor regions: 1->1(12)
[2019-10-10T11:34:58.359-0100][gc,heap       ] GC(109) Old regions: 17->17
[2019-10-10T11:34:58.359-0100][gc,heap       ] GC(109) Archive regions: 2->2
[2019-10-10T11:34:58.359-0100][gc,heap       ] GC(109) Humongous regions: 129->129
[2019-10-10T11:34:58.359-0100][gc,metaspace  ] GC(109) Metaspace: 37527K->37527K(1083392K)
[2019-10-10T11:34:58.359-0100][gc            ] GC(109) Pause Young (Normal) (G1 Evacuation Pause) 234M->145M(1024M) 25.245ms
[2019-10-10T11:34:58.359-0100][gc,cpu        ] GC(109) User=0.01s Sys=0.03s Real=0.02s
[2019-10-10T15:38:45.466-0100][gc,start      ] GC(110) Pause Young (Normal) (G1 Evacuation Pause)
[2019-10-10T15:38:45.477-0100][gc,task       ] GC(110) Using 8 workers of 8 for evacuation
[2019-10-10T15:38:45.841-0100][gc,mmu        ] GC(110) MMU target violated: 21.0ms (20.0ms/21.0ms)
[2019-10-10T15:38:45.841-0100][gc,phases     ] GC(110)   Pre Evacuate Collection Set: 3.8ms
[2019-10-10T15:38:45.841-0100][gc,phases     ] GC(110)   Evacuate Collection Set: 323.5ms
[2019-10-10T15:38:45.841-0100][gc,phases     ] GC(110)   Post Evacuate Collection Set: 5.1ms
[2019-10-10T15:38:45.842-0100][gc,phases     ] GC(110)   Other: 45.6ms
[2019-10-10T15:38:45.842-0100][gc,heap       ] GC(110) Eden regions: 304->0(47)
[2019-10-10T15:38:45.842-0100][gc,heap       ] GC(110) Survivor regions: 1->4(39)
[2019-10-10T15:38:45.842-0100][gc,heap       ] GC(110) Old regions: 17->17
[2019-10-10T15:38:45.842-0100][gc,heap       ] GC(110) Archive regions: 2->2
[2019-10-10T15:38:45.842-0100][gc,heap       ] GC(110) Humongous regions: 129->129
[2019-10-10T15:38:45.843-0100][gc,metaspace  ] GC(110) Metaspace: 37591K->37591K(1083392K)
[2019-10-10T15:38:45.844-0100][gc            ] GC(110) Pause Young (Normal) (G1 Evacuation Pause) 449M->149M(1024M) 377.537ms
[2019-10-10T15:38:45.844-0100][gc,cpu        ] GC(110) User=0.05s Sys=0.18s Real=0.38s
[2019-10-10T15:47:47.940-0100][gc,start      ] GC(111) Pause Young (Normal) (G1 Evacuation Pause)
[2019-10-10T15:47:47.942-0100][gc,task       ] GC(111) Using 8 workers of 8 for evacuation
[2019-10-10T15:47:48.023-0100][gc,mmu        ] GC(111) MMU target violated: 21.0ms (20.0ms/21.0ms)
[2019-10-10T15:47:48.023-0100][gc,phases     ] GC(111)   Pre Evacuate Collection Set: 2.5ms
[2019-10-10T15:47:48.023-0100][gc,phases     ] GC(111)   Evacuate Collection Set: 77.5ms
[2019-10-10T15:47:48.023-0100][gc,phases     ] GC(111)   Post Evacuate Collection Set: 0.6ms
[2019-10-10T15:47:48.023-0100][gc,phases     ] GC(111)   Other: 2.4ms
[2019-10-10T15:47:48.024-0100][gc,heap       ] GC(111) Eden regions: 47->0(46)
[2019-10-10T15:47:48.024-0100][gc,heap       ] GC(111) Survivor regions: 4->5(7)
[2019-10-10T15:47:48.024-0100][gc,heap       ] GC(111) Old regions: 17->17
[2019-10-10T15:47:48.024-0100][gc,heap       ] GC(111) Archive regions: 2->2
[2019-10-10T15:47:48.024-0100][gc,heap       ] GC(111) Humongous regions: 129->129
[2019-10-10T15:47:48.024-0100][gc,metaspace  ] GC(111) Metaspace: 37591K->37591K(1083392K)
[2019-10-10T15:47:48.024-0100][gc            ] GC(111) Pause Young (Normal) (G1 Evacuation Pause) 196M->150M(1024M) 83.142ms
[2019-10-10T15:47:48.024-0100][gc,cpu        ] GC(111) User=0.06s Sys=0.13s Real=0.08s
[2019-10-10T15:56:44.874-0100][gc,start      ] GC(112) Pause Young (Normal) (G1 Evacuation Pause)
[2019-10-10T15:56:44.886-0100][gc,task       ] GC(112) Using 8 workers of 8 for evacuation
[2019-10-10T15:56:44.932-0100][gc,mmu        ] GC(112) MMU target violated: 21.0ms (20.0ms/21.0ms)
[2019-10-10T15:56:44.933-0100][gc,phases     ] GC(112)   Pre Evacuate Collection Set: 3.0ms
[2019-10-10T15:56:44.933-0100][gc,phases     ] GC(112)   Evacuate Collection Set: 39.8ms
[2019-10-10T15:56:44.933-0100][gc,phases     ] GC(112)   Post Evacuate Collection Set: 2.6ms
[2019-10-10T15:56:44.933-0100][gc,phases     ] GC(112)   Other: 13.8ms
[2019-10-10T15:56:44.933-0100][gc,heap       ] GC(112) Eden regions: 46->0(48)
[2019-10-10T15:56:44.933-0100][gc,heap       ] GC(112) Survivor regions: 5->3(7)
[2019-10-10T15:56:44.933-0100][gc,heap       ] GC(112) Old regions: 17->18
[2019-10-10T15:56:44.933-0100][gc,heap       ] GC(112) Archive regions: 2->2
[2019-10-10T15:56:44.933-0100][gc,heap       ] GC(112) Humongous regions: 129->129
[2019-10-10T15:56:44.933-0100][gc,metaspace  ] GC(112) Metaspace: 37591K->37591K(1083392K)
[2019-10-10T15:56:44.933-0100][gc            ] GC(112) Pause Young (Normal) (G1 Evacuation Pause) 196M->149M(1024M) 59.363ms
[2019-10-10T15:56:44.933-0100][gc,cpu        ] GC(112) User=0.05s Sys=0.08s Real=0.06s
[2019-10-10T16:06:08.897-0100][gc,start      ] GC(113) Pause Young (Normal) (G1 Evacuation Pause)
[2019-10-10T16:06:08.898-0100][gc,task       ] GC(113) Using 8 workers of 8 for evacuation
[2019-10-10T16:06:08.953-0100][gc,mmu        ] GC(113) MMU target violated: 21.0ms (20.0ms/21.0ms)
[2019-10-10T16:06:08.953-0100][gc,phases     ] GC(113)   Pre Evacuate Collection Set: 2.9ms
[2019-10-10T16:06:08.953-0100][gc,phases     ] GC(113)   Evacuate Collection Set: 50.5ms
[2019-10-10T16:06:08.953-0100][gc,phases     ] GC(113)   Post Evacuate Collection Set: 0.6ms
[2019-10-10T16:06:08.953-0100][gc,phases     ] GC(113)   Other: 1.8ms
[2019-10-10T16:06:08.953-0100][gc,heap       ] GC(113) Eden regions: 48->0(48)
[2019-10-10T16:06:08.953-0100][gc,heap       ] GC(113) Survivor regions: 3->3(7)
[2019-10-10T16:06:08.953-0100][gc,heap       ] GC(113) Old regions: 18->18
[2019-10-10T16:06:08.953-0100][gc,heap       ] GC(113) Archive regions: 2->2
[2019-10-10T16:06:08.953-0100][gc,heap       ] GC(113) Humongous regions: 129->129
[2019-10-10T16:06:08.953-0100][gc,metaspace  ] GC(113) Metaspace: 37592K->37592K(1083392K)
[2019-10-10T16:06:08.953-0100][gc            ] GC(113) Pause Young (Normal) (G1 Evacuation Pause) 197M->149M(1024M) 55.811ms
[2019-10-10T16:06:08.953-0100][gc,cpu        ] GC(113) User=0.03s Sys=0.10s Real=0.06s
[2019-10-10T16:14:45.341-0100][gc,start      ] GC(114) Pause Young (Normal) (G1 Evacuation Pause)
[2019-10-10T16:14:45.343-0100][gc,task       ] GC(114) Using 8 workers of 8 for evacuation
[2019-10-10T16:14:45.434-0100][gc,mmu        ] GC(114) MMU target violated: 21.0ms (20.0ms/21.0ms)
[2019-10-10T16:14:45.434-0100][gc,phases     ] GC(114)   Pre Evacuate Collection Set: 6.7ms
[2019-10-10T16:14:45.434-0100][gc,phases     ] GC(114)   Evacuate Collection Set: 82.3ms
[2019-10-10T16:14:45.434-0100][gc,phases     ] GC(114)   Post Evacuate Collection Set: 0.7ms
[2019-10-10T16:14:45.434-0100][gc,phases     ] GC(114)   Other: 3.1ms
[2019-10-10T16:14:45.434-0100][gc,heap       ] GC(114) Eden regions: 48->0(46)
[2019-10-10T16:14:45.434-0100][gc,heap       ] GC(114) Survivor regions: 3->5(7)
[2019-10-10T16:14:45.434-0100][gc,heap       ] GC(114) Old regions: 18->18
[2019-10-10T16:14:45.434-0100][gc,heap       ] GC(114) Archive regions: 2->2
[2019-10-10T16:14:45.434-0100][gc,heap       ] GC(114) Humongous regions: 129->129
[2019-10-10T16:14:45.434-0100][gc,metaspace  ] GC(114) Metaspace: 37592K->37592K(1083392K)
[2019-10-10T16:14:45.434-0100][gc            ] GC(114) Pause Young (Normal) (G1 Evacuation Pause) 197M->151M(1024M) 92.708ms
[2019-10-10T16:14:45.434-0100][gc,cpu        ] GC(114) User=0.04s Sys=0.17s Real=0.09s
[2019-10-10T16:23:44.243-0100][gc,start      ] GC(115) Pause Young (Normal) (G1 Evacuation Pause)
[2019-10-10T16:23:44.247-0100][gc,task       ] GC(115) Using 8 workers of 8 for evacuation
[2019-10-10T16:23:44.303-0100][gc,mmu        ] GC(115) MMU target violated: 21.0ms (20.0ms/21.0ms)
[2019-10-10T16:23:44.303-0100][gc,phases     ] GC(115)   Pre Evacuate Collection Set: 2.0ms
[2019-10-10T16:23:44.303-0100][gc,phases     ] GC(115)   Evacuate Collection Set: 49.2ms
[2019-10-10T16:23:44.303-0100][gc,phases     ] GC(115)   Post Evacuate Collection Set: 2.1ms
[2019-10-10T16:23:44.304-0100][gc,phases     ] GC(115)   Other: 12.2ms
[2019-10-10T16:23:44.304-0100][gc,heap       ] GC(115) Eden regions: 46->0(47)
[2019-10-10T16:23:44.304-0100][gc,heap       ] GC(115) Survivor regions: 5->4(7)
[2019-10-10T16:23:44.304-0100][gc,heap       ] GC(115) Old regions: 18->19
[2019-10-10T16:23:44.305-0100][gc,heap       ] GC(115) Archive regions: 2->2
[2019-10-10T16:23:44.305-0100][gc,heap       ] GC(115) Humongous regions: 129->129
[2019-10-10T16:23:44.305-0100][gc,metaspace  ] GC(115) Metaspace: 37593K->37593K(1083392K)
[2019-10-10T16:23:44.305-0100][gc            ] GC(115) Pause Young (Normal) (G1 Evacuation Pause) 197M->151M(1024M) 63.126ms
[2019-10-10T16:23:44.305-0100][gc,cpu        ] GC(115) User=0.05s Sys=0.16s Real=0.06s
[2019-10-10T16:32:54.233-0100][gc,start      ] GC(116) Pause Young (Normal) (G1 Evacuation Pause)
[2019-10-10T16:32:54.234-0100][gc,task       ] GC(116) Using 8 workers of 8 for evacuation
[2019-10-10T16:32:54.285-0100][gc,mmu        ] GC(116) MMU target violated: 21.0ms (20.0ms/21.0ms)
[2019-10-10T16:32:54.285-0100][gc,phases     ] GC(116)   Pre Evacuate Collection Set: 1.7ms
[2019-10-10T16:32:54.285-0100][gc,phases     ] GC(116)   Evacuate Collection Set: 48.6ms
[2019-10-10T16:32:54.285-0100][gc,phases     ] GC(116)   Post Evacuate Collection Set: 0.5ms
[2019-10-10T16:32:54.285-0100][gc,phases     ] GC(116)   Other: 1.9ms
[2019-10-10T16:32:54.285-0100][gc,heap       ] GC(116) Eden regions: 47->0(47)
[2019-10-10T16:32:54.285-0100][gc,heap       ] GC(116) Survivor regions: 4->4(7)
[2019-10-10T16:32:54.285-0100][gc,heap       ] GC(116) Old regions: 19->19
[2019-10-10T16:32:54.285-0100][gc,heap       ] GC(116) Archive regions: 2->2
[2019-10-10T16:32:54.285-0100][gc,heap       ] GC(116) Humongous regions: 129->129
[2019-10-10T16:32:54.285-0100][gc,metaspace  ] GC(116) Metaspace: 37593K->37593K(1083392K)
[2019-10-10T16:32:54.285-0100][gc            ] GC(116) Pause Young (Normal) (G1 Evacuation Pause) 198M->151M(1024M) 52.902ms
[2019-10-10T16:32:54.286-0100][gc,cpu        ] GC(116) User=0.03s Sys=0.10s Real=0.05s
[2019-10-10T16:45:59.222-0100][gc,start      ] GC(117) Pause Young (Normal) (G1 Evacuation Pause)
[2019-10-10T16:45:59.226-0100][gc,task       ] GC(117) Using 8 workers of 8 for evacuation
[2019-10-10T16:45:59.311-0100][gc,mmu        ] GC(117) MMU target violated: 21.0ms (20.0ms/21.0ms)
[2019-10-10T16:45:59.311-0100][gc,phases     ] GC(117)   Pre Evacuate Collection Set: 1.3ms
[2019-10-10T16:45:59.311-0100][gc,phases     ] GC(117)   Evacuate Collection Set: 77.1ms
[2019-10-10T16:45:59.311-0100][gc,phases     ] GC(117)   Post Evacuate Collection Set: 2.8ms
[2019-10-10T16:45:59.312-0100][gc,phases     ] GC(117)   Other: 11.4ms
[2019-10-10T16:45:59.312-0100][gc,heap       ] GC(117) Eden regions: 47->0(47)
[2019-10-10T16:45:59.312-0100][gc,heap       ] GC(117) Survivor regions: 4->4(7)
[2019-10-10T16:45:59.312-0100][gc,heap       ] GC(117) Old regions: 19->19
[2019-10-10T16:45:59.312-0100][gc,heap       ] GC(117) Archive regions: 2->2
[2019-10-10T16:45:59.312-0100][gc,heap       ] GC(117) Humongous regions: 129->129
[2019-10-10T16:45:59.313-0100][gc,metaspace  ] GC(117) Metaspace: 37686K->37686K(1083392K)
[2019-10-10T16:45:59.313-0100][gc            ] GC(117) Pause Young (Normal) (G1 Evacuation Pause) 198M->151M(1024M) 91.889ms
[2019-10-10T16:45:59.313-0100][gc,cpu        ] GC(117) User=0.03s Sys=0.09s Real=0.09s
[2019-10-10T17:03:10.777-0100][gc,start      ] GC(118) Pause Young (Normal) (G1 Evacuation Pause)
[2019-10-10T17:03:10.780-0100][gc,task       ] GC(118) Using 8 workers of 8 for evacuation
[2019-10-10T17:03:10.914-0100][gc,mmu        ] GC(118) MMU target violated: 21.0ms (20.0ms/21.0ms)
[2019-10-10T17:03:10.914-0100][gc,phases     ] GC(118)   Pre Evacuate Collection Set: 7.3ms
[2019-10-10T17:03:10.914-0100][gc,phases     ] GC(118)   Evacuate Collection Set: 108.4ms
[2019-10-10T17:03:10.914-0100][gc,phases     ] GC(118)   Post Evacuate Collection Set: 5.6ms
[2019-10-10T17:03:10.915-0100][gc,phases     ] GC(118)   Other: 18.7ms
[2019-10-10T17:03:10.915-0100][gc,heap       ] GC(118) Eden regions: 47->0(47)
[2019-10-10T17:03:10.915-0100][gc,heap       ] GC(118) Survivor regions: 4->4(7)
[2019-10-10T17:03:10.915-0100][gc,heap       ] GC(118) Old regions: 19->19
[2019-10-10T17:03:10.915-0100][gc,heap       ] GC(118) Archive regions: 2->2
[2019-10-10T17:03:10.915-0100][gc,heap       ] GC(118) Humongous regions: 129->129
[2019-10-10T17:03:10.915-0100][gc,metaspace  ] GC(118) Metaspace: 37731K->37731K(1083392K)
[2019-10-10T17:03:10.916-0100][gc            ] GC(118) Pause Young (Normal) (G1 Evacuation Pause) 198M->151M(1024M) 139.272ms
[2019-10-10T17:03:10.916-0100][gc,cpu        ] GC(118) User=0.04s Sys=0.10s Real=0.14s
[2019-10-10T17:20:50.154-0100][gc,start      ] GC(119) Pause Young (Normal) (G1 Evacuation Pause)
[2019-10-10T17:20:50.167-0100][gc,task       ] GC(119) Using 8 workers of 8 for evacuation
[2019-10-10T17:20:50.265-0100][gc,mmu        ] GC(119) MMU target violated: 21.0ms (20.0ms/21.0ms)
[2019-10-10T17:20:50.265-0100][gc,phases     ] GC(119)   Pre Evacuate Collection Set: 7.0ms
[2019-10-10T17:20:50.265-0100][gc,phases     ] GC(119)   Evacuate Collection Set: 76.0ms
[2019-10-10T17:20:50.265-0100][gc,phases     ] GC(119)   Post Evacuate Collection Set: 1.8ms
[2019-10-10T17:20:50.265-0100][gc,phases     ] GC(119)   Other: 26.7ms
[2019-10-10T17:20:50.265-0100][gc,heap       ] GC(119) Eden regions: 47->0(47)
[2019-10-10T17:20:50.265-0100][gc,heap       ] GC(119) Survivor regions: 4->4(7)
[2019-10-10T17:20:50.266-0100][gc,heap       ] GC(119) Old regions: 19->19
[2019-10-10T17:20:50.266-0100][gc,heap       ] GC(119) Archive regions: 2->2
[2019-10-10T17:20:50.266-0100][gc,heap       ] GC(119) Humongous regions: 129->129
[2019-10-10T17:20:50.266-0100][gc,metaspace  ] GC(119) Metaspace: 37731K->37731K(1083392K)
[2019-10-10T17:20:50.266-0100][gc            ] GC(119) Pause Young (Normal) (G1 Evacuation Pause) 198M->151M(1024M) 112.114ms
[2019-10-10T17:20:50.266-0100][gc,cpu        ] GC(119) User=0.03s Sys=0.08s Real=0.11s
[2019-10-10T17:38:34.274-0100][gc,start      ] GC(120) Pause Young (Normal) (G1 Evacuation Pause)
[2019-10-10T17:38:34.279-0100][gc,task       ] GC(120) Using 8 workers of 8 for evacuation
[2019-10-10T17:38:34.611-0100][gc,mmu        ] GC(120) MMU target violated: 21.0ms (20.0ms/21.0ms)
[2019-10-10T17:38:34.611-0100][gc,phases     ] GC(120)   Pre Evacuate Collection Set: 11.9ms
[2019-10-10T17:38:34.611-0100][gc,phases     ] GC(120)   Evacuate Collection Set: 188.8ms
[2019-10-10T17:38:34.611-0100][gc,phases     ] GC(120)   Post Evacuate Collection Set: 119.8ms
[2019-10-10T17:38:34.612-0100][gc,phases     ] GC(120)   Other: 21.7ms
[2019-10-10T17:38:34.671-0100][gc,heap       ] GC(120) Eden regions: 47->0(47)
[2019-10-10T17:38:34.671-0100][gc,heap       ] GC(120) Survivor regions: 4->4(7)
[2019-10-10T17:38:34.671-0100][gc,heap       ] GC(120) Old regions: 19->19
[2019-10-10T17:38:34.671-0100][gc,heap       ] GC(120) Archive regions: 2->2
[2019-10-10T17:38:34.671-0100][gc,heap       ] GC(120) Humongous regions: 129->129
[2019-10-10T17:38:34.671-0100][gc,metaspace  ] GC(120) Metaspace: 37731K->37731K(1083392K)
[2019-10-10T17:38:34.672-0100][gc            ] GC(120) Pause Young (Normal) (G1 Evacuation Pause) 198M->151M(1024M) 399.311ms
[2019-10-10T17:38:34.672-0100][gc,cpu        ] GC(120) User=0.04s Sys=0.13s Real=0.40s
