[2019-10-03T16:00:54.099-0100][gc,heap] Heap region size: 1M
[2019-10-03T16:00:54.114-0100][gc     ] Using G1
[2019-10-03T16:00:54.114-0100][gc,heap,coops] Heap address: 0x00000007c0000000, size: 1024 MB, Compressed Oops mode: Zero based, Oop shift amount: 3
[2019-10-03T16:00:54.114-0100][gc,cds       ] Mark closed archive regions in map: [0x00000007fff00000, 0x00000007fff6fff8]
[2019-10-03T16:00:54.114-0100][gc,cds       ] Mark open archive regions in map: [0x00000007ffe00000, 0x00000007ffe45ff8]
[2019-10-03T16:00:54.137-0100][gc           ] Periodic GC disabled
[2019-10-03T16:00:56.573-0100][gc,start     ] GC(0) Pause Young (Normal) (G1 Evacuation Pause)
[2019-10-03T16:00:56.575-0100][gc,task      ] GC(0) Using 8 workers of 8 for evacuation
[2019-10-03T16:00:56.600-0100][gc,mmu       ] GC(0) MMU target violated: 21.0ms (20.0ms/21.0ms)
[2019-10-03T16:00:56.600-0100][gc,phases    ] GC(0)   Pre Evacuate Collection Set: 0.1ms
[2019-10-03T16:00:56.600-0100][gc,phases    ] GC(0)   Evacuate Collection Set: 23.9ms
[2019-10-03T16:00:56.600-0100][gc,phases    ] GC(0)   Post Evacuate Collection Set: 0.5ms
[2019-10-03T16:00:56.600-0100][gc,phases    ] GC(0)   Other: 3.3ms
[2019-10-03T16:00:56.600-0100][gc,heap      ] GC(0) Eden regions: 51->0(44)
[2019-10-03T16:00:56.600-0100][gc,heap      ] GC(0) Survivor regions: 0->7(7)
[2019-10-03T16:00:56.600-0100][gc,heap      ] GC(0) Old regions: 0->0
[2019-10-03T16:00:56.600-0100][gc,heap      ] GC(0) Archive regions: 2->2
[2019-10-03T16:00:56.600-0100][gc,heap      ] GC(0) Humongous regions: 0->0
[2019-10-03T16:00:56.600-0100][gc,metaspace ] GC(0) Metaspace: 16812K->16812K(1064960K)
[2019-10-03T16:00:56.601-0100][gc           ] GC(0) Pause Young (Normal) (G1 Evacuation Pause) 51M->6M(1024M) 27.646ms
[2019-10-03T16:00:56.601-0100][gc,cpu       ] GC(0) User=0.05s Sys=0.06s Real=0.03s
[2019-10-03T16:00:57.200-0100][gc,start     ] GC(1) Pause Young (Concurrent Start) (Metadata GC Threshold)
[2019-10-03T16:00:57.200-0100][gc,task      ] GC(1) Using 8 workers of 8 for evacuation
[2019-10-03T16:00:57.220-0100][gc,mmu       ] GC(1) MMU target violated: 20.2ms (20.0ms/21.0ms)
[2019-10-03T16:00:57.220-0100][gc,phases    ] GC(1)   Pre Evacuate Collection Set: 0.1ms
[2019-10-03T16:00:57.220-0100][gc,phases    ] GC(1)   Evacuate Collection Set: 19.5ms
[2019-10-03T16:00:57.220-0100][gc,phases    ] GC(1)   Post Evacuate Collection Set: 0.4ms
[2019-10-03T16:00:57.220-0100][gc,phases    ] GC(1)   Other: 0.4ms
[2019-10-03T16:00:57.220-0100][gc,heap      ] GC(1) Eden regions: 17->0(49)
[2019-10-03T16:00:57.220-0100][gc,heap      ] GC(1) Survivor regions: 7->2(7)
[2019-10-03T16:00:57.220-0100][gc,heap      ] GC(1) Old regions: 0->6
[2019-10-03T16:00:57.221-0100][gc,heap      ] GC(1) Archive regions: 2->2
[2019-10-03T16:00:57.221-0100][gc,heap      ] GC(1) Humongous regions: 129->129
[2019-10-03T16:00:57.221-0100][gc,metaspace ] GC(1) Metaspace: 20554K->20554K(1067008K)
[2019-10-03T16:00:57.221-0100][gc           ] GC(1) Pause Young (Concurrent Start) (Metadata GC Threshold) 152M->137M(1024M) 20.598ms
[2019-10-03T16:00:57.221-0100][gc,cpu       ] GC(1) User=0.04s Sys=0.03s Real=0.02s
[2019-10-03T16:00:57.232-0100][gc           ] GC(2) Concurrent Cycle
[2019-10-03T16:00:57.233-0100][gc,marking   ] GC(2) Concurrent Clear Claimed Marks
[2019-10-03T16:00:57.233-0100][gc,marking   ] GC(2) Concurrent Clear Claimed Marks 0.087ms
[2019-10-03T16:00:57.233-0100][gc,marking   ] GC(2) Concurrent Scan Root Regions
[2019-10-03T16:00:57.238-0100][gc,marking   ] GC(2) Concurrent Scan Root Regions 5.820ms
[2019-10-03T16:00:57.239-0100][gc,marking   ] GC(2) Concurrent Mark (3.150s)
[2019-10-03T16:00:57.239-0100][gc,marking   ] GC(2) Concurrent Mark From Roots
[2019-10-03T16:00:57.239-0100][gc,task      ] GC(2) Using 2 workers of 2 for marking
[2019-10-03T16:00:57.241-0100][gc,marking   ] GC(2) Concurrent Mark From Roots 2.417ms
[2019-10-03T16:00:57.241-0100][gc,marking   ] GC(2) Concurrent Preclean
[2019-10-03T16:00:57.241-0100][gc,marking   ] GC(2) Concurrent Preclean 0.076ms
[2019-10-03T16:00:57.241-0100][gc,marking   ] GC(2) Concurrent Mark (3.150s, 3.153s) 2.624ms
[2019-10-03T16:00:57.242-0100][gc,start     ] GC(2) Pause Remark
[2019-10-03T16:00:57.243-0100][gc,stringtable] GC(2) Cleaned string table, strings: 4834 processed, 0 removed
[2019-10-03T16:00:57.243-0100][gc            ] GC(2) Pause Remark 137M->137M(1024M) 1.298ms
[2019-10-03T16:00:57.243-0100][gc,cpu        ] GC(2) User=0.01s Sys=0.00s Real=0.00s
[2019-10-03T16:00:57.243-0100][gc,marking    ] GC(2) Concurrent Rebuild Remembered Sets
[2019-10-03T16:00:57.246-0100][gc,marking    ] GC(2) Concurrent Rebuild Remembered Sets 2.864ms
[2019-10-03T16:00:57.247-0100][gc,start      ] GC(2) Pause Cleanup
[2019-10-03T16:00:57.247-0100][gc            ] GC(2) Pause Cleanup 138M->138M(1024M) 0.194ms
[2019-10-03T16:00:57.247-0100][gc,cpu        ] GC(2) User=0.00s Sys=0.00s Real=0.00s
[2019-10-03T16:00:57.247-0100][gc,marking    ] GC(2) Concurrent Cleanup for Next Mark
[2019-10-03T16:00:57.258-0100][gc,marking    ] GC(2) Concurrent Cleanup for Next Mark 10.568ms
[2019-10-03T16:00:57.258-0100][gc            ] GC(2) Concurrent Cycle 25.443ms
[2019-10-03T16:01:34.825-0100][gc,start      ] GC(3) Pause Young (Normal) (G1 Evacuation Pause)
[2019-10-03T16:01:34.826-0100][gc,task       ] GC(3) Using 8 workers of 8 for evacuation
[2019-10-03T16:01:34.876-0100][gc,mmu        ] GC(3) MMU target violated: 21.0ms (20.0ms/21.0ms)
[2019-10-03T16:01:34.876-0100][gc,phases     ] GC(3)   Pre Evacuate Collection Set: 1.3ms
[2019-10-03T16:01:34.876-0100][gc,phases     ] GC(3)   Evacuate Collection Set: 48.1ms
[2019-10-03T16:01:34.876-0100][gc,phases     ] GC(3)   Post Evacuate Collection Set: 0.7ms
[2019-10-03T16:01:34.876-0100][gc,phases     ] GC(3)   Other: 0.7ms
[2019-10-03T16:01:34.876-0100][gc,heap       ] GC(3) Eden regions: 49->0(45)
[2019-10-03T16:01:34.876-0100][gc,heap       ] GC(3) Survivor regions: 2->6(7)
[2019-10-03T16:01:34.876-0100][gc,heap       ] GC(3) Old regions: 6->6
[2019-10-03T16:01:34.876-0100][gc,heap       ] GC(3) Archive regions: 2->2
[2019-10-03T16:01:34.876-0100][gc,heap       ] GC(3) Humongous regions: 129->129
[2019-10-03T16:01:34.876-0100][gc,metaspace  ] GC(3) Metaspace: 30637K->30637K(1077248K)
[2019-10-03T16:01:34.876-0100][gc            ] GC(3) Pause Young (Normal) (G1 Evacuation Pause) 186M->140M(1024M) 50.895ms
[2019-10-03T16:01:34.876-0100][gc,cpu        ] GC(3) User=0.05s Sys=0.09s Real=0.05s
[2019-10-03T16:07:17.056-0100][gc,start      ] GC(4) Pause Young (Concurrent Start) (Metadata GC Threshold)
[2019-10-03T16:07:17.056-0100][gc,task       ] GC(4) Using 8 workers of 8 for evacuation
[2019-10-03T16:07:17.079-0100][gc,mmu        ] GC(4) MMU target violated: 21.0ms (20.0ms/21.0ms)
[2019-10-03T16:07:17.079-0100][gc,phases     ] GC(4)   Pre Evacuate Collection Set: 0.6ms
[2019-10-03T16:07:17.079-0100][gc,phases     ] GC(4)   Evacuate Collection Set: 20.1ms
[2019-10-03T16:07:17.079-0100][gc,phases     ] GC(4)   Post Evacuate Collection Set: 0.5ms
[2019-10-03T16:07:17.079-0100][gc,phases     ] GC(4)   Other: 2.5ms
[2019-10-03T16:07:17.079-0100][gc,heap       ] GC(4) Eden regions: 37->0(49)
[2019-10-03T16:07:17.079-0100][gc,heap       ] GC(4) Survivor regions: 6->2(7)
[2019-10-03T16:07:17.079-0100][gc,heap       ] GC(4) Old regions: 6->11
[2019-10-03T16:07:17.080-0100][gc,heap       ] GC(4) Archive regions: 2->2
[2019-10-03T16:07:17.080-0100][gc,heap       ] GC(4) Humongous regions: 129->129
[2019-10-03T16:07:17.080-0100][gc,metaspace  ] GC(4) Metaspace: 33723K->33723K(1079296K)
[2019-10-03T16:07:17.080-0100][gc            ] GC(4) Pause Young (Concurrent Start) (Metadata GC Threshold) 176M->142M(1024M) 23.977ms
[2019-10-03T16:07:17.080-0100][gc,cpu        ] GC(4) User=0.04s Sys=0.05s Real=0.03s
[2019-10-03T16:07:17.080-0100][gc            ] GC(5) Concurrent Cycle
[2019-10-03T16:07:17.080-0100][gc,marking    ] GC(5) Concurrent Clear Claimed Marks
[2019-10-03T16:07:17.080-0100][gc,marking    ] GC(5) Concurrent Clear Claimed Marks 0.198ms
[2019-10-03T16:07:17.080-0100][gc,marking    ] GC(5) Concurrent Scan Root Regions
[2019-10-03T16:07:17.085-0100][gc,marking    ] GC(5) Concurrent Scan Root Regions 5.131ms
[2019-10-03T16:07:17.085-0100][gc,marking    ] GC(5) Concurrent Mark (382.987s)
[2019-10-03T16:07:17.085-0100][gc,marking    ] GC(5) Concurrent Mark From Roots
[2019-10-03T16:07:17.085-0100][gc,task       ] GC(5) Using 2 workers of 2 for marking
[2019-10-03T16:07:17.102-0100][gc,marking    ] GC(5) Concurrent Mark From Roots 16.706ms
[2019-10-03T16:07:17.102-0100][gc,marking    ] GC(5) Concurrent Preclean
[2019-10-03T16:07:17.102-0100][gc,marking    ] GC(5) Concurrent Preclean 0.106ms
[2019-10-03T16:07:17.102-0100][gc,marking    ] GC(5) Concurrent Mark (382.987s, 383.004s) 16.920ms
[2019-10-03T16:07:17.102-0100][gc,start      ] GC(5) Pause Remark
[2019-10-03T16:07:17.104-0100][gc,stringtable] GC(5) Cleaned string table, strings: 10296 processed, 9 removed
[2019-10-03T16:07:17.104-0100][gc            ] GC(5) Pause Remark 142M->142M(1024M) 1.859ms
[2019-10-03T16:07:17.104-0100][gc,cpu        ] GC(5) User=0.01s Sys=0.00s Real=0.00s
[2019-10-03T16:07:17.104-0100][gc,marking    ] GC(5) Concurrent Rebuild Remembered Sets
[2019-10-03T16:07:17.111-0100][gc,marking    ] GC(5) Concurrent Rebuild Remembered Sets 6.736ms
[2019-10-03T16:07:17.112-0100][gc,start      ] GC(5) Pause Cleanup
[2019-10-03T16:07:17.112-0100][gc            ] GC(5) Pause Cleanup 142M->142M(1024M) 0.190ms
[2019-10-03T16:07:17.112-0100][gc,cpu        ] GC(5) User=0.00s Sys=0.00s Real=0.00s
[2019-10-03T16:07:17.112-0100][gc,marking    ] GC(5) Concurrent Cleanup for Next Mark
[2019-10-03T16:07:17.127-0100][gc,marking    ] GC(5) Concurrent Cleanup for Next Mark 14.656ms
[2019-10-03T16:07:17.127-0100][gc            ] GC(5) Concurrent Cycle 47.208ms
[2019-10-03T16:18:27.029-0100][gc,start      ] GC(6) Pause Young (Normal) (G1 Evacuation Pause)
[2019-10-03T16:18:27.031-0100][gc,task       ] GC(6) Using 8 workers of 8 for evacuation
[2019-10-03T16:18:27.080-0100][gc,mmu        ] GC(6) MMU target violated: 21.0ms (20.0ms/21.0ms)
[2019-10-03T16:18:27.081-0100][gc,phases     ] GC(6)   Pre Evacuate Collection Set: 2.1ms
[2019-10-03T16:18:27.081-0100][gc,phases     ] GC(6)   Evacuate Collection Set: 45.9ms
[2019-10-03T16:18:27.081-0100][gc,phases     ] GC(6)   Post Evacuate Collection Set: 0.8ms
[2019-10-03T16:18:27.081-0100][gc,phases     ] GC(6)   Other: 14.5ms
[2019-10-03T16:18:27.081-0100][gc,heap       ] GC(6) Eden regions: 49->0(47)
[2019-10-03T16:18:27.082-0100][gc,heap       ] GC(6) Survivor regions: 2->4(7)
[2019-10-03T16:18:27.082-0100][gc,heap       ] GC(6) Old regions: 11->11
[2019-10-03T16:18:27.082-0100][gc,heap       ] GC(6) Archive regions: 2->2
[2019-10-03T16:18:27.082-0100][gc,heap       ] GC(6) Humongous regions: 129->129
[2019-10-03T16:18:27.082-0100][gc,metaspace  ] GC(6) Metaspace: 35489K->35489K(1081344K)
[2019-10-03T16:18:27.083-0100][gc            ] GC(6) Pause Young (Normal) (G1 Evacuation Pause) 191M->143M(1024M) 64.256ms
[2019-10-03T16:18:27.083-0100][gc,cpu        ] GC(6) User=0.05s Sys=0.15s Real=0.07s
[2019-10-03T16:30:20.142-0100][gc,start      ] GC(7) Pause Young (Normal) (G1 Evacuation Pause)
[2019-10-03T16:30:20.147-0100][gc,task       ] GC(7) Using 8 workers of 8 for evacuation
[2019-10-03T16:30:20.332-0100][gc,mmu        ] GC(7) MMU target violated: 21.0ms (20.0ms/21.0ms)
[2019-10-03T16:30:20.332-0100][gc,phases     ] GC(7)   Pre Evacuate Collection Set: 5.7ms
[2019-10-03T16:30:20.332-0100][gc,phases     ] GC(7)   Evacuate Collection Set: 167.7ms
[2019-10-03T16:30:20.332-0100][gc,phases     ] GC(7)   Post Evacuate Collection Set: 3.0ms
[2019-10-03T16:30:20.332-0100][gc,phases     ] GC(7)   Other: 21.6ms
[2019-10-03T16:30:20.333-0100][gc,heap       ] GC(7) Eden regions: 47->0(48)
[2019-10-03T16:30:20.333-0100][gc,heap       ] GC(7) Survivor regions: 4->3(7)
[2019-10-03T16:30:20.333-0100][gc,heap       ] GC(7) Old regions: 11->13
[2019-10-03T16:30:20.333-0100][gc,heap       ] GC(7) Archive regions: 2->2
[2019-10-03T16:30:20.333-0100][gc,heap       ] GC(7) Humongous regions: 129->129
[2019-10-03T16:30:20.333-0100][gc,metaspace  ] GC(7) Metaspace: 35592K->35592K(1081344K)
[2019-10-03T16:30:20.333-0100][gc            ] GC(7) Pause Young (Normal) (G1 Evacuation Pause) 190M->144M(1024M) 192.516ms
[2019-10-03T16:30:20.334-0100][gc,cpu        ] GC(7) User=0.09s Sys=0.14s Real=0.19s
[2019-10-03T16:43:10.428-0100][gc,start      ] GC(8) Pause Young (Normal) (G1 Evacuation Pause)
[2019-10-03T16:43:10.430-0100][gc,task       ] GC(8) Using 8 workers of 8 for evacuation
[2019-10-03T16:43:10.581-0100][gc,mmu        ] GC(8) MMU target violated: 21.0ms (20.0ms/21.0ms)
[2019-10-03T16:43:10.582-0100][gc,phases     ] GC(8)   Pre Evacuate Collection Set: 13.0ms
[2019-10-03T16:43:10.582-0100][gc,phases     ] GC(8)   Evacuate Collection Set: 123.4ms
[2019-10-03T16:43:10.582-0100][gc,phases     ] GC(8)   Post Evacuate Collection Set: 4.0ms
[2019-10-03T16:43:10.582-0100][gc,phases     ] GC(8)   Other: 16.5ms
[2019-10-03T16:43:10.582-0100][gc,heap       ] GC(8) Eden regions: 48->0(48)
[2019-10-03T16:43:10.583-0100][gc,heap       ] GC(8) Survivor regions: 3->3(7)
[2019-10-03T16:43:10.583-0100][gc,heap       ] GC(8) Old regions: 13->13
[2019-10-03T16:43:10.583-0100][gc,heap       ] GC(8) Archive regions: 2->2
[2019-10-03T16:43:10.583-0100][gc,heap       ] GC(8) Humongous regions: 129->129
[2019-10-03T16:43:10.583-0100][gc,metaspace  ] GC(8) Metaspace: 35663K->35663K(1081344K)
[2019-10-03T16:43:10.584-0100][gc            ] GC(8) Pause Young (Normal) (G1 Evacuation Pause) 192M->144M(1024M) 156.606ms
[2019-10-03T16:43:10.584-0100][gc,cpu        ] GC(8) User=0.03s Sys=0.11s Real=0.16s
[2019-10-03T16:56:30.390-0100][gc,start      ] GC(9) Pause Young (Normal) (G1 Evacuation Pause)
[2019-10-03T16:56:30.394-0100][gc,task       ] GC(9) Using 8 workers of 8 for evacuation
[2019-10-03T16:56:30.594-0100][gc,mmu        ] GC(9) MMU target violated: 21.0ms (20.0ms/21.0ms)
[2019-10-03T16:56:30.594-0100][gc,phases     ] GC(9)   Pre Evacuate Collection Set: 4.4ms
[2019-10-03T16:56:30.594-0100][gc,phases     ] GC(9)   Evacuate Collection Set: 181.5ms
[2019-10-03T16:56:30.594-0100][gc,phases     ] GC(9)   Post Evacuate Collection Set: 3.0ms
[2019-10-03T16:56:30.595-0100][gc,phases     ] GC(9)   Other: 17.1ms
[2019-10-03T16:56:30.595-0100][gc,heap       ] GC(9) Eden regions: 48->0(47)
[2019-10-03T16:56:30.595-0100][gc,heap       ] GC(9) Survivor regions: 3->4(7)
[2019-10-03T16:56:30.595-0100][gc,heap       ] GC(9) Old regions: 13->13
[2019-10-03T16:56:30.595-0100][gc,heap       ] GC(9) Archive regions: 2->2
[2019-10-03T16:56:30.595-0100][gc,heap       ] GC(9) Humongous regions: 129->129
[2019-10-03T16:56:30.596-0100][gc,metaspace  ] GC(9) Metaspace: 35697K->35697K(1081344K)
[2019-10-03T16:56:30.598-0100][gc            ] GC(9) Pause Young (Normal) (G1 Evacuation Pause) 192M->145M(1024M) 206.495ms
[2019-10-03T16:56:30.598-0100][gc,cpu        ] GC(9) User=0.04s Sys=0.11s Real=0.21s
[2019-10-03T17:09:03.449-0100][gc,start      ] GC(10) Pause Young (Normal) (G1 Evacuation Pause)
[2019-10-03T17:09:03.451-0100][gc,task       ] GC(10) Using 8 workers of 8 for evacuation
[2019-10-03T17:09:03.599-0100][gc,mmu        ] GC(10) MMU target violated: 21.0ms (20.0ms/21.0ms)
[2019-10-03T17:09:03.599-0100][gc,phases     ] GC(10)   Pre Evacuate Collection Set: 5.4ms
[2019-10-03T17:09:03.600-0100][gc,phases     ] GC(10)   Evacuate Collection Set: 135.8ms
[2019-10-03T17:09:03.600-0100][gc,phases     ] GC(10)   Post Evacuate Collection Set: 0.7ms
[2019-10-03T17:09:03.600-0100][gc,phases     ] GC(10)   Other: 10.3ms
[2019-10-03T17:09:03.600-0100][gc,heap       ] GC(10) Eden regions: 47->0(48)
[2019-10-03T17:09:03.600-0100][gc,heap       ] GC(10) Survivor regions: 4->3(7)
[2019-10-03T17:09:03.600-0100][gc,heap       ] GC(10) Old regions: 13->13
[2019-10-03T17:09:03.600-0100][gc,heap       ] GC(10) Archive regions: 2->2
[2019-10-03T17:09:03.600-0100][gc,heap       ] GC(10) Humongous regions: 129->129
[2019-10-03T17:09:03.601-0100][gc,metaspace  ] GC(10) Metaspace: 35771K->35771K(1081344K)
[2019-10-03T17:09:03.602-0100][gc            ] GC(10) Pause Young (Normal) (G1 Evacuation Pause) 192M->144M(1024M) 153.456ms
[2019-10-03T17:09:03.602-0100][gc,cpu        ] GC(10) User=0.03s Sys=0.11s Real=0.16s
[2019-10-03T17:22:30.925-0100][gc,start      ] GC(11) Pause Young (Normal) (G1 Evacuation Pause)
[2019-10-03T17:22:30.933-0100][gc,task       ] GC(11) Using 8 workers of 8 for evacuation
[2019-10-03T17:22:31.149-0100][gc,mmu        ] GC(11) MMU target violated: 21.0ms (20.0ms/21.0ms)
[2019-10-03T17:22:31.150-0100][gc,phases     ] GC(11)   Pre Evacuate Collection Set: 6.8ms
[2019-10-03T17:22:31.150-0100][gc,phases     ] GC(11)   Evacuate Collection Set: 203.7ms
[2019-10-03T17:22:31.150-0100][gc,phases     ] GC(11)   Post Evacuate Collection Set: 1.9ms
[2019-10-03T17:22:31.150-0100][gc,phases     ] GC(11)   Other: 12.2ms
[2019-10-03T17:22:31.150-0100][gc,heap       ] GC(11) Eden regions: 48->0(47)
[2019-10-03T17:22:31.150-0100][gc,heap       ] GC(11) Survivor regions: 3->4(7)
[2019-10-03T17:22:31.150-0100][gc,heap       ] GC(11) Old regions: 13->13
[2019-10-03T17:22:31.150-0100][gc,heap       ] GC(11) Archive regions: 2->2
[2019-10-03T17:22:31.150-0100][gc,heap       ] GC(11) Humongous regions: 129->129
[2019-10-03T17:22:31.151-0100][gc,metaspace  ] GC(11) Metaspace: 35808K->35808K(1081344K)
[2019-10-03T17:22:31.152-0100][gc            ] GC(11) Pause Young (Normal) (G1 Evacuation Pause) 192M->145M(1024M) 226.111ms
[2019-10-03T17:22:31.152-0100][gc,cpu        ] GC(11) User=0.04s Sys=0.10s Real=0.23s
[2019-10-03T17:34:25.343-0100][gc,start      ] GC(12) Pause Young (Normal) (G1 Evacuation Pause)
[2019-10-03T17:34:25.349-0100][gc,task       ] GC(12) Using 8 workers of 8 for evacuation
[2019-10-03T17:34:25.622-0100][gc,mmu        ] GC(12) MMU target violated: 21.0ms (20.0ms/21.0ms)
[2019-10-03T17:34:25.622-0100][gc,phases     ] GC(12)   Pre Evacuate Collection Set: 8.6ms
[2019-10-03T17:34:25.622-0100][gc,phases     ] GC(12)   Evacuate Collection Set: 242.8ms
[2019-10-03T17:34:25.622-0100][gc,phases     ] GC(12)   Post Evacuate Collection Set: 14.6ms
[2019-10-03T17:34:25.623-0100][gc,phases     ] GC(12)   Other: 27.7ms
[2019-10-03T17:34:25.623-0100][gc,heap       ] GC(12) Eden regions: 47->0(48)
[2019-10-03T17:34:25.623-0100][gc,heap       ] GC(12) Survivor regions: 4->3(7)
[2019-10-03T17:34:25.623-0100][gc,heap       ] GC(12) Old regions: 13->13
[2019-10-03T17:34:25.623-0100][gc,heap       ] GC(12) Archive regions: 2->2
[2019-10-03T17:34:25.623-0100][gc,heap       ] GC(12) Humongous regions: 129->129
[2019-10-03T17:34:25.624-0100][gc,metaspace  ] GC(12) Metaspace: 36153K->36153K(1081344K)
[2019-10-03T17:34:25.626-0100][gc            ] GC(12) Pause Young (Normal) (G1 Evacuation Pause) 192M->144M(1024M) 284.732ms
[2019-10-03T17:34:25.626-0100][gc,cpu        ] GC(12) User=0.03s Sys=0.12s Real=0.28s
[2019-10-03T20:23:17.680-0100][gc,start      ] GC(13) Pause Young (Normal) (G1 Evacuation Pause)
[2019-10-03T20:23:17.682-0100][gc,task       ] GC(13) Using 8 workers of 8 for evacuation
[2019-10-03T20:23:17.912-0100][gc,mmu        ] GC(13) MMU target violated: 21.0ms (20.0ms/21.0ms)
[2019-10-03T20:23:17.913-0100][gc,phases     ] GC(13)   Pre Evacuate Collection Set: 8.0ms
[2019-10-03T20:23:17.913-0100][gc,phases     ] GC(13)   Evacuate Collection Set: 212.5ms
[2019-10-03T20:23:17.913-0100][gc,phases     ] GC(13)   Post Evacuate Collection Set: 2.2ms
[2019-10-03T20:23:17.913-0100][gc,phases     ] GC(13)   Other: 14.1ms
[2019-10-03T20:23:17.913-0100][gc,heap       ] GC(13) Eden regions: 48->0(47)
[2019-10-03T20:23:17.913-0100][gc,heap       ] GC(13) Survivor regions: 3->4(7)
[2019-10-03T20:23:17.914-0100][gc,heap       ] GC(13) Old regions: 13->13
[2019-10-03T20:23:17.914-0100][gc,heap       ] GC(13) Archive regions: 2->2
[2019-10-03T20:23:17.914-0100][gc,heap       ] GC(13) Humongous regions: 129->129
[2019-10-03T20:23:17.914-0100][gc,metaspace  ] GC(13) Metaspace: 36863K->36863K(1083392K)
[2019-10-03T20:23:17.914-0100][gc            ] GC(13) Pause Young (Normal) (G1 Evacuation Pause) 192M->145M(1024M) 235.449ms
[2019-10-03T20:23:17.914-0100][gc,cpu        ] GC(13) User=0.03s Sys=0.12s Real=0.24s
[2019-10-03T20:33:23.398-0100][gc,start      ] GC(14) Pause Young (Normal) (G1 Evacuation Pause)
[2019-10-03T20:33:23.401-0100][gc,task       ] GC(14) Using 8 workers of 8 for evacuation
[2019-10-03T20:33:23.483-0100][gc,mmu        ] GC(14) MMU target violated: 21.0ms (20.0ms/21.0ms)
[2019-10-03T20:33:23.483-0100][gc,phases     ] GC(14)   Pre Evacuate Collection Set: 2.1ms
[2019-10-03T20:33:23.483-0100][gc,phases     ] GC(14)   Evacuate Collection Set: 73.5ms
[2019-10-03T20:33:23.483-0100][gc,phases     ] GC(14)   Post Evacuate Collection Set: 2.4ms
[2019-10-03T20:33:23.484-0100][gc,phases     ] GC(14)   Other: 12.1ms
[2019-10-03T20:33:23.484-0100][gc,heap       ] GC(14) Eden regions: 47->0(47)
[2019-10-03T20:33:23.484-0100][gc,heap       ] GC(14) Survivor regions: 4->4(7)
[2019-10-03T20:33:23.484-0100][gc,heap       ] GC(14) Old regions: 13->13
[2019-10-03T20:33:23.484-0100][gc,heap       ] GC(14) Archive regions: 2->2
[2019-10-03T20:33:23.484-0100][gc,heap       ] GC(14) Humongous regions: 129->129
[2019-10-03T20:33:23.484-0100][gc,metaspace  ] GC(14) Metaspace: 36899K->36899K(1083392K)
[2019-10-03T20:33:23.485-0100][gc            ] GC(14) Pause Young (Normal) (G1 Evacuation Pause) 192M->145M(1024M) 87.511ms
[2019-10-03T20:33:23.485-0100][gc,cpu        ] GC(14) User=0.03s Sys=0.08s Real=0.09s
[2019-10-03T20:43:02.993-0100][gc,start      ] GC(15) Pause Young (Normal) (G1 Evacuation Pause)
[2019-10-03T20:43:02.996-0100][gc,task       ] GC(15) Using 8 workers of 8 for evacuation
[2019-10-03T20:43:03.120-0100][gc,mmu        ] GC(15) MMU target violated: 21.0ms (20.0ms/21.0ms)
[2019-10-03T20:43:03.121-0100][gc,phases     ] GC(15)   Pre Evacuate Collection Set: 1.6ms
[2019-10-03T20:43:03.121-0100][gc,phases     ] GC(15)   Evacuate Collection Set: 112.7ms
[2019-10-03T20:43:03.121-0100][gc,phases     ] GC(15)   Post Evacuate Collection Set: 4.8ms
[2019-10-03T20:43:03.122-0100][gc,phases     ] GC(15)   Other: 12.6ms
[2019-10-03T20:43:03.123-0100][gc,heap       ] GC(15) Eden regions: 47->0(47)
[2019-10-03T20:43:03.123-0100][gc,heap       ] GC(15) Survivor regions: 4->4(7)
[2019-10-03T20:43:03.123-0100][gc,heap       ] GC(15) Old regions: 13->13
[2019-10-03T20:43:03.123-0100][gc,heap       ] GC(15) Archive regions: 2->2
[2019-10-03T20:43:03.123-0100][gc,heap       ] GC(15) Humongous regions: 129->129
[2019-10-03T20:43:03.123-0100][gc,metaspace  ] GC(15) Metaspace: 36924K->36924K(1083392K)
[2019-10-03T20:43:03.124-0100][gc            ] GC(15) Pause Young (Normal) (G1 Evacuation Pause) 192M->146M(1024M) 131.656ms
[2019-10-03T20:43:03.125-0100][gc,cpu        ] GC(15) User=0.05s Sys=0.21s Real=0.13s
[2019-10-03T20:53:17.907-0100][gc,start      ] GC(16) Pause Young (Normal) (G1 Evacuation Pause)
[2019-10-03T20:53:17.910-0100][gc,task       ] GC(16) Using 8 workers of 8 for evacuation
[2019-10-03T20:53:17.987-0100][gc,mmu        ] GC(16) MMU target violated: 21.0ms (20.0ms/21.0ms)
[2019-10-03T20:53:17.988-0100][gc,phases     ] GC(16)   Pre Evacuate Collection Set: 2.4ms
[2019-10-03T20:53:17.988-0100][gc,phases     ] GC(16)   Evacuate Collection Set: 69.4ms
[2019-10-03T20:53:17.988-0100][gc,phases     ] GC(16)   Post Evacuate Collection Set: 2.6ms
[2019-10-03T20:53:17.988-0100][gc,phases     ] GC(16)   Other: 11.4ms
[2019-10-03T20:53:17.989-0100][gc,heap       ] GC(16) Eden regions: 47->0(47)
[2019-10-03T20:53:17.989-0100][gc,heap       ] GC(16) Survivor regions: 4->4(7)
[2019-10-03T20:53:17.989-0100][gc,heap       ] GC(16) Old regions: 13->13
[2019-10-03T20:53:17.989-0100][gc,heap       ] GC(16) Archive regions: 2->2
[2019-10-03T20:53:17.989-0100][gc,heap       ] GC(16) Humongous regions: 129->129
[2019-10-03T20:53:17.989-0100][gc,metaspace  ] GC(16) Metaspace: 36945K->36945K(1083392K)
[2019-10-03T20:53:17.989-0100][gc            ] GC(16) Pause Young (Normal) (G1 Evacuation Pause) 193M->146M(1024M) 83.143ms
[2019-10-03T20:53:17.990-0100][gc,cpu        ] GC(16) User=0.07s Sys=0.16s Real=0.09s
[2019-10-03T21:03:39.248-0100][gc,start      ] GC(17) Pause Young (Normal) (G1 Evacuation Pause)
[2019-10-03T21:03:39.248-0100][gc,task       ] GC(17) Using 8 workers of 8 for evacuation
[2019-10-03T21:03:39.275-0100][gc,mmu        ] GC(17) MMU target violated: 21.0ms (20.0ms/21.0ms)
[2019-10-03T21:03:39.275-0100][gc,phases     ] GC(17)   Pre Evacuate Collection Set: 2.6ms
[2019-10-03T21:03:39.275-0100][gc,phases     ] GC(17)   Evacuate Collection Set: 22.9ms
[2019-10-03T21:03:39.275-0100][gc,phases     ] GC(17)   Post Evacuate Collection Set: 0.5ms
[2019-10-03T21:03:39.275-0100][gc,phases     ] GC(17)   Other: 3.4ms
[2019-10-03T21:03:39.275-0100][gc,heap       ] GC(17) Eden regions: 47->0(48)
[2019-10-03T21:03:39.275-0100][gc,heap       ] GC(17) Survivor regions: 4->3(7)
[2019-10-03T21:03:39.275-0100][gc,heap       ] GC(17) Old regions: 13->14
[2019-10-03T21:03:39.275-0100][gc,heap       ] GC(17) Archive regions: 2->2
[2019-10-03T21:03:39.275-0100][gc,heap       ] GC(17) Humongous regions: 129->129
[2019-10-03T21:03:39.275-0100][gc,metaspace  ] GC(17) Metaspace: 36947K->36947K(1083392K)
[2019-10-03T21:03:39.275-0100][gc            ] GC(17) Pause Young (Normal) (G1 Evacuation Pause) 193M->145M(1024M) 27.758ms
[2019-10-03T21:03:39.275-0100][gc,cpu        ] GC(17) User=0.03s Sys=0.09s Real=0.03s
[2019-10-03T21:14:00.315-0100][gc,start      ] GC(18) Pause Young (Normal) (G1 Evacuation Pause)
[2019-10-03T21:14:00.316-0100][gc,task       ] GC(18) Using 8 workers of 8 for evacuation
[2019-10-03T21:14:00.350-0100][gc,mmu        ] GC(18) MMU target violated: 21.0ms (20.0ms/21.0ms)
[2019-10-03T21:14:00.350-0100][gc,phases     ] GC(18)   Pre Evacuate Collection Set: 2.8ms
[2019-10-03T21:14:00.350-0100][gc,phases     ] GC(18)   Evacuate Collection Set: 29.2ms
[2019-10-03T21:14:00.350-0100][gc,phases     ] GC(18)   Post Evacuate Collection Set: 0.5ms
[2019-10-03T21:14:00.350-0100][gc,phases     ] GC(18)   Other: 1.9ms
[2019-10-03T21:14:00.350-0100][gc,heap       ] GC(18) Eden regions: 48->0(47)
[2019-10-03T21:14:00.350-0100][gc,heap       ] GC(18) Survivor regions: 3->4(7)
[2019-10-03T21:14:00.350-0100][gc,heap       ] GC(18) Old regions: 14->14
[2019-10-03T21:14:00.350-0100][gc,heap       ] GC(18) Archive regions: 2->2
[2019-10-03T21:14:00.350-0100][gc,heap       ] GC(18) Humongous regions: 129->129
[2019-10-03T21:14:00.350-0100][gc,metaspace  ] GC(18) Metaspace: 36948K->36948K(1083392K)
[2019-10-03T21:14:00.350-0100][gc            ] GC(18) Pause Young (Normal) (G1 Evacuation Pause) 193M->145M(1024M) 34.589ms
[2019-10-03T21:14:00.350-0100][gc,cpu        ] GC(18) User=0.04s Sys=0.09s Real=0.04s
[2019-10-03T21:24:22.691-0100][gc,start      ] GC(19) Pause Young (Normal) (G1 Evacuation Pause)
[2019-10-03T21:24:22.692-0100][gc,task       ] GC(19) Using 8 workers of 8 for evacuation
[2019-10-03T21:24:22.723-0100][gc,mmu        ] GC(19) MMU target violated: 21.0ms (20.0ms/21.0ms)
[2019-10-03T21:24:22.723-0100][gc,phases     ] GC(19)   Pre Evacuate Collection Set: 1.3ms
[2019-10-03T21:24:22.723-0100][gc,phases     ] GC(19)   Evacuate Collection Set: 28.5ms
[2019-10-03T21:24:22.723-0100][gc,phases     ] GC(19)   Post Evacuate Collection Set: 0.5ms
[2019-10-03T21:24:22.723-0100][gc,phases     ] GC(19)   Other: 1.1ms
[2019-10-03T21:24:22.723-0100][gc,heap       ] GC(19) Eden regions: 47->0(47)
[2019-10-03T21:24:22.723-0100][gc,heap       ] GC(19) Survivor regions: 4->4(7)
[2019-10-03T21:24:22.723-0100][gc,heap       ] GC(19) Old regions: 14->14
[2019-10-03T21:24:22.723-0100][gc,heap       ] GC(19) Archive regions: 2->2
[2019-10-03T21:24:22.723-0100][gc,heap       ] GC(19) Humongous regions: 129->129
[2019-10-03T21:24:22.723-0100][gc,metaspace  ] GC(19) Metaspace: 36969K->36969K(1083392K)
[2019-10-03T21:24:22.723-0100][gc            ] GC(19) Pause Young (Normal) (G1 Evacuation Pause) 192M->146M(1024M) 31.549ms
[2019-10-03T21:24:22.723-0100][gc,cpu        ] GC(19) User=0.03s Sys=0.09s Real=0.03s
[2019-10-03T21:34:42.377-0100][gc,start      ] GC(20) Pause Young (Normal) (G1 Evacuation Pause)
[2019-10-03T21:34:42.389-0100][gc,task       ] GC(20) Using 8 workers of 8 for evacuation
[2019-10-03T21:34:42.450-0100][gc,mmu        ] GC(20) MMU target violated: 21.0ms (20.0ms/21.0ms)
[2019-10-03T21:34:42.450-0100][gc,phases     ] GC(20)   Pre Evacuate Collection Set: 3.2ms
[2019-10-03T21:34:42.450-0100][gc,phases     ] GC(20)   Evacuate Collection Set: 57.0ms
[2019-10-03T21:34:42.450-0100][gc,phases     ] GC(20)   Post Evacuate Collection Set: 0.4ms
[2019-10-03T21:34:42.450-0100][gc,phases     ] GC(20)   Other: 12.9ms
[2019-10-03T21:34:42.450-0100][gc,heap       ] GC(20) Eden regions: 47->0(47)
[2019-10-03T21:34:42.450-0100][gc,heap       ] GC(20) Survivor regions: 4->4(7)
[2019-10-03T21:34:42.450-0100][gc,heap       ] GC(20) Old regions: 14->14
[2019-10-03T21:34:42.450-0100][gc,heap       ] GC(20) Archive regions: 2->2
[2019-10-03T21:34:42.450-0100][gc,heap       ] GC(20) Humongous regions: 129->129
[2019-10-03T21:34:42.450-0100][gc,metaspace  ] GC(20) Metaspace: 36978K->36978K(1083392K)
[2019-10-03T21:34:42.450-0100][gc            ] GC(20) Pause Young (Normal) (G1 Evacuation Pause) 193M->146M(1024M) 73.687ms
[2019-10-03T21:34:42.450-0100][gc,cpu        ] GC(20) User=0.04s Sys=0.11s Real=0.08s
[2019-10-03T21:44:29.301-0100][gc,start      ] GC(21) Pause Young (Normal) (G1 Evacuation Pause)
[2019-10-03T21:44:29.305-0100][gc,task       ] GC(21) Using 8 workers of 8 for evacuation
[2019-10-03T21:44:29.345-0100][gc,mmu        ] GC(21) MMU target violated: 21.0ms (20.0ms/21.0ms)
[2019-10-03T21:44:29.345-0100][gc,phases     ] GC(21)   Pre Evacuate Collection Set: 2.0ms
[2019-10-03T21:44:29.345-0100][gc,phases     ] GC(21)   Evacuate Collection Set: 33.0ms
[2019-10-03T21:44:29.345-0100][gc,phases     ] GC(21)   Post Evacuate Collection Set: 2.2ms
[2019-10-03T21:44:29.345-0100][gc,phases     ] GC(21)   Other: 12.1ms
[2019-10-03T21:44:29.346-0100][gc,heap       ] GC(21) Eden regions: 47->0(48)
[2019-10-03T21:44:29.346-0100][gc,heap       ] GC(21) Survivor regions: 4->3(7)
[2019-10-03T21:44:29.346-0100][gc,heap       ] GC(21) Old regions: 14->14
[2019-10-03T21:44:29.346-0100][gc,heap       ] GC(21) Archive regions: 2->2
[2019-10-03T21:44:29.346-0100][gc,heap       ] GC(21) Humongous regions: 129->129
[2019-10-03T21:44:29.346-0100][gc,metaspace  ] GC(21) Metaspace: 36991K->36991K(1083392K)
[2019-10-03T21:44:29.347-0100][gc            ] GC(21) Pause Young (Normal) (G1 Evacuation Pause) 193M->145M(1024M) 47.006ms
[2019-10-03T21:44:29.347-0100][gc,cpu        ] GC(21) User=0.02s Sys=0.12s Real=0.05s
[2019-10-03T21:55:08.629-0100][gc,start      ] GC(22) Pause Young (Normal) (G1 Evacuation Pause)
[2019-10-03T21:55:08.629-0100][gc,task       ] GC(22) Using 8 workers of 8 for evacuation
[2019-10-03T21:55:08.696-0100][gc,mmu        ] GC(22) MMU target violated: 21.0ms (20.0ms/21.0ms)
[2019-10-03T21:55:08.696-0100][gc,phases     ] GC(22)   Pre Evacuate Collection Set: 1.3ms
[2019-10-03T21:55:08.696-0100][gc,phases     ] GC(22)   Evacuate Collection Set: 64.6ms
[2019-10-03T21:55:08.696-0100][gc,phases     ] GC(22)   Post Evacuate Collection Set: 0.5ms
[2019-10-03T21:55:08.696-0100][gc,phases     ] GC(22)   Other: 2.1ms
[2019-10-03T21:55:08.696-0100][gc,heap       ] GC(22) Eden regions: 48->0(48)
[2019-10-03T21:55:08.696-0100][gc,heap       ] GC(22) Survivor regions: 3->3(7)
[2019-10-03T21:55:08.697-0100][gc,heap       ] GC(22) Old regions: 14->14
[2019-10-03T21:55:08.697-0100][gc,heap       ] GC(22) Archive regions: 2->2
[2019-10-03T21:55:08.697-0100][gc,heap       ] GC(22) Humongous regions: 129->129
[2019-10-03T21:55:08.697-0100][gc,metaspace  ] GC(22) Metaspace: 36999K->36999K(1083392K)
[2019-10-03T21:55:08.697-0100][gc            ] GC(22) Pause Young (Normal) (G1 Evacuation Pause) 193M->145M(1024M) 67.604ms
[2019-10-03T21:55:08.697-0100][gc,cpu        ] GC(22) User=0.03s Sys=0.07s Real=0.07s
[2019-10-03T22:05:49.907-0100][gc,start      ] GC(23) Pause Young (Normal) (G1 Evacuation Pause)
[2019-10-03T22:05:49.908-0100][gc,task       ] GC(23) Using 8 workers of 8 for evacuation
[2019-10-03T22:05:49.938-0100][gc,mmu        ] GC(23) MMU target violated: 21.0ms (20.0ms/21.0ms)
[2019-10-03T22:05:49.938-0100][gc,phases     ] GC(23)   Pre Evacuate Collection Set: 2.6ms
[2019-10-03T22:05:49.938-0100][gc,phases     ] GC(23)   Evacuate Collection Set: 26.5ms
[2019-10-03T22:05:49.938-0100][gc,phases     ] GC(23)   Post Evacuate Collection Set: 0.5ms
[2019-10-03T22:05:49.938-0100][gc,phases     ] GC(23)   Other: 1.5ms
[2019-10-03T22:05:49.938-0100][gc,heap       ] GC(23) Eden regions: 48->0(47)
[2019-10-03T22:05:49.938-0100][gc,heap       ] GC(23) Survivor regions: 3->4(7)
[2019-10-03T22:05:49.938-0100][gc,heap       ] GC(23) Old regions: 14->14
[2019-10-03T22:05:49.938-0100][gc,heap       ] GC(23) Archive regions: 2->2
[2019-10-03T22:05:49.938-0100][gc,heap       ] GC(23) Humongous regions: 129->129
[2019-10-03T22:05:49.938-0100][gc,metaspace  ] GC(23) Metaspace: 37002K->37002K(1083392K)
[2019-10-03T22:05:49.938-0100][gc            ] GC(23) Pause Young (Normal) (G1 Evacuation Pause) 193M->146M(1024M) 31.291ms
[2019-10-03T22:05:49.938-0100][gc,cpu        ] GC(23) User=0.04s Sys=0.08s Real=0.03s
[2019-10-03T22:16:10.434-0100][gc,start      ] GC(24) Pause Young (Normal) (G1 Evacuation Pause)
[2019-10-03T22:16:10.438-0100][gc,task       ] GC(24) Using 8 workers of 8 for evacuation
[2019-10-03T22:16:10.488-0100][gc,mmu        ] GC(24) MMU target violated: 21.0ms (20.0ms/21.0ms)
[2019-10-03T22:16:10.488-0100][gc,phases     ] GC(24)   Pre Evacuate Collection Set: 2.6ms
[2019-10-03T22:16:10.488-0100][gc,phases     ] GC(24)   Evacuate Collection Set: 40.9ms
[2019-10-03T22:16:10.488-0100][gc,phases     ] GC(24)   Post Evacuate Collection Set: 2.9ms
[2019-10-03T22:16:10.489-0100][gc,phases     ] GC(24)   Other: 13.0ms
[2019-10-03T22:16:10.489-0100][gc,heap       ] GC(24) Eden regions: 47->0(47)
[2019-10-03T22:16:10.489-0100][gc,heap       ] GC(24) Survivor regions: 4->4(7)
[2019-10-03T22:16:10.489-0100][gc,heap       ] GC(24) Old regions: 14->14
[2019-10-03T22:16:10.489-0100][gc,heap       ] GC(24) Archive regions: 2->2
[2019-10-03T22:16:10.489-0100][gc,heap       ] GC(24) Humongous regions: 129->129
[2019-10-03T22:16:10.490-0100][gc,metaspace  ] GC(24) Metaspace: 37007K->37007K(1083392K)
[2019-10-03T22:16:10.491-0100][gc            ] GC(24) Pause Young (Normal) (G1 Evacuation Pause) 193M->146M(1024M) 57.045ms
[2019-10-03T22:16:10.491-0100][gc,cpu        ] GC(24) User=0.05s Sys=0.12s Real=0.06s
[2019-10-03T22:26:41.837-0100][gc,start      ] GC(25) Pause Young (Normal) (G1 Evacuation Pause)
[2019-10-03T22:26:41.837-0100][gc,task       ] GC(25) Using 8 workers of 8 for evacuation
[2019-10-03T22:26:41.871-0100][gc,mmu        ] GC(25) MMU target violated: 21.0ms (20.0ms/21.0ms)
[2019-10-03T22:26:41.872-0100][gc,phases     ] GC(25)   Pre Evacuate Collection Set: 2.6ms
[2019-10-03T22:26:41.872-0100][gc,phases     ] GC(25)   Evacuate Collection Set: 30.3ms
[2019-10-03T22:26:41.872-0100][gc,phases     ] GC(25)   Post Evacuate Collection Set: 0.6ms
[2019-10-03T22:26:41.872-0100][gc,phases     ] GC(25)   Other: 1.6ms
[2019-10-03T22:26:41.872-0100][gc,heap       ] GC(25) Eden regions: 47->0(48)
[2019-10-03T22:26:41.872-0100][gc,heap       ] GC(25) Survivor regions: 4->3(7)
[2019-10-03T22:26:41.872-0100][gc,heap       ] GC(25) Old regions: 14->14
[2019-10-03T22:26:41.872-0100][gc,heap       ] GC(25) Archive regions: 2->2
[2019-10-03T22:26:41.872-0100][gc,heap       ] GC(25) Humongous regions: 129->129
[2019-10-03T22:26:41.872-0100][gc,metaspace  ] GC(25) Metaspace: 37013K->37013K(1083392K)
[2019-10-03T22:26:41.872-0100][gc            ] GC(25) Pause Young (Normal) (G1 Evacuation Pause) 193M->145M(1024M) 35.333ms
[2019-10-03T22:26:41.872-0100][gc,cpu        ] GC(25) User=0.03s Sys=0.13s Real=0.04s
[2019-10-03T22:37:27.024-0100][gc,start      ] GC(26) Pause Young (Normal) (G1 Evacuation Pause)
[2019-10-03T22:37:27.036-0100][gc,task       ] GC(26) Using 8 workers of 8 for evacuation
[2019-10-03T22:37:27.086-0100][gc,mmu        ] GC(26) MMU target violated: 21.0ms (20.0ms/21.0ms)
[2019-10-03T22:37:27.086-0100][gc,phases     ] GC(26)   Pre Evacuate Collection Set: 3.0ms
[2019-10-03T22:37:27.086-0100][gc,phases     ] GC(26)   Evacuate Collection Set: 44.9ms
[2019-10-03T22:37:27.086-0100][gc,phases     ] GC(26)   Post Evacuate Collection Set: 0.8ms
[2019-10-03T22:37:27.086-0100][gc,phases     ] GC(26)   Other: 13.1ms
[2019-10-03T22:37:27.086-0100][gc,heap       ] GC(26) Eden regions: 48->0(48)
[2019-10-03T22:37:27.086-0100][gc,heap       ] GC(26) Survivor regions: 3->3(7)
[2019-10-03T22:37:27.086-0100][gc,heap       ] GC(26) Old regions: 14->14
[2019-10-03T22:37:27.086-0100][gc,heap       ] GC(26) Archive regions: 2->2
[2019-10-03T22:37:27.086-0100][gc,heap       ] GC(26) Humongous regions: 129->129
[2019-10-03T22:37:27.086-0100][gc,metaspace  ] GC(26) Metaspace: 37014K->37014K(1083392K)
[2019-10-03T22:37:27.086-0100][gc            ] GC(26) Pause Young (Normal) (G1 Evacuation Pause) 193M->145M(1024M) 61.898ms
[2019-10-03T22:37:27.086-0100][gc,cpu        ] GC(26) User=0.03s Sys=0.11s Real=0.06s
[2019-10-03T22:47:37.715-0100][gc,start      ] GC(27) Pause Young (Normal) (G1 Evacuation Pause)
[2019-10-03T22:47:37.716-0100][gc,task       ] GC(27) Using 8 workers of 8 for evacuation
[2019-10-03T22:47:37.763-0100][gc,mmu        ] GC(27) MMU target violated: 21.0ms (20.0ms/21.0ms)
[2019-10-03T22:47:37.763-0100][gc,phases     ] GC(27)   Pre Evacuate Collection Set: 2.9ms
[2019-10-03T22:47:37.763-0100][gc,phases     ] GC(27)   Evacuate Collection Set: 42.4ms
[2019-10-03T22:47:37.763-0100][gc,phases     ] GC(27)   Post Evacuate Collection Set: 0.7ms
[2019-10-03T22:47:37.763-0100][gc,phases     ] GC(27)   Other: 14.8ms
[2019-10-03T22:47:37.763-0100][gc,heap       ] GC(27) Eden regions: 48->0(47)
[2019-10-03T22:47:37.763-0100][gc,heap       ] GC(27) Survivor regions: 3->4(7)
[2019-10-03T22:47:37.763-0100][gc,heap       ] GC(27) Old regions: 14->14
[2019-10-03T22:47:37.763-0100][gc,heap       ] GC(27) Archive regions: 2->2
[2019-10-03T22:47:37.763-0100][gc,heap       ] GC(27) Humongous regions: 129->129
[2019-10-03T22:47:37.763-0100][gc,metaspace  ] GC(27) Metaspace: 37025K->37025K(1083392K)
[2019-10-03T22:47:37.763-0100][gc            ] GC(27) Pause Young (Normal) (G1 Evacuation Pause) 193M->145M(1024M) 48.165ms
[2019-10-03T22:47:37.763-0100][gc,cpu        ] GC(27) User=0.04s Sys=0.14s Real=0.05s
[2019-10-03T22:58:11.676-0100][gc,start      ] GC(28) Pause Young (Normal) (G1 Evacuation Pause)
[2019-10-03T22:58:11.688-0100][gc,task       ] GC(28) Using 8 workers of 8 for evacuation
[2019-10-03T22:58:11.715-0100][gc,mmu        ] GC(28) MMU target violated: 21.0ms (20.0ms/21.0ms)
[2019-10-03T22:58:11.715-0100][gc,phases     ] GC(28)   Pre Evacuate Collection Set: 3.1ms
[2019-10-03T22:58:11.715-0100][gc,phases     ] GC(28)   Evacuate Collection Set: 23.2ms
[2019-10-03T22:58:11.715-0100][gc,phases     ] GC(28)   Post Evacuate Collection Set: 0.4ms
[2019-10-03T22:58:11.715-0100][gc,phases     ] GC(28)   Other: 13.0ms
[2019-10-03T22:58:11.715-0100][gc,heap       ] GC(28) Eden regions: 47->0(47)
[2019-10-03T22:58:11.715-0100][gc,heap       ] GC(28) Survivor regions: 4->4(7)
[2019-10-03T22:58:11.715-0100][gc,heap       ] GC(28) Old regions: 14->14
[2019-10-03T22:58:11.715-0100][gc,heap       ] GC(28) Archive regions: 2->2
[2019-10-03T22:58:11.715-0100][gc,heap       ] GC(28) Humongous regions: 129->129
[2019-10-03T22:58:11.715-0100][gc,metaspace  ] GC(28) Metaspace: 37052K->37052K(1083392K)
[2019-10-03T22:58:11.715-0100][gc            ] GC(28) Pause Young (Normal) (G1 Evacuation Pause) 192M->146M(1024M) 39.799ms
[2019-10-03T22:58:11.716-0100][gc,cpu        ] GC(28) User=0.03s Sys=0.08s Real=0.04s
[2019-10-03T23:08:43.537-0100][gc,start      ] GC(29) Pause Young (Normal) (G1 Evacuation Pause)
[2019-10-03T23:08:43.541-0100][gc,task       ] GC(29) Using 8 workers of 8 for evacuation
[2019-10-03T23:08:43.579-0100][gc,mmu        ] GC(29) MMU target violated: 21.0ms (20.0ms/21.0ms)
[2019-10-03T23:08:43.580-0100][gc,phases     ] GC(29)   Pre Evacuate Collection Set: 2.1ms
[2019-10-03T23:08:43.580-0100][gc,phases     ] GC(29)   Evacuate Collection Set: 30.1ms
[2019-10-03T23:08:43.580-0100][gc,phases     ] GC(29)   Post Evacuate Collection Set: 2.7ms
[2019-10-03T23:08:43.581-0100][gc,phases     ] GC(29)   Other: 16.0ms
[2019-10-03T23:08:43.581-0100][gc,heap       ] GC(29) Eden regions: 47->0(48)
[2019-10-03T23:08:43.581-0100][gc,heap       ] GC(29) Survivor regions: 4->3(7)
[2019-10-03T23:08:43.581-0100][gc,heap       ] GC(29) Old regions: 14->14
[2019-10-03T23:08:43.581-0100][gc,heap       ] GC(29) Archive regions: 2->2
[2019-10-03T23:08:43.581-0100][gc,heap       ] GC(29) Humongous regions: 129->129
[2019-10-03T23:08:43.582-0100][gc,metaspace  ] GC(29) Metaspace: 37052K->37052K(1083392K)
[2019-10-03T23:08:43.583-0100][gc            ] GC(29) Pause Young (Normal) (G1 Evacuation Pause) 193M->145M(1024M) 47.228ms
[2019-10-03T23:08:43.583-0100][gc,cpu        ] GC(29) User=0.02s Sys=0.12s Real=0.05s
[2019-10-03T23:19:16.263-0100][gc,start      ] GC(30) Pause Young (Normal) (G1 Evacuation Pause)
[2019-10-03T23:19:16.264-0100][gc,task       ] GC(30) Using 8 workers of 8 for evacuation
[2019-10-03T23:19:16.282-0100][gc,phases     ] GC(30)   Pre Evacuate Collection Set: 2.6ms
[2019-10-03T23:19:16.282-0100][gc,phases     ] GC(30)   Evacuate Collection Set: 14.4ms
[2019-10-03T23:19:16.282-0100][gc,phases     ] GC(30)   Post Evacuate Collection Set: 0.4ms
[2019-10-03T23:19:16.282-0100][gc,phases     ] GC(30)   Other: 1.5ms
[2019-10-03T23:19:16.282-0100][gc,heap       ] GC(30) Eden regions: 48->0(48)
[2019-10-03T23:19:16.282-0100][gc,heap       ] GC(30) Survivor regions: 3->3(7)
[2019-10-03T23:19:16.282-0100][gc,heap       ] GC(30) Old regions: 14->14
[2019-10-03T23:19:16.282-0100][gc,heap       ] GC(30) Archive regions: 2->2
[2019-10-03T23:19:16.282-0100][gc,heap       ] GC(30) Humongous regions: 129->129
[2019-10-03T23:19:16.282-0100][gc,metaspace  ] GC(30) Metaspace: 37058K->37058K(1083392K)
[2019-10-03T23:19:16.282-0100][gc            ] GC(30) Pause Young (Normal) (G1 Evacuation Pause) 193M->145M(1024M) 19.142ms
[2019-10-03T23:19:16.282-0100][gc,cpu        ] GC(30) User=0.03s Sys=0.04s Real=0.02s
[2019-10-03T23:30:00.194-0100][gc,start      ] GC(31) Pause Young (Normal) (G1 Evacuation Pause)
[2019-10-03T23:30:00.195-0100][gc,task       ] GC(31) Using 8 workers of 8 for evacuation
[2019-10-03T23:30:00.222-0100][gc,mmu        ] GC(31) MMU target violated: 21.0ms (20.0ms/21.0ms)
[2019-10-03T23:30:00.222-0100][gc,phases     ] GC(31)   Pre Evacuate Collection Set: 3.0ms
[2019-10-03T23:30:00.222-0100][gc,phases     ] GC(31)   Evacuate Collection Set: 23.2ms
[2019-10-03T23:30:00.222-0100][gc,phases     ] GC(31)   Post Evacuate Collection Set: 0.5ms
[2019-10-03T23:30:00.223-0100][gc,phases     ] GC(31)   Other: 1.8ms
[2019-10-03T23:30:00.223-0100][gc,heap       ] GC(31) Eden regions: 48->0(47)
[2019-10-03T23:30:00.223-0100][gc,heap       ] GC(31) Survivor regions: 3->4(7)
[2019-10-03T23:30:00.223-0100][gc,heap       ] GC(31) Old regions: 14->14
[2019-10-03T23:30:00.223-0100][gc,heap       ] GC(31) Archive regions: 2->2
[2019-10-03T23:30:00.223-0100][gc,heap       ] GC(31) Humongous regions: 129->129
[2019-10-03T23:30:00.223-0100][gc,metaspace  ] GC(31) Metaspace: 37064K->37064K(1083392K)
[2019-10-03T23:30:00.223-0100][gc            ] GC(31) Pause Young (Normal) (G1 Evacuation Pause) 193M->145M(1024M) 28.582ms
[2019-10-03T23:30:00.223-0100][gc,cpu        ] GC(31) User=0.04s Sys=0.05s Real=0.03s
[2019-10-03T23:40:20.829-0100][gc,start      ] GC(32) Pause Young (Normal) (G1 Evacuation Pause)
[2019-10-03T23:40:20.829-0100][gc,task       ] GC(32) Using 8 workers of 8 for evacuation
[2019-10-03T23:40:20.848-0100][gc,phases     ] GC(32)   Pre Evacuate Collection Set: 1.2ms
[2019-10-03T23:40:20.848-0100][gc,phases     ] GC(32)   Evacuate Collection Set: 16.7ms
[2019-10-03T23:40:20.848-0100][gc,phases     ] GC(32)   Post Evacuate Collection Set: 0.5ms
[2019-10-03T23:40:20.848-0100][gc,phases     ] GC(32)   Other: 2.1ms
[2019-10-03T23:40:20.848-0100][gc,heap       ] GC(32) Eden regions: 47->0(47)
[2019-10-03T23:40:20.848-0100][gc,heap       ] GC(32) Survivor regions: 4->4(7)
[2019-10-03T23:40:20.848-0100][gc,heap       ] GC(32) Old regions: 14->14
[2019-10-03T23:40:20.848-0100][gc,heap       ] GC(32) Archive regions: 2->2
[2019-10-03T23:40:20.848-0100][gc,heap       ] GC(32) Humongous regions: 129->129
[2019-10-03T23:40:20.848-0100][gc,metaspace  ] GC(32) Metaspace: 37067K->37067K(1083392K)
[2019-10-03T23:40:20.848-0100][gc            ] GC(32) Pause Young (Normal) (G1 Evacuation Pause) 192M->146M(1024M) 19.615ms
[2019-10-03T23:40:20.848-0100][gc,cpu        ] GC(32) User=0.03s Sys=0.05s Real=0.02s
[2019-10-03T23:50:27.755-0100][gc,start      ] GC(33) Pause Young (Normal) (G1 Evacuation Pause)
[2019-10-03T23:50:27.766-0100][gc,task       ] GC(33) Using 8 workers of 8 for evacuation
[2019-10-03T23:50:27.785-0100][gc,phases     ] GC(33)   Pre Evacuate Collection Set: 2.1ms
[2019-10-03T23:50:27.785-0100][gc,phases     ] GC(33)   Evacuate Collection Set: 15.6ms
[2019-10-03T23:50:27.785-0100][gc,phases     ] GC(33)   Post Evacuate Collection Set: 0.4ms
[2019-10-03T23:50:27.785-0100][gc,phases     ] GC(33)   Other: 12.4ms
[2019-10-03T23:50:27.785-0100][gc,heap       ] GC(33) Eden regions: 47->0(48)
[2019-10-03T23:50:27.785-0100][gc,heap       ] GC(33) Survivor regions: 4->3(7)
[2019-10-03T23:50:27.785-0100][gc,heap       ] GC(33) Old regions: 14->14
[2019-10-03T23:50:27.785-0100][gc,heap       ] GC(33) Archive regions: 2->2
[2019-10-03T23:50:27.785-0100][gc,heap       ] GC(33) Humongous regions: 129->129
[2019-10-03T23:50:27.785-0100][gc,metaspace  ] GC(33) Metaspace: 37069K->37069K(1083392K)
[2019-10-03T23:50:27.785-0100][gc            ] GC(33) Pause Young (Normal) (G1 Evacuation Pause) 193M->145M(1024M) 30.697ms
[2019-10-03T23:50:27.785-0100][gc,cpu        ] GC(33) User=0.03s Sys=0.06s Real=0.03s
[2019-10-04T00:01:10.874-0100][gc,start      ] GC(34) Pause Young (Normal) (G1 Evacuation Pause)
[2019-10-04T00:01:10.878-0100][gc,task       ] GC(34) Using 8 workers of 8 for evacuation
[2019-10-04T00:01:10.930-0100][gc,mmu        ] GC(34) MMU target violated: 21.0ms (20.0ms/21.0ms)
[2019-10-04T00:01:10.930-0100][gc,phases     ] GC(34)   Pre Evacuate Collection Set: 1.7ms
[2019-10-04T00:01:10.931-0100][gc,phases     ] GC(34)   Evacuate Collection Set: 45.2ms
[2019-10-04T00:01:10.931-0100][gc,phases     ] GC(34)   Post Evacuate Collection Set: 2.2ms
[2019-10-04T00:01:10.931-0100][gc,phases     ] GC(34)   Other: 13.3ms
[2019-10-04T00:01:10.932-0100][gc,heap       ] GC(34) Eden regions: 48->0(48)
[2019-10-04T00:01:10.932-0100][gc,heap       ] GC(34) Survivor regions: 3->3(7)
[2019-10-04T00:01:10.932-0100][gc,heap       ] GC(34) Old regions: 14->14
[2019-10-04T00:01:10.932-0100][gc,heap       ] GC(34) Archive regions: 2->2
[2019-10-04T00:01:10.932-0100][gc,heap       ] GC(34) Humongous regions: 129->129
[2019-10-04T00:01:10.932-0100][gc,metaspace  ] GC(34) Metaspace: 37071K->37071K(1083392K)
[2019-10-04T00:01:10.933-0100][gc            ] GC(34) Pause Young (Normal) (G1 Evacuation Pause) 193M->145M(1024M) 59.726ms
[2019-10-04T00:01:10.933-0100][gc,cpu        ] GC(34) User=0.03s Sys=0.14s Real=0.06s
[2019-10-04T00:11:47.571-0100][gc,start      ] GC(35) Pause Young (Normal) (G1 Evacuation Pause)
[2019-10-04T00:11:47.574-0100][gc,task       ] GC(35) Using 8 workers of 8 for evacuation
[2019-10-04T00:11:47.614-0100][gc,mmu        ] GC(35) MMU target violated: 21.0ms (20.0ms/21.0ms)
[2019-10-04T00:11:47.614-0100][gc,phases     ] GC(35)   Pre Evacuate Collection Set: 2.1ms
[2019-10-04T00:11:47.614-0100][gc,phases     ] GC(35)   Evacuate Collection Set: 31.0ms
[2019-10-04T00:11:47.614-0100][gc,phases     ] GC(35)   Post Evacuate Collection Set: 2.4ms
[2019-10-04T00:11:47.615-0100][gc,phases     ] GC(35)   Other: 13.5ms
[2019-10-04T00:11:47.615-0100][gc,heap       ] GC(35) Eden regions: 48->0(47)
[2019-10-04T00:11:47.616-0100][gc,heap       ] GC(35) Survivor regions: 3->4(7)
[2019-10-04T00:11:47.616-0100][gc,heap       ] GC(35) Old regions: 14->14
[2019-10-04T00:11:47.616-0100][gc,heap       ] GC(35) Archive regions: 2->2
[2019-10-04T00:11:47.616-0100][gc,heap       ] GC(35) Humongous regions: 129->129
[2019-10-04T00:11:47.616-0100][gc,metaspace  ] GC(35) Metaspace: 37072K->37072K(1083392K)
[2019-10-04T00:11:47.616-0100][gc            ] GC(35) Pause Young (Normal) (G1 Evacuation Pause) 193M->146M(1024M) 46.492ms
[2019-10-04T00:11:47.616-0100][gc,cpu        ] GC(35) User=0.03s Sys=0.09s Real=0.05s
[2019-10-04T00:22:17.700-0100][gc,start      ] GC(36) Pause Young (Normal) (G1 Evacuation Pause)
[2019-10-04T00:22:17.712-0100][gc,task       ] GC(36) Using 8 workers of 8 for evacuation
[2019-10-04T00:22:17.757-0100][gc,mmu        ] GC(36) MMU target violated: 21.0ms (20.0ms/21.0ms)
[2019-10-04T00:22:17.757-0100][gc,phases     ] GC(36)   Pre Evacuate Collection Set: 2.9ms
[2019-10-04T00:22:17.757-0100][gc,phases     ] GC(36)   Evacuate Collection Set: 41.0ms
[2019-10-04T00:22:17.757-0100][gc,phases     ] GC(36)   Post Evacuate Collection Set: 0.5ms
[2019-10-04T00:22:17.757-0100][gc,phases     ] GC(36)   Other: 13.0ms
[2019-10-04T00:22:17.757-0100][gc,heap       ] GC(36) Eden regions: 47->0(47)
[2019-10-04T00:22:17.757-0100][gc,heap       ] GC(36) Survivor regions: 4->4(7)
[2019-10-04T00:22:17.757-0100][gc,heap       ] GC(36) Old regions: 14->14
[2019-10-04T00:22:17.757-0100][gc,heap       ] GC(36) Archive regions: 2->2
[2019-10-04T00:22:17.757-0100][gc,heap       ] GC(36) Humongous regions: 129->129
[2019-10-04T00:22:17.757-0100][gc,metaspace  ] GC(36) Metaspace: 37077K->37077K(1083392K)
[2019-10-04T00:22:17.757-0100][gc            ] GC(36) Pause Young (Normal) (G1 Evacuation Pause) 193M->146M(1024M) 57.466ms
[2019-10-04T00:22:17.757-0100][gc,cpu        ] GC(36) User=0.05s Sys=0.13s Real=0.05s
[2019-10-04T00:32:48.960-0100][gc,start      ] GC(37) Pause Young (Normal) (G1 Evacuation Pause)
[2019-10-04T00:32:48.961-0100][gc,task       ] GC(37) Using 8 workers of 8 for evacuation
[2019-10-04T00:32:48.980-0100][gc,phases     ] GC(37)   Pre Evacuate Collection Set: 2.8ms
[2019-10-04T00:32:48.980-0100][gc,phases     ] GC(37)   Evacuate Collection Set: 16.0ms
[2019-10-04T00:32:48.980-0100][gc,phases     ] GC(37)   Post Evacuate Collection Set: 0.4ms
[2019-10-04T00:32:48.980-0100][gc,phases     ] GC(37)   Other: 1.5ms
[2019-10-04T00:32:48.980-0100][gc,heap       ] GC(37) Eden regions: 47->0(48)
[2019-10-04T00:32:48.980-0100][gc,heap       ] GC(37) Survivor regions: 4->3(7)
[2019-10-04T00:32:48.981-0100][gc,heap       ] GC(37) Old regions: 14->14
[2019-10-04T00:32:48.981-0100][gc,heap       ] GC(37) Archive regions: 2->2
[2019-10-04T00:32:48.981-0100][gc,heap       ] GC(37) Humongous regions: 129->129
[2019-10-04T00:32:48.981-0100][gc,metaspace  ] GC(37) Metaspace: 37077K->37077K(1083392K)
[2019-10-04T00:32:48.981-0100][gc            ] GC(37) Pause Young (Normal) (G1 Evacuation Pause) 193M->145M(1024M) 20.839ms
[2019-10-04T00:32:48.981-0100][gc,cpu        ] GC(37) User=0.02s Sys=0.07s Real=0.02s
[2019-10-04T00:42:56.556-0100][gc,start      ] GC(38) Pause Young (Normal) (G1 Evacuation Pause)
[2019-10-04T00:42:56.557-0100][gc,task       ] GC(38) Using 8 workers of 8 for evacuation
[2019-10-04T00:42:56.580-0100][gc,mmu        ] GC(38) MMU target violated: 21.0ms (20.0ms/21.0ms)
[2019-10-04T00:42:56.580-0100][gc,phases     ] GC(38)   Pre Evacuate Collection Set: 2.6ms
[2019-10-04T00:42:56.580-0100][gc,phases     ] GC(38)   Evacuate Collection Set: 19.7ms
[2019-10-04T00:42:56.580-0100][gc,phases     ] GC(38)   Post Evacuate Collection Set: 0.5ms
[2019-10-04T00:42:56.581-0100][gc,phases     ] GC(38)   Other: 1.7ms
[2019-10-04T00:42:56.581-0100][gc,heap       ] GC(38) Eden regions: 48->0(48)
[2019-10-04T00:42:56.581-0100][gc,heap       ] GC(38) Survivor regions: 3->3(7)
[2019-10-04T00:42:56.581-0100][gc,heap       ] GC(38) Old regions: 14->14
[2019-10-04T00:42:56.581-0100][gc,heap       ] GC(38) Archive regions: 2->2
[2019-10-04T00:42:56.581-0100][gc,heap       ] GC(38) Humongous regions: 129->129
[2019-10-04T00:42:56.581-0100][gc,metaspace  ] GC(38) Metaspace: 37079K->37079K(1083392K)
[2019-10-04T00:42:56.581-0100][gc            ] GC(38) Pause Young (Normal) (G1 Evacuation Pause) 193M->145M(1024M) 24.569ms
[2019-10-04T00:42:56.581-0100][gc,cpu        ] GC(38) User=0.03s Sys=0.08s Real=0.03s
[2019-10-04T00:53:41.970-0100][gc,start      ] GC(39) Pause Young (Normal) (G1 Evacuation Pause)
[2019-10-04T00:53:41.982-0100][gc,task       ] GC(39) Using 8 workers of 8 for evacuation
[2019-10-04T00:53:42.017-0100][gc,mmu        ] GC(39) MMU target violated: 21.0ms (20.0ms/21.0ms)
[2019-10-04T00:53:42.017-0100][gc,phases     ] GC(39)   Pre Evacuate Collection Set: 3.2ms
[2019-10-04T00:53:42.017-0100][gc,phases     ] GC(39)   Evacuate Collection Set: 30.0ms
[2019-10-04T00:53:42.017-0100][gc,phases     ] GC(39)   Post Evacuate Collection Set: 0.5ms
[2019-10-04T00:53:42.017-0100][gc,phases     ] GC(39)   Other: 13.1ms
[2019-10-04T00:53:42.017-0100][gc,heap       ] GC(39) Eden regions: 48->0(47)
[2019-10-04T00:53:42.017-0100][gc,heap       ] GC(39) Survivor regions: 3->4(7)
[2019-10-04T00:53:42.017-0100][gc,heap       ] GC(39) Old regions: 14->14
[2019-10-04T00:53:42.017-0100][gc,heap       ] GC(39) Archive regions: 2->2
[2019-10-04T00:53:42.017-0100][gc,heap       ] GC(39) Humongous regions: 129->129
[2019-10-04T00:53:42.017-0100][gc,metaspace  ] GC(39) Metaspace: 37082K->37082K(1083392K)
[2019-10-04T00:53:42.017-0100][gc            ] GC(39) Pause Young (Normal) (G1 Evacuation Pause) 193M->146M(1024M) 46.865ms
[2019-10-04T00:53:42.017-0100][gc,cpu        ] GC(39) User=0.03s Sys=0.10s Real=0.04s
[2019-10-04T01:04:12.640-0100][gc,start      ] GC(40) Pause Young (Normal) (G1 Evacuation Pause)
[2019-10-04T01:04:12.652-0100][gc,task       ] GC(40) Using 8 workers of 8 for evacuation
[2019-10-04T01:04:12.675-0100][gc,mmu        ] GC(40) MMU target violated: 21.0ms (20.0ms/21.0ms)
[2019-10-04T01:04:12.675-0100][gc,phases     ] GC(40)   Pre Evacuate Collection Set: 3.1ms
[2019-10-04T01:04:12.675-0100][gc,phases     ] GC(40)   Evacuate Collection Set: 18.2ms
[2019-10-04T01:04:12.675-0100][gc,phases     ] GC(40)   Post Evacuate Collection Set: 0.4ms
[2019-10-04T01:04:12.675-0100][gc,phases     ] GC(40)   Other: 12.9ms
[2019-10-04T01:04:12.675-0100][gc,heap       ] GC(40) Eden regions: 47->0(47)
[2019-10-04T01:04:12.675-0100][gc,heap       ] GC(40) Survivor regions: 4->4(7)
[2019-10-04T01:04:12.675-0100][gc,heap       ] GC(40) Old regions: 14->14
[2019-10-04T01:04:12.675-0100][gc,heap       ] GC(40) Archive regions: 2->2
[2019-10-04T01:04:12.675-0100][gc,heap       ] GC(40) Humongous regions: 129->129
[2019-10-04T01:04:12.675-0100][gc,metaspace  ] GC(40) Metaspace: 37087K->37087K(1083392K)
[2019-10-04T01:04:12.675-0100][gc            ] GC(40) Pause Young (Normal) (G1 Evacuation Pause) 193M->146M(1024M) 34.780ms
[2019-10-04T01:04:12.675-0100][gc,cpu        ] GC(40) User=0.03s Sys=0.06s Real=0.03s
[2019-10-04T01:14:33.413-0100][gc,start      ] GC(41) Pause Young (Normal) (G1 Evacuation Pause)
[2019-10-04T01:14:33.414-0100][gc,task       ] GC(41) Using 8 workers of 8 for evacuation
[2019-10-04T01:14:33.432-0100][gc,phases     ] GC(41)   Pre Evacuate Collection Set: 2.6ms
[2019-10-04T01:14:33.432-0100][gc,phases     ] GC(41)   Evacuate Collection Set: 14.0ms
[2019-10-04T01:14:33.432-0100][gc,phases     ] GC(41)   Post Evacuate Collection Set: 0.4ms
[2019-10-04T01:14:33.432-0100][gc,phases     ] GC(41)   Other: 1.6ms
[2019-10-04T01:14:33.432-0100][gc,heap       ] GC(41) Eden regions: 47->0(48)
[2019-10-04T01:14:33.432-0100][gc,heap       ] GC(41) Survivor regions: 4->3(7)
[2019-10-04T01:14:33.432-0100][gc,heap       ] GC(41) Old regions: 14->14
[2019-10-04T01:14:33.432-0100][gc,heap       ] GC(41) Archive regions: 2->2
[2019-10-04T01:14:33.432-0100][gc,heap       ] GC(41) Humongous regions: 129->129
[2019-10-04T01:14:33.432-0100][gc,metaspace  ] GC(41) Metaspace: 37095K->37095K(1083392K)
[2019-10-04T01:14:33.432-0100][gc            ] GC(41) Pause Young (Normal) (G1 Evacuation Pause) 193M->145M(1024M) 18.797ms
[2019-10-04T01:14:33.432-0100][gc,cpu        ] GC(41) User=0.02s Sys=0.06s Real=0.02s
[2019-10-04T01:25:17.610-0100][gc,start      ] GC(42) Pause Young (Normal) (G1 Evacuation Pause)
[2019-10-04T01:25:17.622-0100][gc,task       ] GC(42) Using 8 workers of 8 for evacuation
[2019-10-04T01:25:17.659-0100][gc,mmu        ] GC(42) MMU target violated: 21.0ms (20.0ms/21.0ms)
[2019-10-04T01:25:17.660-0100][gc,phases     ] GC(42)   Pre Evacuate Collection Set: 3.0ms
[2019-10-04T01:25:17.660-0100][gc,phases     ] GC(42)   Evacuate Collection Set: 33.1ms
[2019-10-04T01:25:17.660-0100][gc,phases     ] GC(42)   Post Evacuate Collection Set: 0.5ms
[2019-10-04T01:25:17.660-0100][gc,phases     ] GC(42)   Other: 13.0ms
[2019-10-04T01:25:17.660-0100][gc,heap       ] GC(42) Eden regions: 48->0(48)
[2019-10-04T01:25:17.660-0100][gc,heap       ] GC(42) Survivor regions: 3->3(7)
[2019-10-04T01:25:17.660-0100][gc,heap       ] GC(42) Old regions: 14->14
[2019-10-04T01:25:17.660-0100][gc,heap       ] GC(42) Archive regions: 2->2
[2019-10-04T01:25:17.660-0100][gc,heap       ] GC(42) Humongous regions: 129->129
[2019-10-04T01:25:17.660-0100][gc,metaspace  ] GC(42) Metaspace: 37117K->37117K(1083392K)
[2019-10-04T01:25:17.660-0100][gc            ] GC(42) Pause Young (Normal) (G1 Evacuation Pause) 193M->145M(1024M) 49.708ms
[2019-10-04T01:25:17.660-0100][gc,cpu        ] GC(42) User=0.04s Sys=0.09s Real=0.05s
[2019-10-04T01:36:04.044-0100][gc,start      ] GC(43) Pause Young (Normal) (G1 Evacuation Pause)
[2019-10-04T01:36:04.044-0100][gc,task       ] GC(43) Using 8 workers of 8 for evacuation
[2019-10-04T01:36:04.096-0100][gc,mmu        ] GC(43) MMU target violated: 21.0ms (20.0ms/21.0ms)
[2019-10-04T01:36:04.096-0100][gc,phases     ] GC(43)   Pre Evacuate Collection Set: 2.5ms
[2019-10-04T01:36:04.096-0100][gc,phases     ] GC(43)   Evacuate Collection Set: 48.0ms
[2019-10-04T01:36:04.096-0100][gc,phases     ] GC(43)   Post Evacuate Collection Set: 0.5ms
[2019-10-04T01:36:04.096-0100][gc,phases     ] GC(43)   Other: 1.9ms
[2019-10-04T01:36:04.096-0100][gc,heap       ] GC(43) Eden regions: 48->0(47)
[2019-10-04T01:36:04.096-0100][gc,heap       ] GC(43) Survivor regions: 3->4(7)
[2019-10-04T01:36:04.097-0100][gc,heap       ] GC(43) Old regions: 14->14
[2019-10-04T01:36:04.097-0100][gc,heap       ] GC(43) Archive regions: 2->2
[2019-10-04T01:36:04.097-0100][gc,heap       ] GC(43) Humongous regions: 129->129
[2019-10-04T01:36:04.097-0100][gc,metaspace  ] GC(43) Metaspace: 37117K->37117K(1083392K)
[2019-10-04T01:36:04.097-0100][gc            ] GC(43) Pause Young (Normal) (G1 Evacuation Pause) 193M->146M(1024M) 53.019ms
[2019-10-04T01:36:04.097-0100][gc,cpu        ] GC(43) User=0.05s Sys=0.15s Real=0.05s
[2019-10-04T01:45:59.277-0100][gc,start      ] GC(44) Pause Young (Normal) (G1 Evacuation Pause)
[2019-10-04T01:45:59.289-0100][gc,task       ] GC(44) Using 8 workers of 8 for evacuation
[2019-10-04T01:45:59.340-0100][gc,mmu        ] GC(44) MMU target violated: 21.0ms (20.0ms/21.0ms)
[2019-10-04T01:45:59.340-0100][gc,phases     ] GC(44)   Pre Evacuate Collection Set: 2.4ms
[2019-10-04T01:45:59.340-0100][gc,phases     ] GC(44)   Evacuate Collection Set: 47.6ms
[2019-10-04T01:45:59.340-0100][gc,phases     ] GC(44)   Post Evacuate Collection Set: 0.4ms
[2019-10-04T01:45:59.340-0100][gc,phases     ] GC(44)   Other: 13.2ms
[2019-10-04T01:45:59.340-0100][gc,heap       ] GC(44) Eden regions: 47->0(47)
[2019-10-04T01:45:59.340-0100][gc,heap       ] GC(44) Survivor regions: 4->4(7)
[2019-10-04T01:45:59.340-0100][gc,heap       ] GC(44) Old regions: 14->14
[2019-10-04T01:45:59.340-0100][gc,heap       ] GC(44) Archive regions: 2->2
[2019-10-04T01:45:59.340-0100][gc,heap       ] GC(44) Humongous regions: 129->129
[2019-10-04T01:45:59.340-0100][gc,metaspace  ] GC(44) Metaspace: 37117K->37117K(1083392K)
[2019-10-04T01:45:59.340-0100][gc            ] GC(44) Pause Young (Normal) (G1 Evacuation Pause) 193M->146M(1024M) 63.646ms
[2019-10-04T01:45:59.340-0100][gc,cpu        ] GC(44) User=0.05s Sys=0.17s Real=0.07s
[2019-10-04T01:56:34.226-0100][gc,start      ] GC(45) Pause Young (Normal) (G1 Evacuation Pause)
[2019-10-04T01:56:34.227-0100][gc,task       ] GC(45) Using 8 workers of 8 for evacuation
[2019-10-04T01:56:34.250-0100][gc,mmu        ] GC(45) MMU target violated: 21.0ms (20.0ms/21.0ms)
[2019-10-04T01:56:34.250-0100][gc,phases     ] GC(45)   Pre Evacuate Collection Set: 2.8ms
[2019-10-04T01:56:34.250-0100][gc,phases     ] GC(45)   Evacuate Collection Set: 18.8ms
[2019-10-04T01:56:34.250-0100][gc,phases     ] GC(45)   Post Evacuate Collection Set: 0.4ms
[2019-10-04T01:56:34.250-0100][gc,phases     ] GC(45)   Other: 1.6ms
[2019-10-04T01:56:34.250-0100][gc,heap       ] GC(45) Eden regions: 47->0(48)
[2019-10-04T01:56:34.250-0100][gc,heap       ] GC(45) Survivor regions: 4->3(7)
[2019-10-04T01:56:34.250-0100][gc,heap       ] GC(45) Old regions: 14->14
[2019-10-04T01:56:34.250-0100][gc,heap       ] GC(45) Archive regions: 2->2
[2019-10-04T01:56:34.250-0100][gc,heap       ] GC(45) Humongous regions: 129->129
[2019-10-04T01:56:34.250-0100][gc,metaspace  ] GC(45) Metaspace: 37118K->37118K(1083392K)
[2019-10-04T01:56:34.250-0100][gc            ] GC(45) Pause Young (Normal) (G1 Evacuation Pause) 193M->145M(1024M) 23.817ms
[2019-10-04T01:56:34.250-0100][gc,cpu        ] GC(45) User=0.03s Sys=0.08s Real=0.03s
[2019-10-04T02:07:20.013-0100][gc,start      ] GC(46) Pause Young (Normal) (G1 Evacuation Pause)
[2019-10-04T02:07:20.014-0100][gc,task       ] GC(46) Using 8 workers of 8 for evacuation
[2019-10-04T02:07:20.107-0100][gc,mmu        ] GC(46) MMU target violated: 21.0ms (20.0ms/21.0ms)
[2019-10-04T02:07:20.107-0100][gc,phases     ] GC(46)   Pre Evacuate Collection Set: 3.0ms
[2019-10-04T02:07:20.107-0100][gc,phases     ] GC(46)   Evacuate Collection Set: 89.0ms
[2019-10-04T02:07:20.107-0100][gc,phases     ] GC(46)   Post Evacuate Collection Set: 0.6ms
[2019-10-04T02:07:20.107-0100][gc,phases     ] GC(46)   Other: 1.5ms
[2019-10-04T02:07:20.107-0100][gc,heap       ] GC(46) Eden regions: 48->0(48)
[2019-10-04T02:07:20.107-0100][gc,heap       ] GC(46) Survivor regions: 3->3(7)
[2019-10-04T02:07:20.107-0100][gc,heap       ] GC(46) Old regions: 14->14
[2019-10-04T02:07:20.107-0100][gc,heap       ] GC(46) Archive regions: 2->2
[2019-10-04T02:07:20.107-0100][gc,heap       ] GC(46) Humongous regions: 129->129
[2019-10-04T02:07:20.107-0100][gc,metaspace  ] GC(46) Metaspace: 37129K->37129K(1083392K)
[2019-10-04T02:07:20.107-0100][gc            ] GC(46) Pause Young (Normal) (G1 Evacuation Pause) 193M->145M(1024M) 93.851ms
[2019-10-04T02:07:20.107-0100][gc,cpu        ] GC(46) User=0.07s Sys=0.17s Real=0.09s
[2019-10-04T02:17:55.932-0100][gc,start      ] GC(47) Pause Young (Normal) (G1 Evacuation Pause)
[2019-10-04T02:17:55.933-0100][gc,task       ] GC(47) Using 8 workers of 8 for evacuation
[2019-10-04T02:17:55.958-0100][gc,mmu        ] GC(47) MMU target violated: 21.0ms (20.0ms/21.0ms)
[2019-10-04T02:17:55.958-0100][gc,phases     ] GC(47)   Pre Evacuate Collection Set: 2.8ms
[2019-10-04T02:17:55.958-0100][gc,phases     ] GC(47)   Evacuate Collection Set: 20.5ms
[2019-10-04T02:17:55.958-0100][gc,phases     ] GC(47)   Post Evacuate Collection Set: 0.5ms
[2019-10-04T02:17:55.958-0100][gc,phases     ] GC(47)   Other: 15.8ms
[2019-10-04T02:17:55.958-0100][gc,heap       ] GC(47) Eden regions: 48->0(47)
[2019-10-04T02:17:55.958-0100][gc,heap       ] GC(47) Survivor regions: 3->4(7)
[2019-10-04T02:17:55.958-0100][gc,heap       ] GC(47) Old regions: 14->14
[2019-10-04T02:17:55.958-0100][gc,heap       ] GC(47) Archive regions: 2->2
[2019-10-04T02:17:55.958-0100][gc,heap       ] GC(47) Humongous regions: 129->129
[2019-10-04T02:17:55.958-0100][gc,metaspace  ] GC(47) Metaspace: 37129K->37129K(1083392K)
[2019-10-04T02:17:55.958-0100][gc            ] GC(47) Pause Young (Normal) (G1 Evacuation Pause) 193M->146M(1024M) 26.450ms
[2019-10-04T02:17:55.958-0100][gc,cpu        ] GC(47) User=0.03s Sys=0.05s Real=0.02s
[2019-10-04T02:28:33.312-0100][gc,start      ] GC(48) Pause Young (Normal) (G1 Evacuation Pause)
[2019-10-04T02:28:33.324-0100][gc,task       ] GC(48) Using 8 workers of 8 for evacuation
[2019-10-04T02:28:33.348-0100][gc,mmu        ] GC(48) MMU target violated: 21.0ms (20.0ms/21.0ms)
[2019-10-04T02:28:33.349-0100][gc,phases     ] GC(48)   Pre Evacuate Collection Set: 3.1ms
[2019-10-04T02:28:33.349-0100][gc,phases     ] GC(48)   Evacuate Collection Set: 19.9ms
[2019-10-04T02:28:33.349-0100][gc,phases     ] GC(48)   Post Evacuate Collection Set: 0.4ms
[2019-10-04T02:28:33.349-0100][gc,phases     ] GC(48)   Other: 13.3ms
[2019-10-04T02:28:33.349-0100][gc,heap       ] GC(48) Eden regions: 47->0(47)
[2019-10-04T02:28:33.349-0100][gc,heap       ] GC(48) Survivor regions: 4->4(7)
[2019-10-04T02:28:33.349-0100][gc,heap       ] GC(48) Old regions: 14->14
[2019-10-04T02:28:33.349-0100][gc,heap       ] GC(48) Archive regions: 2->2
[2019-10-04T02:28:33.349-0100][gc,heap       ] GC(48) Humongous regions: 129->129
[2019-10-04T02:28:33.349-0100][gc,metaspace  ] GC(48) Metaspace: 37130K->37130K(1083392K)
[2019-10-04T02:28:33.349-0100][gc            ] GC(48) Pause Young (Normal) (G1 Evacuation Pause) 193M->146M(1024M) 36.799ms
[2019-10-04T02:28:33.349-0100][gc,cpu        ] GC(48) User=0.02s Sys=0.08s Real=0.03s
[2019-10-04T02:39:02.894-0100][gc,start      ] GC(49) Pause Young (Normal) (G1 Evacuation Pause)
[2019-10-04T02:39:02.895-0100][gc,task       ] GC(49) Using 8 workers of 8 for evacuation
[2019-10-04T02:39:02.919-0100][gc,mmu        ] GC(49) MMU target violated: 21.0ms (20.0ms/21.0ms)
[2019-10-04T02:39:02.919-0100][gc,phases     ] GC(49)   Pre Evacuate Collection Set: 2.9ms
[2019-10-04T02:39:02.919-0100][gc,phases     ] GC(49)   Evacuate Collection Set: 20.2ms
[2019-10-04T02:39:02.919-0100][gc,phases     ] GC(49)   Post Evacuate Collection Set: 0.5ms
[2019-10-04T02:39:02.919-0100][gc,phases     ] GC(49)   Other: 2.0ms
[2019-10-04T02:39:02.919-0100][gc,heap       ] GC(49) Eden regions: 47->0(48)
[2019-10-04T02:39:02.919-0100][gc,heap       ] GC(49) Survivor regions: 4->3(7)
[2019-10-04T02:39:02.919-0100][gc,heap       ] GC(49) Old regions: 14->14
[2019-10-04T02:39:02.919-0100][gc,heap       ] GC(49) Archive regions: 2->2
[2019-10-04T02:39:02.919-0100][gc,heap       ] GC(49) Humongous regions: 129->129
[2019-10-04T02:39:02.919-0100][gc,metaspace  ] GC(49) Metaspace: 37130K->37130K(1083392K)
[2019-10-04T02:39:02.919-0100][gc            ] GC(49) Pause Young (Normal) (G1 Evacuation Pause) 193M->145M(1024M) 25.607ms
[2019-10-04T02:39:02.920-0100][gc,cpu        ] GC(49) User=0.02s Sys=0.09s Real=0.03s
[2019-10-04T02:49:11.362-0100][gc,start      ] GC(50) Pause Young (Normal) (G1 Evacuation Pause)
[2019-10-04T02:49:11.362-0100][gc,task       ] GC(50) Using 8 workers of 8 for evacuation
[2019-10-04T02:49:11.386-0100][gc,mmu        ] GC(50) MMU target violated: 21.0ms (20.0ms/21.0ms)
[2019-10-04T02:49:11.386-0100][gc,phases     ] GC(50)   Pre Evacuate Collection Set: 1.7ms
[2019-10-04T02:49:11.387-0100][gc,phases     ] GC(50)   Evacuate Collection Set: 21.5ms
[2019-10-04T02:49:11.387-0100][gc,phases     ] GC(50)   Post Evacuate Collection Set: 0.4ms
[2019-10-04T02:49:11.387-0100][gc,phases     ] GC(50)   Other: 0.9ms
[2019-10-04T02:49:11.387-0100][gc,heap       ] GC(50) Eden regions: 48->0(48)
[2019-10-04T02:49:11.387-0100][gc,heap       ] GC(50) Survivor regions: 3->3(7)
[2019-10-04T02:49:11.387-0100][gc,heap       ] GC(50) Old regions: 14->14
[2019-10-04T02:49:11.387-0100][gc,heap       ] GC(50) Archive regions: 2->2
[2019-10-04T02:49:11.387-0100][gc,heap       ] GC(50) Humongous regions: 129->129
[2019-10-04T02:49:11.387-0100][gc,metaspace  ] GC(50) Metaspace: 37130K->37130K(1083392K)
[2019-10-04T02:49:11.387-0100][gc            ] GC(50) Pause Young (Normal) (G1 Evacuation Pause) 193M->145M(1024M) 24.693ms
[2019-10-04T02:49:11.387-0100][gc,cpu        ] GC(50) User=0.03s Sys=0.06s Real=0.02s
[2019-10-04T02:59:53.800-0100][gc,start      ] GC(51) Pause Young (Normal) (G1 Evacuation Pause)
[2019-10-04T02:59:53.801-0100][gc,task       ] GC(51) Using 8 workers of 8 for evacuation
[2019-10-04T02:59:53.825-0100][gc,mmu        ] GC(51) MMU target violated: 21.0ms (20.0ms/21.0ms)
[2019-10-04T02:59:53.825-0100][gc,phases     ] GC(51)   Pre Evacuate Collection Set: 2.6ms
[2019-10-04T02:59:53.825-0100][gc,phases     ] GC(51)   Evacuate Collection Set: 19.7ms
[2019-10-04T02:59:53.825-0100][gc,phases     ] GC(51)   Post Evacuate Collection Set: 0.5ms
[2019-10-04T02:59:53.825-0100][gc,phases     ] GC(51)   Other: 1.8ms
[2019-10-04T02:59:53.825-0100][gc,heap       ] GC(51) Eden regions: 48->0(47)
[2019-10-04T02:59:53.825-0100][gc,heap       ] GC(51) Survivor regions: 3->4(7)
[2019-10-04T02:59:53.825-0100][gc,heap       ] GC(51) Old regions: 14->14
[2019-10-04T02:59:53.825-0100][gc,heap       ] GC(51) Archive regions: 2->2
[2019-10-04T02:59:53.825-0100][gc,heap       ] GC(51) Humongous regions: 129->129
[2019-10-04T02:59:53.825-0100][gc,metaspace  ] GC(51) Metaspace: 37130K->37130K(1083392K)
[2019-10-04T02:59:53.825-0100][gc            ] GC(51) Pause Young (Normal) (G1 Evacuation Pause) 193M->146M(1024M) 24.772ms
[2019-10-04T02:59:53.825-0100][gc,cpu        ] GC(51) User=0.02s Sys=0.06s Real=0.02s
[2019-10-04T03:10:29.929-0100][gc,start      ] GC(52) Pause Young (Normal) (G1 Evacuation Pause)
[2019-10-04T03:10:29.930-0100][gc,task       ] GC(52) Using 8 workers of 8 for evacuation
[2019-10-04T03:10:29.980-0100][gc,mmu        ] GC(52) MMU target violated: 21.0ms (20.0ms/21.0ms)
[2019-10-04T03:10:29.981-0100][gc,phases     ] GC(52)   Pre Evacuate Collection Set: 2.7ms
[2019-10-04T03:10:29.981-0100][gc,phases     ] GC(52)   Evacuate Collection Set: 46.3ms
[2019-10-04T03:10:29.981-0100][gc,phases     ] GC(52)   Post Evacuate Collection Set: 0.7ms
[2019-10-04T03:10:29.981-0100][gc,phases     ] GC(52)   Other: 2.1ms
[2019-10-04T03:10:29.981-0100][gc,heap       ] GC(52) Eden regions: 47->0(47)
[2019-10-04T03:10:29.981-0100][gc,heap       ] GC(52) Survivor regions: 4->4(7)
[2019-10-04T03:10:29.981-0100][gc,heap       ] GC(52) Old regions: 14->14
[2019-10-04T03:10:29.981-0100][gc,heap       ] GC(52) Archive regions: 2->2
[2019-10-04T03:10:29.981-0100][gc,heap       ] GC(52) Humongous regions: 129->129
[2019-10-04T03:10:29.981-0100][gc,metaspace  ] GC(52) Metaspace: 37142K->37142K(1083392K)
[2019-10-04T03:10:29.981-0100][gc            ] GC(52) Pause Young (Normal) (G1 Evacuation Pause) 193M->146M(1024M) 52.084ms
[2019-10-04T03:10:29.981-0100][gc,cpu        ] GC(52) User=0.05s Sys=0.16s Real=0.06s
[2019-10-04T03:20:52.239-0100][gc,start      ] GC(53) Pause Young (Normal) (G1 Evacuation Pause)
[2019-10-04T03:20:52.240-0100][gc,task       ] GC(53) Using 8 workers of 8 for evacuation
[2019-10-04T03:20:52.273-0100][gc,mmu        ] GC(53) MMU target violated: 21.0ms (20.0ms/21.0ms)
[2019-10-04T03:20:52.273-0100][gc,phases     ] GC(53)   Pre Evacuate Collection Set: 2.8ms
[2019-10-04T03:20:52.273-0100][gc,phases     ] GC(53)   Evacuate Collection Set: 28.7ms
[2019-10-04T03:20:52.273-0100][gc,phases     ] GC(53)   Post Evacuate Collection Set: 0.6ms
[2019-10-04T03:20:52.273-0100][gc,phases     ] GC(53)   Other: 1.9ms
[2019-10-04T03:20:52.273-0100][gc,heap       ] GC(53) Eden regions: 47->0(48)
[2019-10-04T03:20:52.273-0100][gc,heap       ] GC(53) Survivor regions: 4->3(7)
[2019-10-04T03:20:52.273-0100][gc,heap       ] GC(53) Old regions: 14->14
[2019-10-04T03:20:52.273-0100][gc,heap       ] GC(53) Archive regions: 2->2
[2019-10-04T03:20:52.273-0100][gc,heap       ] GC(53) Humongous regions: 129->129
[2019-10-04T03:20:52.273-0100][gc,metaspace  ] GC(53) Metaspace: 37152K->37152K(1083392K)
[2019-10-04T03:20:52.273-0100][gc            ] GC(53) Pause Young (Normal) (G1 Evacuation Pause) 193M->145M(1024M) 34.065ms
[2019-10-04T03:20:52.273-0100][gc,cpu        ] GC(53) User=0.03s Sys=0.12s Real=0.04s
[2019-10-04T03:31:40.728-0100][gc,start      ] GC(54) Pause Young (Normal) (G1 Evacuation Pause)
[2019-10-04T03:31:40.729-0100][gc,task       ] GC(54) Using 8 workers of 8 for evacuation
[2019-10-04T03:31:40.768-0100][gc,mmu        ] GC(54) MMU target violated: 21.0ms (20.0ms/21.0ms)
[2019-10-04T03:31:40.768-0100][gc,phases     ] GC(54)   Pre Evacuate Collection Set: 1.3ms
[2019-10-04T03:31:40.768-0100][gc,phases     ] GC(54)   Evacuate Collection Set: 36.8ms
[2019-10-04T03:31:40.768-0100][gc,phases     ] GC(54)   Post Evacuate Collection Set: 0.6ms
[2019-10-04T03:31:40.768-0100][gc,phases     ] GC(54)   Other: 1.1ms
[2019-10-04T03:31:40.768-0100][gc,heap       ] GC(54) Eden regions: 48->0(47)
[2019-10-04T03:31:40.768-0100][gc,heap       ] GC(54) Survivor regions: 3->4(7)
[2019-10-04T03:31:40.768-0100][gc,heap       ] GC(54) Old regions: 14->14
[2019-10-04T03:31:40.768-0100][gc,heap       ] GC(54) Archive regions: 2->2
[2019-10-04T03:31:40.768-0100][gc,heap       ] GC(54) Humongous regions: 129->129
[2019-10-04T03:31:40.768-0100][gc,metaspace  ] GC(54) Metaspace: 37152K->37152K(1083392K)
[2019-10-04T03:31:40.768-0100][gc            ] GC(54) Pause Young (Normal) (G1 Evacuation Pause) 193M->146M(1024M) 40.056ms
[2019-10-04T03:31:40.769-0100][gc,cpu        ] GC(54) User=0.03s Sys=0.10s Real=0.04s
[2019-10-04T03:41:37.878-0100][gc,start      ] GC(55) Pause Young (Normal) (G1 Evacuation Pause)
[2019-10-04T03:41:37.879-0100][gc,task       ] GC(55) Using 8 workers of 8 for evacuation
[2019-10-04T03:41:37.903-0100][gc,mmu        ] GC(55) MMU target violated: 21.0ms (20.0ms/21.0ms)
[2019-10-04T03:41:37.903-0100][gc,phases     ] GC(55)   Pre Evacuate Collection Set: 2.8ms
[2019-10-04T03:41:37.903-0100][gc,phases     ] GC(55)   Evacuate Collection Set: 20.3ms
[2019-10-04T03:41:37.903-0100][gc,phases     ] GC(55)   Post Evacuate Collection Set: 0.4ms
[2019-10-04T03:41:37.903-0100][gc,phases     ] GC(55)   Other: 1.8ms
[2019-10-04T03:41:37.903-0100][gc,heap       ] GC(55) Eden regions: 47->0(47)
[2019-10-04T03:41:37.903-0100][gc,heap       ] GC(55) Survivor regions: 4->4(7)
[2019-10-04T03:41:37.903-0100][gc,heap       ] GC(55) Old regions: 14->14
[2019-10-04T03:41:37.903-0100][gc,heap       ] GC(55) Archive regions: 2->2
[2019-10-04T03:41:37.903-0100][gc,heap       ] GC(55) Humongous regions: 129->129
[2019-10-04T03:41:37.903-0100][gc,metaspace  ] GC(55) Metaspace: 37152K->37152K(1083392K)
[2019-10-04T03:41:37.903-0100][gc            ] GC(55) Pause Young (Normal) (G1 Evacuation Pause) 193M->146M(1024M) 25.394ms
[2019-10-04T03:41:37.903-0100][gc,cpu        ] GC(55) User=0.03s Sys=0.07s Real=0.03s
[2019-10-04T03:52:08.256-0100][gc,start      ] GC(56) Pause Young (Normal) (G1 Evacuation Pause)
[2019-10-04T03:52:08.258-0100][gc,task       ] GC(56) Using 8 workers of 8 for evacuation
[2019-10-04T03:52:08.360-0100][gc,mmu        ] GC(56) MMU target violated: 21.0ms (20.0ms/21.0ms)
[2019-10-04T03:52:08.360-0100][gc,phases     ] GC(56)   Pre Evacuate Collection Set: 7.9ms
[2019-10-04T03:52:08.360-0100][gc,phases     ] GC(56)   Evacuate Collection Set: 91.9ms
[2019-10-04T03:52:08.360-0100][gc,phases     ] GC(56)   Post Evacuate Collection Set: 0.5ms
[2019-10-04T03:52:08.360-0100][gc,phases     ] GC(56)   Other: 4.6ms
[2019-10-04T03:52:08.360-0100][gc,heap       ] GC(56) Eden regions: 47->0(47)
[2019-10-04T03:52:08.360-0100][gc,heap       ] GC(56) Survivor regions: 4->4(7)
[2019-10-04T03:52:08.360-0100][gc,heap       ] GC(56) Old regions: 14->14
[2019-10-04T03:52:08.360-0100][gc,heap       ] GC(56) Archive regions: 2->2
[2019-10-04T03:52:08.360-0100][gc,heap       ] GC(56) Humongous regions: 129->129
[2019-10-04T03:52:08.360-0100][gc,metaspace  ] GC(56) Metaspace: 37156K->37156K(1083392K)
[2019-10-04T03:52:08.360-0100][gc            ] GC(56) Pause Young (Normal) (G1 Evacuation Pause) 193M->146M(1024M) 104.970ms
[2019-10-04T03:52:08.360-0100][gc,cpu        ] GC(56) User=0.04s Sys=0.10s Real=0.11s
[2019-10-04T04:02:42.366-0100][gc,start      ] GC(57) Pause Young (Normal) (G1 Evacuation Pause)
[2019-10-04T04:02:42.367-0100][gc,task       ] GC(57) Using 8 workers of 8 for evacuation
[2019-10-04T04:02:42.397-0100][gc,mmu        ] GC(57) MMU target violated: 21.0ms (20.0ms/21.0ms)
[2019-10-04T04:02:42.397-0100][gc,phases     ] GC(57)   Pre Evacuate Collection Set: 3.1ms
[2019-10-04T04:02:42.397-0100][gc,phases     ] GC(57)   Evacuate Collection Set: 23.8ms
[2019-10-04T04:02:42.397-0100][gc,phases     ] GC(57)   Post Evacuate Collection Set: 0.5ms
[2019-10-04T04:02:42.397-0100][gc,phases     ] GC(57)   Other: 3.3ms
[2019-10-04T04:02:42.397-0100][gc,heap       ] GC(57) Eden regions: 47->0(48)
[2019-10-04T04:02:42.397-0100][gc,heap       ] GC(57) Survivor regions: 4->3(7)
[2019-10-04T04:02:42.397-0100][gc,heap       ] GC(57) Old regions: 14->14
[2019-10-04T04:02:42.397-0100][gc,heap       ] GC(57) Archive regions: 2->2
[2019-10-04T04:02:42.397-0100][gc,heap       ] GC(57) Humongous regions: 129->129
[2019-10-04T04:02:42.397-0100][gc,metaspace  ] GC(57) Metaspace: 37158K->37158K(1083392K)
[2019-10-04T04:02:42.397-0100][gc            ] GC(57) Pause Young (Normal) (G1 Evacuation Pause) 193M->145M(1024M) 30.637ms
[2019-10-04T04:02:42.397-0100][gc,cpu        ] GC(57) User=0.03s Sys=0.09s Real=0.03s
[2019-10-04T04:13:17.729-0100][gc,start      ] GC(58) Pause Young (Normal) (G1 Evacuation Pause)
[2019-10-04T04:13:17.733-0100][gc,task       ] GC(58) Using 8 workers of 8 for evacuation
[2019-10-04T04:13:17.768-0100][gc,mmu        ] GC(58) MMU target violated: 21.0ms (20.0ms/21.0ms)
[2019-10-04T04:13:17.769-0100][gc,phases     ] GC(58)   Pre Evacuate Collection Set: 2.1ms
[2019-10-04T04:13:17.769-0100][gc,phases     ] GC(58)   Evacuate Collection Set: 26.5ms
[2019-10-04T04:13:17.769-0100][gc,phases     ] GC(58)   Post Evacuate Collection Set: 2.8ms
[2019-10-04T04:13:17.769-0100][gc,phases     ] GC(58)   Other: 15.6ms
[2019-10-04T04:13:17.770-0100][gc,heap       ] GC(58) Eden regions: 48->0(48)
[2019-10-04T04:13:17.770-0100][gc,heap       ] GC(58) Survivor regions: 3->3(7)
[2019-10-04T04:13:17.770-0100][gc,heap       ] GC(58) Old regions: 14->14
[2019-10-04T04:13:17.770-0100][gc,heap       ] GC(58) Archive regions: 2->2
[2019-10-04T04:13:17.770-0100][gc,heap       ] GC(58) Humongous regions: 129->129
[2019-10-04T04:13:17.770-0100][gc,metaspace  ] GC(58) Metaspace: 37159K->37159K(1083392K)
[2019-10-04T04:13:17.771-0100][gc            ] GC(58) Pause Young (Normal) (G1 Evacuation Pause) 193M->145M(1024M) 42.954ms
[2019-10-04T04:13:17.771-0100][gc,cpu        ] GC(58) User=0.03s Sys=0.07s Real=0.05s
[2019-10-04T04:24:07.331-0100][gc,start      ] GC(59) Pause Young (Normal) (G1 Evacuation Pause)
[2019-10-04T04:24:07.343-0100][gc,task       ] GC(59) Using 8 workers of 8 for evacuation
[2019-10-04T04:24:07.371-0100][gc,mmu        ] GC(59) MMU target violated: 21.0ms (20.0ms/21.0ms)
[2019-10-04T04:24:07.371-0100][gc,phases     ] GC(59)   Pre Evacuate Collection Set: 3.2ms
[2019-10-04T04:24:07.371-0100][gc,phases     ] GC(59)   Evacuate Collection Set: 23.7ms
[2019-10-04T04:24:07.372-0100][gc,phases     ] GC(59)   Post Evacuate Collection Set: 0.4ms
[2019-10-04T04:24:07.372-0100][gc,phases     ] GC(59)   Other: 13.4ms
[2019-10-04T04:24:07.372-0100][gc,heap       ] GC(59) Eden regions: 48->0(47)
[2019-10-04T04:24:07.372-0100][gc,heap       ] GC(59) Survivor regions: 3->4(7)
[2019-10-04T04:24:07.372-0100][gc,heap       ] GC(59) Old regions: 14->14
[2019-10-04T04:24:07.372-0100][gc,heap       ] GC(59) Archive regions: 2->2
[2019-10-04T04:24:07.372-0100][gc,heap       ] GC(59) Humongous regions: 129->129
[2019-10-04T04:24:07.372-0100][gc,metaspace  ] GC(59) Metaspace: 37162K->37162K(1083392K)
[2019-10-04T04:24:07.372-0100][gc            ] GC(59) Pause Young (Normal) (G1 Evacuation Pause) 193M->146M(1024M) 40.742ms
[2019-10-04T04:24:07.372-0100][gc,cpu        ] GC(59) User=0.03s Sys=0.09s Real=0.04s
[2019-10-04T04:34:40.128-0100][gc,start      ] GC(60) Pause Young (Normal) (G1 Evacuation Pause)
[2019-10-04T04:34:40.128-0100][gc,task       ] GC(60) Using 8 workers of 8 for evacuation
[2019-10-04T04:34:40.166-0100][gc,mmu        ] GC(60) MMU target violated: 21.0ms (20.0ms/21.0ms)
[2019-10-04T04:34:40.166-0100][gc,phases     ] GC(60)   Pre Evacuate Collection Set: 3.0ms
[2019-10-04T04:34:40.166-0100][gc,phases     ] GC(60)   Evacuate Collection Set: 33.2ms
[2019-10-04T04:34:40.166-0100][gc,phases     ] GC(60)   Post Evacuate Collection Set: 0.6ms
[2019-10-04T04:34:40.166-0100][gc,phases     ] GC(60)   Other: 2.0ms
[2019-10-04T04:34:40.166-0100][gc,heap       ] GC(60) Eden regions: 47->0(47)
[2019-10-04T04:34:40.166-0100][gc,heap       ] GC(60) Survivor regions: 4->4(7)
[2019-10-04T04:34:40.166-0100][gc,heap       ] GC(60) Old regions: 14->14
[2019-10-04T04:34:40.166-0100][gc,heap       ] GC(60) Archive regions: 2->2
[2019-10-04T04:34:40.166-0100][gc,heap       ] GC(60) Humongous regions: 129->129
[2019-10-04T04:34:40.166-0100][gc,metaspace  ] GC(60) Metaspace: 37169K->37169K(1083392K)
[2019-10-04T04:34:40.166-0100][gc            ] GC(60) Pause Young (Normal) (G1 Evacuation Pause) 193M->146M(1024M) 38.841ms
[2019-10-04T04:34:40.166-0100][gc,cpu        ] GC(60) User=0.04s Sys=0.11s Real=0.04s
[2019-10-04T04:44:34.833-0100][gc,start      ] GC(61) Pause Young (Normal) (G1 Evacuation Pause)
[2019-10-04T04:44:34.833-0100][gc,task       ] GC(61) Using 8 workers of 8 for evacuation
[2019-10-04T04:44:34.872-0100][gc,mmu        ] GC(61) MMU target violated: 21.0ms (20.0ms/21.0ms)
[2019-10-04T04:44:34.873-0100][gc,phases     ] GC(61)   Pre Evacuate Collection Set: 2.3ms
[2019-10-04T04:44:34.873-0100][gc,phases     ] GC(61)   Evacuate Collection Set: 35.8ms
[2019-10-04T04:44:34.873-0100][gc,phases     ] GC(61)   Post Evacuate Collection Set: 0.6ms
[2019-10-04T04:44:34.873-0100][gc,phases     ] GC(61)   Other: 1.5ms
[2019-10-04T04:44:34.873-0100][gc,heap       ] GC(61) Eden regions: 47->0(48)
[2019-10-04T04:44:34.873-0100][gc,heap       ] GC(61) Survivor regions: 4->3(7)
[2019-10-04T04:44:34.873-0100][gc,heap       ] GC(61) Old regions: 14->14
[2019-10-04T04:44:34.873-0100][gc,heap       ] GC(61) Archive regions: 2->2
[2019-10-04T04:44:34.873-0100][gc,heap       ] GC(61) Humongous regions: 129->129
[2019-10-04T04:44:34.873-0100][gc,metaspace  ] GC(61) Metaspace: 37172K->37172K(1083392K)
[2019-10-04T04:44:34.873-0100][gc            ] GC(61) Pause Young (Normal) (G1 Evacuation Pause) 193M->145M(1024M) 40.370ms
[2019-10-04T04:44:34.873-0100][gc,cpu        ] GC(61) User=0.03s Sys=0.14s Real=0.04s
[2019-10-04T04:55:18.452-0100][gc,start      ] GC(62) Pause Young (Normal) (G1 Evacuation Pause)
[2019-10-04T04:55:18.464-0100][gc,task       ] GC(62) Using 8 workers of 8 for evacuation
[2019-10-04T04:55:18.490-0100][gc,mmu        ] GC(62) MMU target violated: 21.0ms (20.0ms/21.0ms)
[2019-10-04T04:55:18.491-0100][gc,phases     ] GC(62)   Pre Evacuate Collection Set: 3.1ms
[2019-10-04T04:55:18.491-0100][gc,phases     ] GC(62)   Evacuate Collection Set: 21.8ms
[2019-10-04T04:55:18.491-0100][gc,phases     ] GC(62)   Post Evacuate Collection Set: 0.4ms
[2019-10-04T04:55:18.491-0100][gc,phases     ] GC(62)   Other: 13.3ms
[2019-10-04T04:55:18.491-0100][gc,heap       ] GC(62) Eden regions: 48->0(48)
[2019-10-04T04:55:18.491-0100][gc,heap       ] GC(62) Survivor regions: 3->3(7)
[2019-10-04T04:55:18.491-0100][gc,heap       ] GC(62) Old regions: 14->14
[2019-10-04T04:55:18.491-0100][gc,heap       ] GC(62) Archive regions: 2->2
[2019-10-04T04:55:18.491-0100][gc,heap       ] GC(62) Humongous regions: 129->129
[2019-10-04T04:55:18.491-0100][gc,metaspace  ] GC(62) Metaspace: 37172K->37172K(1083392K)
[2019-10-04T04:55:18.491-0100][gc            ] GC(62) Pause Young (Normal) (G1 Evacuation Pause) 193M->146M(1024M) 38.694ms
[2019-10-04T04:55:18.491-0100][gc,cpu        ] GC(62) User=0.03s Sys=0.09s Real=0.04s
[2019-10-04T05:06:02.933-0100][gc,start      ] GC(63) Pause Young (Normal) (G1 Evacuation Pause)
[2019-10-04T05:06:02.934-0100][gc,task       ] GC(63) Using 8 workers of 8 for evacuation
[2019-10-04T05:06:02.962-0100][gc,mmu        ] GC(63) MMU target violated: 21.0ms (20.0ms/21.0ms)
[2019-10-04T05:06:02.962-0100][gc,phases     ] GC(63)   Pre Evacuate Collection Set: 2.9ms
[2019-10-04T05:06:02.962-0100][gc,phases     ] GC(63)   Evacuate Collection Set: 23.6ms
[2019-10-04T05:06:02.962-0100][gc,phases     ] GC(63)   Post Evacuate Collection Set: 0.4ms
[2019-10-04T05:06:02.962-0100][gc,phases     ] GC(63)   Other: 1.7ms
[2019-10-04T05:06:02.962-0100][gc,heap       ] GC(63) Eden regions: 48->0(47)
[2019-10-04T05:06:02.962-0100][gc,heap       ] GC(63) Survivor regions: 3->4(7)
[2019-10-04T05:06:02.962-0100][gc,heap       ] GC(63) Old regions: 14->14
[2019-10-04T05:06:02.962-0100][gc,heap       ] GC(63) Archive regions: 2->2
[2019-10-04T05:06:02.962-0100][gc,heap       ] GC(63) Humongous regions: 129->129
[2019-10-04T05:06:02.962-0100][gc,metaspace  ] GC(63) Metaspace: 37174K->37174K(1083392K)
[2019-10-04T05:06:02.962-0100][gc            ] GC(63) Pause Young (Normal) (G1 Evacuation Pause) 194M->146M(1024M) 28.676ms
[2019-10-04T05:06:02.962-0100][gc,cpu        ] GC(63) User=0.03s Sys=0.09s Real=0.03s
[2019-10-04T05:16:25.919-0100][gc,start      ] GC(64) Pause Young (Normal) (G1 Evacuation Pause)
[2019-10-04T05:16:25.931-0100][gc,task       ] GC(64) Using 8 workers of 8 for evacuation
[2019-10-04T05:16:25.962-0100][gc,mmu        ] GC(64) MMU target violated: 21.0ms (20.0ms/21.0ms)
[2019-10-04T05:16:25.962-0100][gc,phases     ] GC(64)   Pre Evacuate Collection Set: 3.1ms
[2019-10-04T05:16:25.962-0100][gc,phases     ] GC(64)   Evacuate Collection Set: 26.2ms
[2019-10-04T05:16:25.962-0100][gc,phases     ] GC(64)   Post Evacuate Collection Set: 0.4ms
[2019-10-04T05:16:25.962-0100][gc,phases     ] GC(64)   Other: 13.8ms
[2019-10-04T05:16:25.962-0100][gc,heap       ] GC(64) Eden regions: 47->0(47)
[2019-10-04T05:16:25.962-0100][gc,heap       ] GC(64) Survivor regions: 4->4(7)
[2019-10-04T05:16:25.962-0100][gc,heap       ] GC(64) Old regions: 14->14
[2019-10-04T05:16:25.962-0100][gc,heap       ] GC(64) Archive regions: 2->2
[2019-10-04T05:16:25.962-0100][gc,heap       ] GC(64) Humongous regions: 129->129
[2019-10-04T05:16:25.962-0100][gc,metaspace  ] GC(64) Metaspace: 37181K->37181K(1083392K)
[2019-10-04T05:16:25.962-0100][gc            ] GC(64) Pause Young (Normal) (G1 Evacuation Pause) 193M->146M(1024M) 43.596ms
[2019-10-04T05:16:25.962-0100][gc,cpu        ] GC(64) User=0.03s Sys=0.09s Real=0.05s
[2019-10-04T05:26:58.099-0100][gc,start      ] GC(65) Pause Young (Normal) (G1 Evacuation Pause)
[2019-10-04T05:26:58.111-0100][gc,task       ] GC(65) Using 8 workers of 8 for evacuation
[2019-10-04T05:26:58.139-0100][gc,mmu        ] GC(65) MMU target violated: 21.0ms (20.0ms/21.0ms)
[2019-10-04T05:26:58.139-0100][gc,phases     ] GC(65)   Pre Evacuate Collection Set: 3.2ms
[2019-10-04T05:26:58.139-0100][gc,phases     ] GC(65)   Evacuate Collection Set: 23.6ms
[2019-10-04T05:26:58.139-0100][gc,phases     ] GC(65)   Post Evacuate Collection Set: 0.4ms
[2019-10-04T05:26:58.139-0100][gc,phases     ] GC(65)   Other: 13.4ms
[2019-10-04T05:26:58.139-0100][gc,heap       ] GC(65) Eden regions: 47->0(48)
[2019-10-04T05:26:58.139-0100][gc,heap       ] GC(65) Survivor regions: 4->3(7)
[2019-10-04T05:26:58.139-0100][gc,heap       ] GC(65) Old regions: 14->14
[2019-10-04T05:26:58.139-0100][gc,heap       ] GC(65) Archive regions: 2->2
[2019-10-04T05:26:58.139-0100][gc,heap       ] GC(65) Humongous regions: 129->129
[2019-10-04T05:26:58.139-0100][gc,metaspace  ] GC(65) Metaspace: 37181K->37181K(1083392K)
[2019-10-04T05:26:58.139-0100][gc            ] GC(65) Pause Young (Normal) (G1 Evacuation Pause) 193M->145M(1024M) 40.733ms
[2019-10-04T05:26:58.140-0100][gc,cpu        ] GC(65) User=0.03s Sys=0.10s Real=0.05s
[2019-10-04T05:37:49.269-0100][gc,start      ] GC(66) Pause Young (Normal) (G1 Evacuation Pause)
[2019-10-04T05:37:49.270-0100][gc,task       ] GC(66) Using 8 workers of 8 for evacuation
[2019-10-04T05:37:49.295-0100][gc,mmu        ] GC(66) MMU target violated: 21.0ms (20.0ms/21.0ms)
[2019-10-04T05:37:49.296-0100][gc,phases     ] GC(66)   Pre Evacuate Collection Set: 3.0ms
[2019-10-04T05:37:49.296-0100][gc,phases     ] GC(66)   Evacuate Collection Set: 21.5ms
[2019-10-04T05:37:49.296-0100][gc,phases     ] GC(66)   Post Evacuate Collection Set: 0.5ms
[2019-10-04T05:37:49.296-0100][gc,phases     ] GC(66)   Other: 1.8ms
[2019-10-04T05:37:49.296-0100][gc,heap       ] GC(66) Eden regions: 48->0(47)
[2019-10-04T05:37:49.296-0100][gc,heap       ] GC(66) Survivor regions: 3->4(7)
[2019-10-04T05:37:49.296-0100][gc,heap       ] GC(66) Old regions: 14->14
[2019-10-04T05:37:49.296-0100][gc,heap       ] GC(66) Archive regions: 2->2
[2019-10-04T05:37:49.296-0100][gc,heap       ] GC(66) Humongous regions: 129->129
[2019-10-04T05:37:49.296-0100][gc,metaspace  ] GC(66) Metaspace: 37182K->37182K(1083392K)
[2019-10-04T05:37:49.296-0100][gc            ] GC(66) Pause Young (Normal) (G1 Evacuation Pause) 193M->146M(1024M) 26.938ms
[2019-10-04T05:37:49.296-0100][gc,cpu        ] GC(66) User=0.03s Sys=0.07s Real=0.03s
[2019-10-04T05:47:42.195-0100][gc,start      ] GC(67) Pause Young (Normal) (G1 Evacuation Pause)
[2019-10-04T05:47:42.207-0100][gc,task       ] GC(67) Using 8 workers of 8 for evacuation
[2019-10-04T05:47:42.247-0100][gc,mmu        ] GC(67) MMU target violated: 21.0ms (20.0ms/21.0ms)
[2019-10-04T05:47:42.247-0100][gc,phases     ] GC(67)   Pre Evacuate Collection Set: 3.1ms
[2019-10-04T05:47:42.247-0100][gc,phases     ] GC(67)   Evacuate Collection Set: 35.4ms
[2019-10-04T05:47:42.247-0100][gc,phases     ] GC(67)   Post Evacuate Collection Set: 0.4ms
[2019-10-04T05:47:42.247-0100][gc,phases     ] GC(67)   Other: 12.9ms
[2019-10-04T05:47:42.247-0100][gc,heap       ] GC(67) Eden regions: 47->0(47)
[2019-10-04T05:47:42.247-0100][gc,heap       ] GC(67) Survivor regions: 4->4(7)
[2019-10-04T05:47:42.247-0100][gc,heap       ] GC(67) Old regions: 14->14
[2019-10-04T05:47:42.247-0100][gc,heap       ] GC(67) Archive regions: 2->2
[2019-10-04T05:47:42.247-0100][gc,heap       ] GC(67) Humongous regions: 129->129
[2019-10-04T05:47:42.247-0100][gc,metaspace  ] GC(67) Metaspace: 37183K->37183K(1083392K)
[2019-10-04T05:47:42.247-0100][gc            ] GC(67) Pause Young (Normal) (G1 Evacuation Pause) 193M->146M(1024M) 52.013ms
[2019-10-04T05:47:42.247-0100][gc,cpu        ] GC(67) User=0.04s Sys=0.14s Real=0.05s
[2019-10-04T05:58:16.182-0100][gc,start      ] GC(68) Pause Young (Normal) (G1 Evacuation Pause)
[2019-10-04T05:58:16.195-0100][gc,task       ] GC(68) Using 8 workers of 8 for evacuation
[2019-10-04T05:58:16.264-0100][gc,mmu        ] GC(68) MMU target violated: 21.0ms (20.0ms/21.0ms)
[2019-10-04T05:58:16.264-0100][gc,phases     ] GC(68)   Pre Evacuate Collection Set: 5.2ms
[2019-10-04T05:58:16.264-0100][gc,phases     ] GC(68)   Evacuate Collection Set: 61.8ms
[2019-10-04T05:58:16.264-0100][gc,phases     ] GC(68)   Post Evacuate Collection Set: 0.5ms
[2019-10-04T05:58:16.264-0100][gc,phases     ] GC(68)   Other: 14.9ms
[2019-10-04T05:58:16.264-0100][gc,heap       ] GC(68) Eden regions: 47->0(47)
[2019-10-04T05:58:16.264-0100][gc,heap       ] GC(68) Survivor regions: 4->4(7)
[2019-10-04T05:58:16.264-0100][gc,heap       ] GC(68) Old regions: 14->14
[2019-10-04T05:58:16.264-0100][gc,heap       ] GC(68) Archive regions: 2->2
[2019-10-04T05:58:16.264-0100][gc,heap       ] GC(68) Humongous regions: 129->129
[2019-10-04T05:58:16.264-0100][gc,metaspace  ] GC(68) Metaspace: 37183K->37183K(1083392K)
[2019-10-04T05:58:16.264-0100][gc            ] GC(68) Pause Young (Normal) (G1 Evacuation Pause) 193M->146M(1024M) 82.511ms
[2019-10-04T05:58:16.264-0100][gc,cpu        ] GC(68) User=0.05s Sys=0.18s Real=0.08s
[2019-10-04T06:08:49.219-0100][gc,start      ] GC(69) Pause Young (Normal) (G1 Evacuation Pause)
[2019-10-04T06:08:49.231-0100][gc,task       ] GC(69) Using 8 workers of 8 for evacuation
[2019-10-04T06:08:49.258-0100][gc,mmu        ] GC(69) MMU target violated: 21.0ms (20.0ms/21.0ms)
[2019-10-04T06:08:49.258-0100][gc,phases     ] GC(69)   Pre Evacuate Collection Set: 3.1ms
[2019-10-04T06:08:49.258-0100][gc,phases     ] GC(69)   Evacuate Collection Set: 23.4ms
[2019-10-04T06:08:49.258-0100][gc,phases     ] GC(69)   Post Evacuate Collection Set: 0.4ms
[2019-10-04T06:08:49.259-0100][gc,phases     ] GC(69)   Other: 13.3ms
[2019-10-04T06:08:49.259-0100][gc,heap       ] GC(69) Eden regions: 47->0(48)
[2019-10-04T06:08:49.259-0100][gc,heap       ] GC(69) Survivor regions: 4->3(7)
[2019-10-04T06:08:49.259-0100][gc,heap       ] GC(69) Old regions: 14->14
[2019-10-04T06:08:49.259-0100][gc,heap       ] GC(69) Archive regions: 2->2
[2019-10-04T06:08:49.259-0100][gc,heap       ] GC(69) Humongous regions: 129->129
[2019-10-04T06:08:49.259-0100][gc,metaspace  ] GC(69) Metaspace: 37184K->37184K(1083392K)
[2019-10-04T06:08:49.259-0100][gc            ] GC(69) Pause Young (Normal) (G1 Evacuation Pause) 193M->145M(1024M) 40.150ms
[2019-10-04T06:08:49.259-0100][gc,cpu        ] GC(69) User=0.03s Sys=0.09s Real=0.04s
[2019-10-04T06:19:25.124-0100][gc,start      ] GC(70) Pause Young (Normal) (G1 Evacuation Pause)
[2019-10-04T06:19:25.125-0100][gc,task       ] GC(70) Using 8 workers of 8 for evacuation
[2019-10-04T06:19:25.155-0100][gc,mmu        ] GC(70) MMU target violated: 21.0ms (20.0ms/21.0ms)
[2019-10-04T06:19:25.155-0100][gc,phases     ] GC(70)   Pre Evacuate Collection Set: 2.9ms
[2019-10-04T06:19:25.156-0100][gc,phases     ] GC(70)   Evacuate Collection Set: 26.3ms
[2019-10-04T06:19:25.156-0100][gc,phases     ] GC(70)   Post Evacuate Collection Set: 0.4ms
[2019-10-04T06:19:25.156-0100][gc,phases     ] GC(70)   Other: 2.3ms
[2019-10-04T06:19:25.156-0100][gc,heap       ] GC(70) Eden regions: 48->0(48)
[2019-10-04T06:19:25.156-0100][gc,heap       ] GC(70) Survivor regions: 3->3(7)
[2019-10-04T06:19:25.156-0100][gc,heap       ] GC(70) Old regions: 14->14
[2019-10-04T06:19:25.156-0100][gc,heap       ] GC(70) Archive regions: 2->2
[2019-10-04T06:19:25.156-0100][gc,heap       ] GC(70) Humongous regions: 129->129
[2019-10-04T06:19:25.156-0100][gc,metaspace  ] GC(70) Metaspace: 37184K->37184K(1083392K)
[2019-10-04T06:19:25.156-0100][gc            ] GC(70) Pause Young (Normal) (G1 Evacuation Pause) 193M->146M(1024M) 31.969ms
[2019-10-04T06:19:25.156-0100][gc,cpu        ] GC(70) User=0.03s Sys=0.11s Real=0.03s
[2019-10-04T06:30:09.953-0100][gc,start      ] GC(71) Pause Young (Normal) (G1 Evacuation Pause)
[2019-10-04T06:30:09.953-0100][gc,task       ] GC(71) Using 8 workers of 8 for evacuation
[2019-10-04T06:30:09.995-0100][gc,mmu        ] GC(71) MMU target violated: 21.0ms (20.0ms/21.0ms)
[2019-10-04T06:30:09.995-0100][gc,phases     ] GC(71)   Pre Evacuate Collection Set: 2.8ms
[2019-10-04T06:30:09.995-0100][gc,phases     ] GC(71)   Evacuate Collection Set: 37.4ms
[2019-10-04T06:30:09.995-0100][gc,phases     ] GC(71)   Post Evacuate Collection Set: 0.6ms
[2019-10-04T06:30:09.995-0100][gc,phases     ] GC(71)   Other: 2.0ms
[2019-10-04T06:30:09.995-0100][gc,heap       ] GC(71) Eden regions: 48->0(47)
[2019-10-04T06:30:09.995-0100][gc,heap       ] GC(71) Survivor regions: 3->4(7)
[2019-10-04T06:30:09.995-0100][gc,heap       ] GC(71) Old regions: 14->14
[2019-10-04T06:30:09.995-0100][gc,heap       ] GC(71) Archive regions: 2->2
[2019-10-04T06:30:09.995-0100][gc,heap       ] GC(71) Humongous regions: 129->129
[2019-10-04T06:30:09.995-0100][gc,metaspace  ] GC(71) Metaspace: 37184K->37184K(1083392K)
[2019-10-04T06:30:09.996-0100][gc            ] GC(71) Pause Young (Normal) (G1 Evacuation Pause) 194M->146M(1024M) 42.900ms
[2019-10-04T06:30:09.996-0100][gc,cpu        ] GC(71) User=0.04s Sys=0.13s Real=0.04s
[2019-10-04T06:40:22.421-0100][gc,start      ] GC(72) Pause Young (Normal) (G1 Evacuation Pause)
[2019-10-04T06:40:22.422-0100][gc,task       ] GC(72) Using 8 workers of 8 for evacuation
[2019-10-04T06:40:22.450-0100][gc,mmu        ] GC(72) MMU target violated: 21.0ms (20.0ms/21.0ms)
[2019-10-04T06:40:22.450-0100][gc,phases     ] GC(72)   Pre Evacuate Collection Set: 2.6ms
[2019-10-04T06:40:22.450-0100][gc,phases     ] GC(72)   Evacuate Collection Set: 24.2ms
[2019-10-04T06:40:22.450-0100][gc,phases     ] GC(72)   Post Evacuate Collection Set: 0.6ms
[2019-10-04T06:40:22.450-0100][gc,phases     ] GC(72)   Other: 2.0ms
[2019-10-04T06:40:22.450-0100][gc,heap       ] GC(72) Eden regions: 47->0(47)
[2019-10-04T06:40:22.450-0100][gc,heap       ] GC(72) Survivor regions: 4->4(7)
[2019-10-04T06:40:22.450-0100][gc,heap       ] GC(72) Old regions: 14->14
[2019-10-04T06:40:22.450-0100][gc,heap       ] GC(72) Archive regions: 2->2
[2019-10-04T06:40:22.450-0100][gc,heap       ] GC(72) Humongous regions: 129->129
[2019-10-04T06:40:22.450-0100][gc,metaspace  ] GC(72) Metaspace: 37184K->37184K(1083392K)
[2019-10-04T06:40:22.451-0100][gc            ] GC(72) Pause Young (Normal) (G1 Evacuation Pause) 193M->146M(1024M) 29.445ms
[2019-10-04T06:40:22.451-0100][gc,cpu        ] GC(72) User=0.03s Sys=0.09s Real=0.03s
[2019-10-04T06:50:39.216-0100][gc,start      ] GC(73) Pause Young (Normal) (G1 Evacuation Pause)
[2019-10-04T06:50:39.217-0100][gc,task       ] GC(73) Using 8 workers of 8 for evacuation
[2019-10-04T06:50:39.238-0100][gc,mmu        ] GC(73) MMU target violated: 20.2ms (20.0ms/21.0ms)
[2019-10-04T06:50:39.238-0100][gc,phases     ] GC(73)   Pre Evacuate Collection Set: 2.8ms
[2019-10-04T06:50:39.238-0100][gc,phases     ] GC(73)   Evacuate Collection Set: 16.5ms
[2019-10-04T06:50:39.238-0100][gc,phases     ] GC(73)   Post Evacuate Collection Set: 0.4ms
[2019-10-04T06:50:39.238-0100][gc,phases     ] GC(73)   Other: 1.9ms
[2019-10-04T06:50:39.238-0100][gc,heap       ] GC(73) Eden regions: 47->0(48)
[2019-10-04T06:50:39.238-0100][gc,heap       ] GC(73) Survivor regions: 4->3(7)
[2019-10-04T06:50:39.238-0100][gc,heap       ] GC(73) Old regions: 14->14
[2019-10-04T06:50:39.238-0100][gc,heap       ] GC(73) Archive regions: 2->2
[2019-10-04T06:50:39.238-0100][gc,heap       ] GC(73) Humongous regions: 129->129
[2019-10-04T06:50:39.238-0100][gc,metaspace  ] GC(73) Metaspace: 37185K->37185K(1083392K)
[2019-10-04T06:50:39.238-0100][gc            ] GC(73) Pause Young (Normal) (G1 Evacuation Pause) 193M->145M(1024M) 21.720ms
[2019-10-04T06:50:39.238-0100][gc,cpu        ] GC(73) User=0.02s Sys=0.07s Real=0.02s
[2019-10-04T07:01:24.934-0100][gc,start      ] GC(74) Pause Young (Normal) (G1 Evacuation Pause)
[2019-10-04T07:01:24.937-0100][gc,task       ] GC(74) Using 8 workers of 8 for evacuation
[2019-10-04T07:01:24.986-0100][gc,mmu        ] GC(74) MMU target violated: 21.0ms (20.0ms/21.0ms)
[2019-10-04T07:01:24.987-0100][gc,phases     ] GC(74)   Pre Evacuate Collection Set: 1.7ms
[2019-10-04T07:01:24.987-0100][gc,phases     ] GC(74)   Evacuate Collection Set: 40.0ms
[2019-10-04T07:01:24.987-0100][gc,phases     ] GC(74)   Post Evacuate Collection Set: 3.3ms
[2019-10-04T07:01:24.987-0100][gc,phases     ] GC(74)   Other: 15.4ms
[2019-10-04T07:01:24.988-0100][gc,heap       ] GC(74) Eden regions: 48->0(48)
[2019-10-04T07:01:24.988-0100][gc,heap       ] GC(74) Survivor regions: 3->3(7)
[2019-10-04T07:01:24.988-0100][gc,heap       ] GC(74) Old regions: 14->14
[2019-10-04T07:01:24.988-0100][gc,heap       ] GC(74) Archive regions: 2->2
[2019-10-04T07:01:24.988-0100][gc,heap       ] GC(74) Humongous regions: 129->129
[2019-10-04T07:01:24.988-0100][gc,metaspace  ] GC(74) Metaspace: 37185K->37185K(1083392K)
[2019-10-04T07:01:24.989-0100][gc            ] GC(74) Pause Young (Normal) (G1 Evacuation Pause) 193M->146M(1024M) 56.025ms
[2019-10-04T07:01:24.989-0100][gc,cpu        ] GC(74) User=0.04s Sys=0.13s Real=0.05s
[2019-10-04T07:11:58.539-0100][gc,start      ] GC(75) Pause Young (Normal) (G1 Evacuation Pause)
[2019-10-04T07:11:58.542-0100][gc,task       ] GC(75) Using 8 workers of 8 for evacuation
[2019-10-04T07:11:58.586-0100][gc,mmu        ] GC(75) MMU target violated: 21.0ms (20.0ms/21.0ms)
[2019-10-04T07:11:58.587-0100][gc,phases     ] GC(75)   Pre Evacuate Collection Set: 1.9ms
[2019-10-04T07:11:58.587-0100][gc,phases     ] GC(75)   Evacuate Collection Set: 35.1ms
[2019-10-04T07:11:58.587-0100][gc,phases     ] GC(75)   Post Evacuate Collection Set: 3.4ms
[2019-10-04T07:11:58.588-0100][gc,phases     ] GC(75)   Other: 14.3ms
[2019-10-04T07:11:58.588-0100][gc,heap       ] GC(75) Eden regions: 48->0(47)
[2019-10-04T07:11:58.588-0100][gc,heap       ] GC(75) Survivor regions: 3->4(7)
[2019-10-04T07:11:58.588-0100][gc,heap       ] GC(75) Old regions: 14->14
[2019-10-04T07:11:58.588-0100][gc,heap       ] GC(75) Archive regions: 2->2
[2019-10-04T07:11:58.588-0100][gc,heap       ] GC(75) Humongous regions: 129->129
[2019-10-04T07:11:58.588-0100][gc,metaspace  ] GC(75) Metaspace: 37185K->37185K(1083392K)
[2019-10-04T07:11:58.589-0100][gc            ] GC(75) Pause Young (Normal) (G1 Evacuation Pause) 194M->146M(1024M) 51.096ms
[2019-10-04T07:11:58.589-0100][gc,cpu        ] GC(75) User=0.04s Sys=0.11s Real=0.05s
[2019-10-04T07:22:34.275-0100][gc,start      ] GC(76) Pause Young (Normal) (G1 Evacuation Pause)
[2019-10-04T07:22:34.288-0100][gc,task       ] GC(76) Using 8 workers of 8 for evacuation
[2019-10-04T07:22:34.311-0100][gc,mmu        ] GC(76) MMU target violated: 21.0ms (20.0ms/21.0ms)
[2019-10-04T07:22:34.312-0100][gc,phases     ] GC(76)   Pre Evacuate Collection Set: 2.7ms
[2019-10-04T07:22:34.312-0100][gc,phases     ] GC(76)   Evacuate Collection Set: 19.7ms
[2019-10-04T07:22:34.312-0100][gc,phases     ] GC(76)   Post Evacuate Collection Set: 0.5ms
[2019-10-04T07:22:34.312-0100][gc,phases     ] GC(76)   Other: 13.6ms
[2019-10-04T07:22:34.312-0100][gc,heap       ] GC(76) Eden regions: 47->0(47)
[2019-10-04T07:22:34.312-0100][gc,heap       ] GC(76) Survivor regions: 4->4(7)
[2019-10-04T07:22:34.312-0100][gc,heap       ] GC(76) Old regions: 14->14
[2019-10-04T07:22:34.312-0100][gc,heap       ] GC(76) Archive regions: 2->2
[2019-10-04T07:22:34.312-0100][gc,heap       ] GC(76) Humongous regions: 129->129
