[2019-10-10T14:50:41.946-0100][gc,heap] Heap region size: 1M
[2019-10-10T14:50:41.954-0100][gc     ] Using G1
[2019-10-10T14:50:41.955-0100][gc,heap,coops] Heap address: 0x00000007e0000000, size: 512 MB, Compressed Oops mode: Zero based, Oop shift amount: 3
[2019-10-10T14:50:41.955-0100][gc,cds       ] Mark closed archive regions in map: [0x00000007fff00000, 0x00000007fff6fff8]
[2019-10-10T14:50:41.955-0100][gc,cds       ] Mark open archive regions in map: [0x00000007ffe00000, 0x00000007ffe45ff8]
[2019-10-10T14:50:41.974-0100][gc           ] Periodic GC disabled
[2019-10-10T15:04:02.792-0100][gc,start     ] GC(0) Pause Young (Normal) (G1 Evacuation Pause)
[2019-10-10T15:04:02.805-0100][gc,task      ] GC(0) Using 8 workers of 8 for evacuation
[2019-10-10T15:04:02.852-0100][gc,mmu       ] GC(0) MMU target violated: 21.0ms (20.0ms/21.0ms)
[2019-10-10T15:04:02.852-0100][gc,phases    ] GC(0)   Pre Evacuate Collection Set: 1.0ms
[2019-10-10T15:04:02.852-0100][gc,phases    ] GC(0)   Evacuate Collection Set: 44.8ms
[2019-10-10T15:04:02.852-0100][gc,phases    ] GC(0)   Post Evacuate Collection Set: 0.6ms
[2019-10-10T15:04:02.852-0100][gc,phases    ] GC(0)   Other: 13.8ms
[2019-10-10T15:04:02.852-0100][gc,heap      ] GC(0) Eden regions: 25->0(21)
[2019-10-10T15:04:02.852-0100][gc,heap      ] GC(0) Survivor regions: 0->4(4)
[2019-10-10T15:04:02.852-0100][gc,heap      ] GC(0) Old regions: 0->1
[2019-10-10T15:04:02.852-0100][gc,heap      ] GC(0) Archive regions: 2->2
[2019-10-10T15:04:02.852-0100][gc,heap      ] GC(0) Humongous regions: 0->0
[2019-10-10T15:04:02.852-0100][gc,metaspace ] GC(0) Metaspace: 7334K->7334K(1056768K)
[2019-10-10T15:04:02.853-0100][gc           ] GC(0) Pause Young (Normal) (G1 Evacuation Pause) 25M->5M(512M) 60.298ms
[2019-10-10T15:04:02.853-0100][gc,cpu       ] GC(0) User=0.05s Sys=0.16s Real=0.06s
[2019-10-10T15:49:18.537-0100][gc,start     ] GC(1) Pause Young (Normal) (G1 Evacuation Pause)
[2019-10-10T15:49:18.541-0100][gc,task      ] GC(1) Using 8 workers of 8 for evacuation
[2019-10-10T15:49:18.598-0100][gc,mmu       ] GC(1) MMU target violated: 21.0ms (20.0ms/21.0ms)
[2019-10-10T15:49:18.598-0100][gc,phases    ] GC(1)   Pre Evacuate Collection Set: 2.4ms
[2019-10-10T15:49:18.598-0100][gc,phases    ] GC(1)   Evacuate Collection Set: 49.3ms
[2019-10-10T15:49:18.598-0100][gc,phases    ] GC(1)   Post Evacuate Collection Set: 0.5ms
[2019-10-10T15:49:18.598-0100][gc,phases    ] GC(1)   Other: 22.2ms
[2019-10-10T15:49:18.598-0100][gc,heap      ] GC(1) Eden regions: 21->0(24)
[2019-10-10T15:49:18.598-0100][gc,heap      ] GC(1) Survivor regions: 4->1(4)
[2019-10-10T15:49:18.598-0100][gc,heap      ] GC(1) Old regions: 1->5
[2019-10-10T15:49:18.598-0100][gc,heap      ] GC(1) Archive regions: 2->2
[2019-10-10T15:49:18.598-0100][gc,heap      ] GC(1) Humongous regions: 0->0
[2019-10-10T15:49:18.598-0100][gc,metaspace ] GC(1) Metaspace: 7364K->7364K(1056768K)
[2019-10-10T15:49:18.600-0100][gc           ] GC(1) Pause Young (Normal) (G1 Evacuation Pause) 26M->5M(512M) 63.359ms
[2019-10-10T15:49:18.600-0100][gc,cpu       ] GC(1) User=0.04s Sys=0.07s Real=0.07s
[2019-10-10T16:36:31.792-0100][gc,heap,exit ] Heap
[2019-10-10T16:36:31.793-0100][gc,heap,exit ]  garbage-first heap   total 524288K, used 27309K [0x00000007e0000000, 0x0000000800000000)
[2019-10-10T16:36:31.793-0100][gc,heap,exit ]   region size 1024K, 23 young (23552K), 1 survivors (1024K)
[2019-10-10T16:36:31.793-0100][gc,heap,exit ]  Metaspace       used 7369K, capacity 7687K, committed 7936K, reserved 1056768K
[2019-10-10T16:36:31.793-0100][gc,heap,exit ]   class space    used 804K, capacity 903K, committed 1024K, reserved 1048576K
