[2019-10-03T16:00:30.945-0100][gc,heap] Heap region size: 1M
[2019-10-03T16:00:30.954-0100][gc     ] Using G1
[2019-10-03T16:00:30.954-0100][gc,heap,coops] Heap address: 0x00000007e0000000, size: 512 MB, Compressed Oops mode: Zero based, Oop shift amount: 3
[2019-10-03T16:00:30.955-0100][gc,cds       ] Mark closed archive regions in map: [0x00000007fff00000, 0x00000007fff6fff8]
[2019-10-03T16:00:30.955-0100][gc,cds       ] Mark open archive regions in map: [0x00000007ffe00000, 0x00000007ffe45ff8]
[2019-10-03T16:00:30.976-0100][gc           ] Periodic GC disabled
[2019-10-03T16:45:02.528-0100][gc,start     ] GC(0) Pause Young (Normal) (G1 Evacuation Pause)
[2019-10-03T16:45:02.544-0100][gc,task      ] GC(0) Using 8 workers of 8 for evacuation
[2019-10-03T16:45:02.839-0100][gc,mmu       ] GC(0) MMU target violated: 21.0ms (20.0ms/21.0ms)
[2019-10-03T16:45:02.840-0100][gc,phases    ] GC(0)   Pre Evacuate Collection Set: 9.0ms
[2019-10-03T16:45:02.840-0100][gc,phases    ] GC(0)   Evacuate Collection Set: 276.2ms
[2019-10-03T16:45:02.840-0100][gc,phases    ] GC(0)   Post Evacuate Collection Set: 2.0ms
[2019-10-03T16:45:02.840-0100][gc,phases    ] GC(0)   Other: 29.7ms
[2019-10-03T16:45:02.840-0100][gc,heap      ] GC(0) Eden regions: 25->0(21)
[2019-10-03T16:45:02.840-0100][gc,heap      ] GC(0) Survivor regions: 0->4(4)
[2019-10-03T16:45:02.840-0100][gc,heap      ] GC(0) Old regions: 0->1
[2019-10-03T16:45:02.840-0100][gc,heap      ] GC(0) Archive regions: 2->2
[2019-10-03T16:45:02.840-0100][gc,heap      ] GC(0) Humongous regions: 0->0
[2019-10-03T16:45:02.841-0100][gc,metaspace ] GC(0) Metaspace: 7486K->7486K(1056768K)
[2019-10-03T16:45:02.842-0100][gc           ] GC(0) Pause Young (Normal) (G1 Evacuation Pause) 25M->5M(512M) 313.829ms
[2019-10-03T16:45:02.842-0100][gc,cpu       ] GC(0) User=0.04s Sys=0.14s Real=0.32s
[2019-10-03T23:50:57.892-0100][gc,start     ] GC(1) Pause Young (Normal) (G1 Evacuation Pause)
[2019-10-03T23:50:57.895-0100][gc,task      ] GC(1) Using 8 workers of 8 for evacuation
[2019-10-03T23:50:58.458-0100][gc,mmu       ] GC(1) MMU target violated: 21.0ms (20.0ms/21.0ms)
[2019-10-03T23:50:58.458-0100][gc,phases    ] GC(1)   Pre Evacuate Collection Set: 18.8ms
[2019-10-03T23:50:58.458-0100][gc,phases    ] GC(1)   Evacuate Collection Set: 528.1ms
[2019-10-03T23:50:58.458-0100][gc,phases    ] GC(1)   Post Evacuate Collection Set: 3.6ms
[2019-10-03T23:50:58.458-0100][gc,phases    ] GC(1)   Other: 18.1ms
[2019-10-03T23:50:58.458-0100][gc,heap      ] GC(1) Eden regions: 21->0(24)
[2019-10-03T23:50:58.458-0100][gc,heap      ] GC(1) Survivor regions: 4->1(4)
[2019-10-03T23:50:58.458-0100][gc,heap      ] GC(1) Old regions: 1->5
[2019-10-03T23:50:58.458-0100][gc,heap      ] GC(1) Archive regions: 2->2
[2019-10-03T23:50:58.458-0100][gc,heap      ] GC(1) Humongous regions: 0->0
[2019-10-03T23:50:58.458-0100][gc,metaspace ] GC(1) Metaspace: 7508K->7508K(1056768K)
[2019-10-03T23:50:58.461-0100][gc           ] GC(1) Pause Young (Normal) (G1 Evacuation Pause) 26M->5M(512M) 568.290ms
[2019-10-03T23:50:58.461-0100][gc,cpu       ] GC(1) User=0.05s Sys=0.17s Real=0.57s
[2019-10-04T05:00:17.226-0100][gc,start     ] GC(2) Pause Young (Normal) (G1 Evacuation Pause)
[2019-10-04T05:00:17.234-0100][gc,task      ] GC(2) Using 8 workers of 8 for evacuation
[2019-10-04T05:00:17.295-0100][gc,mmu       ] GC(2) MMU target violated: 21.0ms (20.0ms/21.0ms)
[2019-10-04T05:00:17.295-0100][gc,phases    ] GC(2)   Pre Evacuate Collection Set: 5.1ms
[2019-10-04T05:00:17.295-0100][gc,phases    ] GC(2)   Evacuate Collection Set: 52.0ms
[2019-10-04T05:00:17.295-0100][gc,phases    ] GC(2)   Post Evacuate Collection Set: 0.4ms
[2019-10-04T05:00:17.296-0100][gc,phases    ] GC(2)   Other: 18.7ms
[2019-10-04T05:00:17.297-0100][gc,heap      ] GC(2) Eden regions: 24->0(24)
[2019-10-04T05:00:17.297-0100][gc,heap      ] GC(2) Survivor regions: 1->1(4)
[2019-10-04T05:00:17.297-0100][gc,heap      ] GC(2) Old regions: 5->5
[2019-10-04T05:00:17.297-0100][gc,heap      ] GC(2) Archive regions: 2->2
[2019-10-04T05:00:17.297-0100][gc,heap      ] GC(2) Humongous regions: 0->0
[2019-10-04T05:00:17.297-0100][gc,metaspace ] GC(2) Metaspace: 7524K->7524K(1056768K)
[2019-10-04T05:00:17.297-0100][gc           ] GC(2) Pause Young (Normal) (G1 Evacuation Pause) 29M->5M(512M) 70.369ms
[2019-10-04T05:00:17.297-0100][gc,cpu       ] GC(2) User=0.01s Sys=0.03s Real=0.07s
[2019-10-04T08:36:40.852-0100][gc,heap,exit ] Heap
[2019-10-04T08:36:40.900-0100][gc,heap,exit ]  garbage-first heap   total 524288K, used 21153K [0x00000007e0000000, 0x0000000800000000)
[2019-10-04T08:36:40.900-0100][gc,heap,exit ]   region size 1024K, 17 young (17408K), 1 survivors (1024K)
[2019-10-04T08:36:40.900-0100][gc,heap,exit ]  Metaspace       used 7532K, capacity 7848K, committed 8192K, reserved 1056768K
[2019-10-04T08:36:40.900-0100][gc,heap,exit ]   class space    used 816K, capacity 935K, committed 1024K, reserved 1048576K
